
Allocating common symbols
Common symbol       size              file

level0Fn            0x4               target/kernel/main.o
gp_readyHeads       0xc               target/kernel/main.o
gp_curProc          0x4               target/kernel/main.o
gp_heldHead         0x4               target/kernel/main.o
inode_table         0xb00             target/kernel/main.o
sysProcStack        0x18c00           target/kernel/main.o
proc_in_use         0x4               target/kernel/main.o
g_procs             0x1fb0            target/kernel/main.o
superBlocks         0x1e0             target/kernel/main.o
g_tss               0x68              target/kernel/main.o
gp_bootParam        0x4               target/kernel/main.o
mm_who              0x4               target/kernel/main.o
gp_idt              0x6               target/kernel/main.o
pcaller             0x4               target/kernel/main.o
dd_map              0x18              target/kernel/main.o
mmsg_in             0x24              target/kernel/main.o
gp_billProc         0x4               target/kernel/main.o
mmProcs             0x900             target/kernel/mm.o
nrCurConsole        0x4               target/kernel/main.o
fs_msg              0x24              target/kernel/main.o
f_desc_table        0x400             target/kernel/main.o
g_dispPosition      0x4               target/kernel/main.o
kernelReenter       0x1               target/kernel/main.o
gp_procs            0x9c              target/kernel/main.o
fsbuf               0x4               target/kernel/main.o
gp_gdt              0x6               target/kernel/main.o
root_inode          0x4               target/kernel/main.o
g_kernelMap         0x8               target/kernel/main.o
g_irqHandlers       0x40              target/kernel/main.o
nodes               0xbfff4           target/kernel/mm.o
g_gdt               0x160             target/kernel/main.o
consoles            0x30              target/kernel/main.o
curr_mp             0x4               target/kernel/main.o
gp_readyTails       0xc               target/kernel/main.o
ttys                0xc30             target/kernel/main.o
gp_heldTail         0x4               target/kernel/main.o

Discarded input sections

 .note.GNU-stack
                0x00000000        0x0 target/kernel/main.o
 .note.GNU-stack
                0x00000000        0x0 target/kernel/protect.o
 .note.GNU-stack
                0x00000000        0x0 target/kernel/init_c.o
 .note.GNU-stack
                0x00000000        0x0 target/kernel/exception.o
 .note.GNU-stack
                0x00000000        0x0 target/kernel/panic.o
 .note.GNU-stack
                0x00000000        0x0 target/kernel/i8259.o
 .note.GNU-stack
                0x00000000        0x0 target/kernel/clock.o
 .note.GNU-stack
                0x00000000        0x0 target/kernel/process.o
 .note.GNU-stack
                0x00000000        0x0 target/kernel/ipc.o
 .note.GNU-stack
                0x00000000        0x0 target/kernel/dump.o
 .note.GNU-stack
                0x00000000        0x0 target/kernel/keyboard.o
 .note.GNU-stack
                0x00000000        0x0 target/kernel/tty.o
 .note.GNU-stack
                0x00000000        0x0 target/kernel/console.o
 .note.GNU-stack
                0x00000000        0x0 target/kernel/idle.o
 .note.GNU-stack
                0x00000000        0x0 target/kernel/alloc.o
 .note.GNU-stack
                0x00000000        0x0 target/kernel/mm.o
 .note.GNU-stack
                0x00000000        0x0 target/kernel/fork.o
 .note.GNU-stack
                0x00000000        0x0 target/kernel/mem_map.o
 .note.GNU-stack
                0x00000000        0x0 target/kernel/exit.o
 .note.GNU-stack
                0x00000000        0x0 target/kernel/wait.o
 .note.GNU-stack
                0x00000000        0x0 target/kernel/at_wini.o
 .note.GNU-stack
                0x00000000        0x0 target/kernel/fs.o
 .note.GNU-stack
                0x00000000        0x0 target/lib/ansi/memcmp.o
 .note.GNU-stack
                0x00000000        0x0 target/lib/ansi/cstring.o
 .note.GNU-stack
                0x00000000        0x0 target/lib/stdio/kprintf.o

Memory Configuration

Name             Origin             Length             Attributes
*default*        0x00000000         0xffffffff

Linker script and memory map

Address of section .text set to 0x100000
LOAD target/kernel/kernel.o
LOAD target/kernel/main.o
LOAD target/kernel/kernel_i386lib.o
LOAD target/kernel/protect.o
LOAD target/kernel/init_c.o
LOAD target/kernel/exception.o
LOAD target/kernel/panic.o
LOAD target/kernel/i8259.o
LOAD target/kernel/clock.o
LOAD target/kernel/process.o
LOAD target/kernel/ipc.o
LOAD target/kernel/dump.o
LOAD target/kernel/keyboard.o
LOAD target/kernel/tty.o
LOAD target/kernel/console.o
LOAD target/kernel/idle.o
LOAD target/kernel/alloc.o
LOAD target/kernel/mm.o
LOAD target/kernel/fork.o
LOAD target/kernel/mem_map.o
LOAD target/kernel/exit.o
LOAD target/kernel/wait.o
LOAD target/kernel/at_wini.o
LOAD target/kernel/fs.o
LOAD target/lib/ansi/string.o
LOAD target/lib/ansi/memcmp.o
LOAD target/lib/ansi/cstring.o
LOAD target/lib/stdio/kprintf.o
LOAD target/lib/i386/ipc/ipc.o
                0x08048000                PROVIDE (__executable_start, 0x8048000)
                0x08048094                . = (0x8048000 + SIZEOF_HEADERS)

.interp
 *(.interp)

.hash
 *(.hash)

.gnu.hash
 *(.gnu.hash)

.dynsym
 *(.dynsym)

.dynstr
 *(.dynstr)

.gnu.version
 *(.gnu.version)

.gnu.version_d
 *(.gnu.version_d)

.gnu.version_r
 *(.gnu.version_r)

.rel.dyn        0x08048094        0x0
 *(.rel.init)
 *(.rel.text .rel.text.* .rel.gnu.linkonce.t.*)
 .rel.text      0x00000000        0x0 target/kernel/kernel.o
 *(.rel.fini)
 *(.rel.rodata .rel.rodata.* .rel.gnu.linkonce.r.*)
 *(.rel.data.rel.ro* .rel.gnu.linkonce.d.rel.ro.*)
 *(.rel.data .rel.data.* .rel.gnu.linkonce.d.*)
 .rel.data      0x00000000        0x0 target/kernel/kernel.o
 *(.rel.tdata .rel.tdata.* .rel.gnu.linkonce.td.*)
 *(.rel.tbss .rel.tbss.* .rel.gnu.linkonce.tb.*)
 *(.rel.ctors)
 *(.rel.dtors)
 *(.rel.got)
 *(.rel.bss .rel.bss.* .rel.gnu.linkonce.b.*)

.rela.dyn
 *(.rela.init)
 *(.rela.text .rela.text.* .rela.gnu.linkonce.t.*)
 *(.rela.fini)
 *(.rela.rodata .rela.rodata.* .rela.gnu.linkonce.r.*)
 *(.rela.data .rela.data.* .rela.gnu.linkonce.d.*)
 *(.rela.tdata .rela.tdata.* .rela.gnu.linkonce.td.*)
 *(.rela.tbss .rela.tbss.* .rela.gnu.linkonce.tb.*)
 *(.rela.ctors)
 *(.rela.dtors)
 *(.rela.got)
 *(.rela.bss .rela.bss.* .rela.gnu.linkonce.b.*)

.rel.plt
 *(.rel.plt)

.rela.plt
 *(.rela.plt)

.init
 *(.init)

.plt
 *(.plt)

.text           0x00100000     0x6a59
 *(.text .stub .text.* .gnu.linkonce.t.*)
 .text          0x00100000       0x3f target/kernel/kernel.o
                0x00100000                _start
 *fill*         0x0010003f        0x1 90909090
 .text          0x00100040      0x25b target/kernel/main.o
                0x00100040                aos_main
 *fill*         0x0010029b        0x5 90909090
 .text          0x001002a0      0x76d target/kernel/kernel_i386lib.o
                0x0010043b                cpu_halt
                0x00100720                hwint08
                0x00100385                invalid_opcode
                0x0010030d                divide_error
                0x001003bc                coop_proc_seg_oob
                0x001002a0                phys_copy
                0x001009c0                level0
                0x0010045e                port_read
                0x00100820                hwint12
                0x001003fd                general_protection
                0x001009ad                level0_sys_call
                0x0010035d                over_flow
                0x001004f0                enable_irq
                0x00100860                hwint13
                0x00100760                hwint09
                0x001008e0                hwint15
                0x00100520                hwint00
                0x001009f6                park_sys_call
                0x001005e0                hwint03
                0x001003df                segment_not_present
                0x0010041b                math_fault
                0x001004a0                interrupt_unlock
                0x00100a01                unpark_sys_call
                0x001007a0                hwint10
                0x00100947                aos_sys_call
                0x00100349                break_point
                0x00100560                hwint01
                0x00100450                out_byte
                0x00100321                debug_exception
                0x001005a0                hwint02
                0x001003ad                double_fault
                0x001002d0                low_print
                0x00100660                hwint05
                0x00100471                port_write
                0x00100335                non_maskable_int
                0x001009d0                msg_copy
                0x001008a0                hwint14
                0x00100440                in_byte
                0x0010040c                page_fault
                0x00100371                out_of_bounds
                0x001009a9                halt
                0x001006a0                hwint06
                0x00100620                hwint04
                0x001003d0                invalid_tss
                0x0010097c                restart
                0x001006e0                hwint07
                0x001003ee                stack_exception
                0x00100490                interrupt_lock
                0x001007e0                hwint11
                0x001009e7                cmos_read
                0x00100399                dev_not_available
                0x001004b0                disable_irq
 *fill*         0x00100a0d        0x3 90909090
 .text          0x00100a10      0x258 target/kernel/protect.o
                0x00100b97                init_segment_desc
                0x00100a10                init_protect
 .text          0x00100c68       0x59 target/kernel/init_c.o
                0x00100c68                init_c
 *fill*         0x00100cc1        0x3 90909090
 .text          0x00100cc4       0x6e target/kernel/exception.o
                0x00100cc4                exception_handler
 *fill*         0x00100d32        0x2 90909090
 .text          0x00100d34       0xc3 target/kernel/panic.o
                0x00100d34                panic
                0x00100dba                bad_compare
                0x00100d7d                bad_assertion
 *fill*         0x00100df7        0x1 90909090
 .text          0x00100df8      0x140 target/kernel/i8259.o
                0x00100df8                init_8259A
                0x00100ee9                put_irq_handler
 .text          0x00100f38      0x65f target/kernel/clock.o
                0x00100f38                clock_task
                0x0010120d                milli_delay
                0x00101571                clock_get_uptime
                0x0010105b                get_rtc_time
 *fill*         0x00101597        0x1 90909090
 .text          0x00101598      0x542 target/kernel/process.o
                0x0010199c                lock_hunter
                0x001017f2                schedule_stop
                0x001019b7                lock_ready
                0x00101936                unhold
                0x00101652                unready
                0x001019f9                lock_schedule
                0x001019d8                lock_unready
                0x00101801                interrupt
                0x00101598                ready
 *fill*         0x00101ada        0x2 90909090
 .text          0x00101adc      0x5d6 target/kernel/ipc.o
                0x00102008                rm_proc_from_waiters
                0x00101c29                aos_send
                0x00101adc                sys_call
                0x00101f1c                aos_park
                0x00101de7                aos_receive
                0x00101f60                aos_unpark
 *fill*         0x001020b2        0x2 90909090
 .text          0x001020b4      0x324 target/kernel/dump.o
                0x001020b4                proc_dump
                0x001022dd                map_dump
 .text          0x001023d8      0x692 target/kernel/keyboard.o
                0x001023d8                keyboard_handler
                0x001024cf                keyboard_read
                0x001024c5                kb_in_count
                0x00102465                init_keyboard
 *fill*         0x00102a6a        0x2 90909090
 .text          0x00102a6c      0x4f6 target/kernel/tty.o
                0x00102afc                in_process
                0x00102c11                is_cur_console
                0x00102a6c                tty_task
 *fill*         0x00102f62        0x2 90909090
 .text          0x00102f64      0x411 target/kernel/console.o
                0x001031c2                select_console
                0x001030a1                init_screen
                0x00103208                scroll_screen
                0x00102f64                out_char
 *fill*         0x00103375        0x3 90909090
 .text          0x00103378       0x14 target/kernel/idle.o
                0x00103378                idle_task
 .text          0x0010338c      0x56e target/kernel/alloc.o
                0x0010347c                alloc
                0x0010338c                mem_init
                0x001038d3                mem_dump
                0x00103505                free
 *fill*         0x001038fa        0x2 90909090
 .text          0x001038fc      0x11f target/kernel/mm.o
                0x001039f2                set_reply
                0x001038fc                mm_task
 *fill*         0x00103a1b        0x1 90909090
 .text          0x00103a1c      0x313 target/kernel/fork.o
                0x00103a1c                fork
 *fill*         0x00103d2f        0x1 90909090
 .text          0x00103d30      0x15d target/kernel/mem_map.o
                0x00103d30                new_mem_map
                0x00103e3e                get_mem_map
 *fill*         0x00103e8d        0x3 90909090
 .text          0x00103e90      0x2ba target/kernel/exit.o
                0x001040ef                exit_cleanup
                0x00103e90                exit
 *fill*         0x0010414a        0x2 90909090
 .text          0x0010414c      0x101 target/kernel/wait.o
                0x00104168                waitpid
                0x0010414c                wait
 *fill*         0x0010424d        0x3 90909090
 .text          0x00104250     0x10f8 target/kernel/at_wini.o
                0x00104250                at_winchester_task
 .text          0x00105348     0x10b8 target/kernel/fs.o
                0x0010586a                get_super_block
                0x001058b9                get_inode
                0x00105348                fs_task
                0x001062cc                sync_inode
                0x00105621                rw_sector
                0x00105a45                put_inode
 .text          0x00106400       0x81 target/lib/ansi/memcmp.o
                0x00106400                memcmp
 *fill*         0x00106481        0x3 90909090
 .text          0x00106484      0x12b target/lib/ansi/cstring.o
                0x00106484                strncmp
                0x0010652a                strcmp
 *fill*         0x001065af        0x1 90909090
 .text          0x001065b0      0x4a9 target/lib/stdio/kprintf.o
                0x001065b0                kprintf
                0x00106610                fmt_string
 *(.text.*personality*)
 *(.gnu.warning)

.fini
 *(.fini)
                0x00106a59                PROVIDE (__etext, .)
                0x00106a59                PROVIDE (_etext, .)
                0x00106a59                PROVIDE (etext, .)

.rodata         0x00106a60      0xd8c
 *(.rodata .rodata.* .gnu.linkonce.r.*)
 .rodata        0x00106a60       0x11 target/kernel/main.o
 .rodata        0x00106a71       0x1b target/kernel/init_c.o
 .rodata        0x00106a8c      0x1f8 target/kernel/exception.o
 .rodata        0x00106c84       0xb7 target/kernel/panic.o
 *fill*         0x00106d3b        0x1 00
 .rodata        0x00106d3c       0x25 target/kernel/i8259.o
 *fill*         0x00106d61        0x3 00
 .rodata        0x00106d64       0xf2 target/kernel/clock.o
 .rodata        0x00106e56       0x17 target/kernel/process.o
 *fill*         0x00106e6d        0x3 00
 .rodata        0x00106e70       0x43 target/kernel/ipc.o
 *fill*         0x00106eb3        0x1 00
 .rodata        0x00106eb4       0xe4 target/kernel/dump.o
 .rodata        0x00106f98       0x64 target/kernel/keyboard.o
 .rodata        0x00106ffc      0x108 target/kernel/tty.o
 .rodata        0x00107104       0x77 target/kernel/alloc.o
 *fill*         0x0010717b        0x1 00
 .rodata        0x0010717c       0x3c target/kernel/mm.o
 .rodata        0x001071b8       0x40 target/kernel/fork.o
 .rodata        0x001071f8       0x21 target/kernel/mem_map.o
 *fill*         0x00107219        0x3 00
 .rodata        0x0010721c       0x7b target/kernel/exit.o
 *fill*         0x00107297        0x1 00
 .rodata        0x00107298      0x27c target/kernel/at_wini.o
 .rodata        0x00107514      0x185 target/kernel/fs.o
                0x00107514                FSBUF_SIZE
 *fill*         0x00107699        0x3 00
 .rodata        0x0010769c      0x150 target/lib/stdio/kprintf.o

.lib            0x001077ec       0xc0
 .lib           0x001077ec       0x7e target/lib/ansi/string.o
                0x0010783c                strcpy
                0x001077ec                memcpy
                0x00107818                memset
                0x00107854                strlen
 .lib           0x0010786a       0x42 target/lib/i386/ipc/ipc.o
                0x00107882                send_rec
                0x001078a2                park
                0x0010786a                send
                0x001078a5                unpark
                0x00107876                receive
                0x0010788e                in_outbox

.rodata1
 *(.rodata1)

.eh_frame_hdr
 *(.eh_frame_hdr)

.eh_frame
 *(.eh_frame)

.gcc_except_table
 *(.gcc_except_table .gcc_except_table.*)
                0x001078ac                . = (ALIGN (0x1000) - ((0x1000 - .) & 0xfff))
                0x00108000                . = (0x1000 DATA_SEGMENT_ALIGN 0x1000)

.eh_frame
 *(.eh_frame)

.gcc_except_table
 *(.gcc_except_table .gcc_except_table.*)

.tdata
 *(.tdata .tdata.* .gnu.linkonce.td.*)

.tbss
 *(.tbss .tbss.* .gnu.linkonce.tb.*)
 *(.tcommon)

.preinit_array  0x00108000        0x0
                0x00108000                PROVIDE (__preinit_array_start, .)
 *(.preinit_array)
                0x00108000                PROVIDE (__preinit_array_end, .)

.init_array     0x00108000        0x0
                0x00108000                PROVIDE (__init_array_start, .)
 *(SORT(.init_array.*))
 *(.init_array)
                0x00108000                PROVIDE (__init_array_end, .)

.fini_array     0x00108000        0x0
                0x00108000                PROVIDE (__fini_array_start, .)
 *(.fini_array)
 *(SORT(.fini_array.*))
                0x00108000                PROVIDE (__fini_array_end, .)

.ctors
 *crtbegin.o(.ctors)
 *crtbegin?.o(.ctors)
 *(EXCLUDE_FILE(*crtend?.o *crtend.o) .ctors)
 *(SORT(.ctors.*))
 *(.ctors)

.dtors
 *crtbegin.o(.dtors)
 *crtbegin?.o(.dtors)
 *(EXCLUDE_FILE(*crtend?.o *crtend.o) .dtors)
 *(SORT(.dtors.*))
 *(.dtors)

.jcr
 *(.jcr)

.data.rel.ro
 *(.data.rel.ro.local* .gnu.linkonce.d.rel.ro.local.*)
 *(.data.rel.ro* .gnu.linkonce.d.rel.ro.*)

.dynamic
 *(.dynamic)

.got
 *(.got)
                0x00108000                . = (. DATA_SEGMENT_RELRO_END 0xc)

.got.plt
 *(.got.plt)

.data           0x00108000      0x9a6
 *(.data .data.* .gnu.linkonce.d.*)
 .data          0x00108000        0x1 target/kernel/kernel.o
 *fill*         0x00108001       0x1f 00
 .data          0x00108020       0xa8 target/kernel/main.o
                0x00108020                sysProcs
 *fill*         0x001080c8       0x18 00
 .data          0x001080e0      0x1b0 target/kernel/protect.o
                0x001080e0                s_initGateInfos
 .data          0x00108290        0x0 target/kernel/init_c.o
 *fill*         0x00108290       0x10 00
 .data          0x001082a0       0x44 target/kernel/exception.o
 .data          0x001082e4        0x0 target/kernel/panic.o
 .data          0x001082e4        0x0 target/kernel/i8259.o
 *fill*         0x001082e4       0x1c 00
 .data          0x00108300       0x50 target/kernel/clock.o
 .data          0x00108350        0x0 target/kernel/process.o
 .data          0x00108350        0x0 target/kernel/ipc.o
 .data          0x00108350        0x8 target/kernel/dump.o
 *fill*         0x00108358        0x8 00
 .data          0x00108360      0x600 target/kernel/keyboard.o
                0x00108360                keyMap
 .data          0x00108960       0x20 target/kernel/tty.o
 .data          0x00108980        0x0 target/kernel/console.o
 .data          0x00108980        0x0 target/kernel/idle.o
 .data          0x00108980        0x0 target/kernel/alloc.o
 .data          0x00108980        0x0 target/kernel/mm.o
 .data          0x00108980        0x4 target/kernel/fork.o
 .data          0x00108984        0x0 target/kernel/mem_map.o
 .data          0x00108984        0x0 target/kernel/exit.o
 .data          0x00108984        0x0 target/kernel/wait.o
 .data          0x00108984        0x0 target/kernel/at_wini.o
 .data          0x00108984        0x0 target/kernel/fs.o
 .data          0x00108984        0x0 target/lib/ansi/memcmp.o
 .data          0x00108984        0x0 target/lib/ansi/cstring.o
 .data          0x00108984       0x22 target/lib/stdio/kprintf.o
 *(.gnu.linkonce.d.*personality*)

.data1
 *(.data1)
                0x001089a6                _edata = .
                0x001089a6                PROVIDE (edata, .)
                0x001089a6                __bss_start = .

.bss            0x001089c0    0xdedf4
 *(.dynbss)
 *(.bss .bss.* .gnu.linkonce.b.*)
 .bss           0x001089c0      0x800 target/kernel/kernel.o
                0x001091c0                STACK_TOP
 .bss           0x001091c0        0x0 target/kernel/main.o
 .bss           0x001091c0      0x4a8 target/kernel/protect.o
 .bss           0x00109668        0x0 target/kernel/init_c.o
 .bss           0x00109668        0x0 target/kernel/exception.o
 .bss           0x00109668        0x0 target/kernel/panic.o
 .bss           0x00109668        0x0 target/kernel/i8259.o
 *fill*         0x00109668       0x18 00
 .bss           0x00109680       0x50 target/kernel/clock.o
 .bss           0x001096d0        0x1 target/kernel/process.o
 *fill*         0x001096d1        0xf 00
 .bss           0x001096e0       0xdc target/kernel/ipc.o
 .bss           0x001097bc        0x0 target/kernel/dump.o
 *fill*         0x001097bc        0x4 00
 .bss           0x001097c0       0x84 target/kernel/keyboard.o
 *fill*         0x00109844       0x1c 00
 .bss           0x00109860      0x160 target/kernel/tty.o
 .bss           0x001099c0        0x0 target/kernel/console.o
 .bss           0x001099c0        0x0 target/kernel/idle.o
 .bss           0x001099c0        0x8 target/kernel/alloc.o
 *fill*         0x001099c8       0x18 00
 .bss           0x001099e0       0x24 target/kernel/mm.o
 .bss           0x00109a04        0x0 target/kernel/fork.o
 .bss           0x00109a04        0x0 target/kernel/mem_map.o
 .bss           0x00109a04        0x0 target/kernel/exit.o
 .bss           0x00109a04        0x0 target/kernel/wait.o
 *fill*         0x00109a04       0x1c 00
 .bss           0x00109a20      0x6ac target/kernel/at_wini.o
 *fill*         0x0010a0cc       0x14 00
 .bss           0x0010a0e0       0x28 target/kernel/fs.o
 .bss           0x0010a108        0x0 target/lib/ansi/memcmp.o
 .bss           0x0010a108        0x0 target/lib/ansi/cstring.o
 *fill*         0x0010a108       0x18 00
 .bss           0x0010a120       0xa0 target/lib/stdio/kprintf.o
 *(COMMON)
 COMMON         0x0010a1c0    0x1ccf4 target/kernel/main.o
                0x0010a1c0                level0Fn
                0x0010a1c4                gp_readyHeads
                0x0010a1d0                gp_curProc
                0x0010a1d4                gp_heldHead
                0x0010a1e0                inode_table
                0x0010ace0                sysProcStack
                0x001238e0                proc_in_use
                0x00123900                g_procs
                0x001258c0                superBlocks
                0x00125aa0                g_tss
                0x00125b08                gp_bootParam
                0x00125b0c                mm_who
                0x00125b10                gp_idt
                0x00125b18                pcaller
                0x00125b1c                dd_map
                0x00125b40                mmsg_in
                0x00125b64                gp_billProc
                0x00125b68                nrCurConsole
                0x00125b80                fs_msg
                0x00125bc0                f_desc_table
                0x00125fc0                g_dispPosition
                0x00125fc4                kernelReenter
                0x00125fe0                gp_procs
                0x0012607c                fsbuf
                0x00126080                gp_gdt
                0x00126088                root_inode
                0x0012608c                g_kernelMap
                0x001260a0                g_irqHandlers
                0x001260e0                g_gdt
                0x00126240                consoles
                0x00126270                curr_mp
                0x00126274                gp_readyTails
                0x00126280                ttys
                0x00126eb0                gp_heldTail
 *fill*         0x00126eb4        0xc 00
 COMMON         0x00126ec0    0xc08f4 target/kernel/mm.o
                0x00126ec0                mmProcs
                0x001277c0                nodes
                0x001e77b4                . = ALIGN ((. != 0x0)?0x4:0x1)
                0x001e77b4                . = ALIGN (0x4)
                0x001e77b4                . = ALIGN (0x4)
                0x001e77b4                _end = .
                0x001e77b4                PROVIDE (end, .)
                0x001e77b4                . = DATA_SEGMENT_END (.)

.stab
 *(.stab)

.stabstr
 *(.stabstr)

.stab.excl
 *(.stab.excl)

.stab.exclstr
 *(.stab.exclstr)

.stab.index
 *(.stab.index)

.stab.indexstr
 *(.stab.indexstr)

.comment        0x00000000      0x4fa
 *(.comment)
 .comment       0x00000000       0x1f target/kernel/kernel.o
 .comment       0x0000001f       0x2e target/kernel/main.o
 .comment       0x0000004d       0x1f target/kernel/kernel_i386lib.o
 .comment       0x0000006c       0x2e target/kernel/protect.o
 .comment       0x0000009a       0x2e target/kernel/init_c.o
 .comment       0x000000c8       0x2e target/kernel/exception.o
 .comment       0x000000f6       0x2e target/kernel/panic.o
 .comment       0x00000124       0x2e target/kernel/i8259.o
 .comment       0x00000152       0x2e target/kernel/clock.o
 .comment       0x00000180       0x2e target/kernel/process.o
 .comment       0x000001ae       0x2e target/kernel/ipc.o
 .comment       0x000001dc       0x2e target/kernel/dump.o
 .comment       0x0000020a       0x2e target/kernel/keyboard.o
 .comment       0x00000238       0x2e target/kernel/tty.o
 .comment       0x00000266       0x2e target/kernel/console.o
 .comment       0x00000294       0x2e target/kernel/idle.o
 .comment       0x000002c2       0x2e target/kernel/alloc.o
 .comment       0x000002f0       0x2e target/kernel/mm.o
 .comment       0x0000031e       0x2e target/kernel/fork.o
 .comment       0x0000034c       0x2e target/kernel/mem_map.o
 .comment       0x0000037a       0x2e target/kernel/exit.o
 .comment       0x000003a8       0x2e target/kernel/wait.o
 .comment       0x000003d6       0x2e target/kernel/at_wini.o
 .comment       0x00000404       0x2e target/kernel/fs.o
 .comment       0x00000432       0x1f target/lib/ansi/string.o
 .comment       0x00000451       0x2e target/lib/ansi/memcmp.o
 .comment       0x0000047f       0x2e target/lib/ansi/cstring.o
 .comment       0x000004ad       0x2e target/lib/stdio/kprintf.o
 .comment       0x000004db       0x1f target/lib/i386/ipc/ipc.o

.debug
 *(.debug)

.line
 *(.line)

.debug_srcinfo
 *(.debug_srcinfo)

.debug_sfnames
 *(.debug_sfnames)

.debug_aranges
 *(.debug_aranges)

.debug_pubnames
 *(.debug_pubnames)

.debug_info
 *(.debug_info .gnu.linkonce.wi.*)

.debug_abbrev
 *(.debug_abbrev)

.debug_line
 *(.debug_line)

.debug_frame
 *(.debug_frame)

.debug_str
 *(.debug_str)

.debug_loc
 *(.debug_loc)

.debug_macinfo
 *(.debug_macinfo)

.debug_weaknames
 *(.debug_weaknames)

.debug_funcnames
 *(.debug_funcnames)

.debug_typenames
 *(.debug_typenames)

.debug_varnames
 *(.debug_varnames)

.debug_pubtypes
 *(.debug_pubtypes)

.debug_ranges
 *(.debug_ranges)

/DISCARD/
 *(.note.GNU-stack)
OUTPUT(target/kernel/kernel.bin elf32-i386)
