
Allocating common symbols
Common symbol       size              file

g_tss               0x68              target/kernel/protect.o
gp_bootParam        0x4               target/kernel/protect.o
gp_idt              0x6               target/kernel/protect.o
gp_gdt              0x6               target/kernel/protect.o
g_display_position  0x4               target/kernel/protect.o
g_gdt               0x8               target/kernel/protect.o

Discarded input sections

 .note.GNU-stack
                0x00000000        0x0 target/kernel/main.o
 .note.GNU-stack
                0x00000000        0x0 target/kernel/protect.o
 .note.GNU-stack
                0x00000000        0x0 target/kernel/init_c.o
 .note.GNU-stack
                0x00000000        0x0 target/kernel/exception.o
 .note.GNU-stack
                0x00000000        0x0 target/lib/ansi/memcmp.o
 .note.GNU-stack
                0x00000000        0x0 target/lib/ansi/cstring.o

Memory Configuration

Name             Origin             Length             Attributes
*default*        0x00000000         0xffffffff

Linker script and memory map

Address of section .text set to 0x1000
LOAD target/kernel/kernel.o
LOAD target/kernel/main.o
LOAD target/kernel/kernel_i386lib.o
LOAD target/kernel/protect.o
LOAD target/kernel/init_c.o
LOAD target/kernel/exception.o
LOAD target/lib/ansi/string.o
LOAD target/lib/ansi/memcmp.o
LOAD target/lib/ansi/cstring.o
                0x08048000                PROVIDE (__executable_start, 0x8048000)
                0x08048094                . = (0x8048000 + SIZEOF_HEADERS)

.interp
 *(.interp)

.hash
 *(.hash)

.gnu.hash
 *(.gnu.hash)

.dynsym
 *(.dynsym)

.dynstr
 *(.dynstr)

.gnu.version
 *(.gnu.version)

.gnu.version_d
 *(.gnu.version_d)

.gnu.version_r
 *(.gnu.version_r)

.rel.dyn        0x08048094        0x0
 *(.rel.init)
 *(.rel.text .rel.text.* .rel.gnu.linkonce.t.*)
 .rel.text      0x00000000        0x0 target/kernel/kernel.o
 *(.rel.fini)
 *(.rel.rodata .rel.rodata.* .rel.gnu.linkonce.r.*)
 *(.rel.data.rel.ro* .rel.gnu.linkonce.d.rel.ro.*)
 *(.rel.data .rel.data.* .rel.gnu.linkonce.d.*)
 *(.rel.tdata .rel.tdata.* .rel.gnu.linkonce.td.*)
 *(.rel.tbss .rel.tbss.* .rel.gnu.linkonce.tb.*)
 *(.rel.ctors)
 *(.rel.dtors)
 *(.rel.got)
 *(.rel.bss .rel.bss.* .rel.gnu.linkonce.b.*)

.rela.dyn
 *(.rela.init)
 *(.rela.text .rela.text.* .rela.gnu.linkonce.t.*)
 *(.rela.fini)
 *(.rela.rodata .rela.rodata.* .rela.gnu.linkonce.r.*)
 *(.rela.data .rela.data.* .rela.gnu.linkonce.d.*)
 *(.rela.tdata .rela.tdata.* .rela.gnu.linkonce.td.*)
 *(.rela.tbss .rela.tbss.* .rela.gnu.linkonce.tb.*)
 *(.rela.ctors)
 *(.rela.dtors)
 *(.rela.got)
 *(.rela.bss .rela.bss.* .rela.gnu.linkonce.b.*)

.rel.plt
 *(.rel.plt)

.rela.plt
 *(.rela.plt)

.init
 *(.init)

.plt
 *(.plt)

.text           0x00001000      0x613
 *(.text .stub .text.* .gnu.linkonce.t.*)
 .text          0x00001000       0x3f target/kernel/kernel.o
                0x00001000                _start
 *fill*         0x0000103f        0x1 90909090
 .text          0x00001040       0x20 target/kernel/main.o
                0x00001040                aos_main
 .text          0x00001060      0x19b target/kernel/kernel_i386lib.o
                0x00001145                invalid_opcode
                0x000010cd                divide_error
                0x0000117c                coop_proc_seg_oob
                0x00001060                phys_copy
                0x000011bd                general_protection
                0x0000111d                over_flow
                0x0000119f                segment_not_present
                0x000011db                math_fault
                0x00001109                break_point
                0x000010e1                debug_exception
                0x0000116d                double_fault
                0x00001090                low_print
                0x000010f5                non_maskable_int
                0x000011cc                page_fault
                0x00001131                out_of_bounds
                0x00001190                invalid_tss
                0x000011ae                stack_exception
                0x00001159                dev_not_available
 *fill*         0x000011fb        0x1 90909090
 .text          0x000011fc      0x1db target/kernel/protect.o
                0x00001364                init_segment_desc
                0x000011fc                protect_init
 *fill*         0x000013d7        0x1 90909090
 .text          0x000013d8       0x34 target/kernel/init_c.o
                0x000013d8                init_c
 .text          0x0000140c       0x58 target/kernel/exception.o
                0x0000140c                exception_handler
 .text          0x00001464       0x81 target/lib/ansi/memcmp.o
                0x00001464                memcmp
 *fill*         0x000014e5        0x3 90909090
 .text          0x000014e8      0x12b target/lib/ansi/cstring.o
                0x000014e8                strncmp
                0x0000158e                strcmp
 *(.text.*personality*)
 *(.gnu.warning)

.fini
 *(.fini)
                0x00001613                PROVIDE (__etext, .)
                0x00001613                PROVIDE (_etext, .)
                0x00001613                PROVIDE (etext, .)

.rodata         0x00001614      0x227
 *(.rodata .rodata.* .gnu.linkonce.r.*)
 .rodata        0x00001614       0x18 target/kernel/main.o
 .rodata        0x0000162c       0x14 target/kernel/init_c.o
 .rodata        0x00001640      0x1fb target/kernel/exception.o

.lib            0x0000183b       0x7e
 .lib           0x0000183b       0x7e target/lib/ansi/string.o
                0x0000188b                strcpy
                0x0000183b                memcpy
                0x00001867                memset
                0x000018a3                strlen

.rodata1
 *(.rodata1)

.eh_frame_hdr
 *(.eh_frame_hdr)

.eh_frame
 *(.eh_frame)

.gcc_except_table
 *(.gcc_except_table .gcc_except_table.*)
                0x000018b9                . = (ALIGN (0x1000) - ((0x1000 - .) & 0xfff))
                0x00002000                . = (0x1000 DATA_SEGMENT_ALIGN 0x1000)

.eh_frame
 *(.eh_frame)

.gcc_except_table
 *(.gcc_except_table .gcc_except_table.*)

.tdata
 *(.tdata .tdata.* .gnu.linkonce.td.*)

.tbss
 *(.tbss .tbss.* .gnu.linkonce.tb.*)
 *(.tcommon)

.preinit_array  0x00002000        0x0
                0x00002000                PROVIDE (__preinit_array_start, .)
 *(.preinit_array)
                0x00002000                PROVIDE (__preinit_array_end, .)

.init_array     0x00002000        0x0
                0x00002000                PROVIDE (__init_array_start, .)
 *(SORT(.init_array.*))
 *(.init_array)
                0x00002000                PROVIDE (__init_array_end, .)

.fini_array     0x00002000        0x0
                0x00002000                PROVIDE (__fini_array_start, .)
 *(.fini_array)
 *(SORT(.fini_array.*))
                0x00002000                PROVIDE (__fini_array_end, .)

.ctors
 *crtbegin.o(.ctors)
 *crtbegin?.o(.ctors)
 *(EXCLUDE_FILE(*crtend?.o *crtend.o) .ctors)
 *(SORT(.ctors.*))
 *(.ctors)

.dtors
 *crtbegin.o(.dtors)
 *crtbegin?.o(.dtors)
 *(EXCLUDE_FILE(*crtend?.o *crtend.o) .dtors)
 *(SORT(.dtors.*))
 *(.dtors)

.jcr
 *(.jcr)

.data.rel.ro
 *(.data.rel.ro.local* .gnu.linkonce.d.rel.ro.local.*)
 *(.data.rel.ro* .gnu.linkonce.d.rel.ro.*)

.dynamic
 *(.dynamic)

.got
 *(.got)
                0x00002000                . = (. DATA_SEGMENT_RELRO_END 0xc)

.got.plt
 *(.got.plt)

.data           0x00002000      0x124
 *(.data .data.* .gnu.linkonce.d.*)
 .data          0x00002000        0x1 target/kernel/kernel.o
 *fill*         0x00002001        0x3 00
 .data          0x00002004        0x0 target/kernel/main.o
 *fill*         0x00002004       0x1c 00
 .data          0x00002020       0xc0 target/kernel/protect.o
                0x00002020                s_initGateInfos
 .data          0x000020e0        0x0 target/kernel/init_c.o
 .data          0x000020e0       0x44 target/kernel/exception.o
 .data          0x00002124        0x0 target/lib/ansi/memcmp.o
 .data          0x00002124        0x0 target/lib/ansi/cstring.o
 *(.gnu.linkonce.d.*personality*)

.data1
 *(.data1)
                0x00002124                _edata = .
                0x00002124                PROVIDE (edata, .)
                0x00002124                __bss_start = .

.bss            0x00002140      0xd44
 *(.dynbss)
 *(.bss .bss.* .gnu.linkonce.b.*)
 .bss           0x00002140      0x800 target/kernel/kernel.o
 .bss           0x00002940        0x0 target/kernel/main.o
 .bss           0x00002940      0x4a8 target/kernel/protect.o
 .bss           0x00002de8        0x0 target/kernel/init_c.o
 .bss           0x00002de8        0x0 target/kernel/exception.o
 .bss           0x00002de8        0x0 target/lib/ansi/memcmp.o
 .bss           0x00002de8        0x0 target/lib/ansi/cstring.o
 *(COMMON)
 *fill*         0x00002de8       0x18 00
 COMMON         0x00002e00       0x84 target/kernel/protect.o
                0x00002e00                g_tss
                0x00002e68                gp_bootParam
                0x00002e6c                gp_idt
                0x00002e72                gp_gdt
                0x00002e78                g_display_position
                0x00002e7c                g_gdt
                0x00002e84                . = ALIGN ((. != 0x0)?0x4:0x1)
                0x00002e84                . = ALIGN (0x4)
                0x00002e84                . = ALIGN (0x4)
                0x00002e84                _end = .
                0x00002e84                PROVIDE (end, .)
                0x00002e84                . = DATA_SEGMENT_END (.)

.stab
 *(.stab)

.stabstr
 *(.stabstr)

.stab.excl
 *(.stab.excl)

.stab.exclstr
 *(.stab.exclstr)

.stab.index
 *(.stab.index)

.stab.indexstr
 *(.stab.indexstr)

.comment        0x00000000      0x171
 *(.comment)
 .comment       0x00000000       0x1f target/kernel/kernel.o
 .comment       0x0000001f       0x2e target/kernel/main.o
 .comment       0x0000004d       0x1f target/kernel/kernel_i386lib.o
 .comment       0x0000006c       0x2e target/kernel/protect.o
 .comment       0x0000009a       0x2e target/kernel/init_c.o
 .comment       0x000000c8       0x2e target/kernel/exception.o
 .comment       0x000000f6       0x1f target/lib/ansi/string.o
 .comment       0x00000115       0x2e target/lib/ansi/memcmp.o
 .comment       0x00000143       0x2e target/lib/ansi/cstring.o

.debug
 *(.debug)

.line
 *(.line)

.debug_srcinfo
 *(.debug_srcinfo)

.debug_sfnames
 *(.debug_sfnames)

.debug_aranges
 *(.debug_aranges)

.debug_pubnames
 *(.debug_pubnames)

.debug_info
 *(.debug_info .gnu.linkonce.wi.*)

.debug_abbrev
 *(.debug_abbrev)

.debug_line
 *(.debug_line)

.debug_frame
 *(.debug_frame)

.debug_str
 *(.debug_str)

.debug_loc
 *(.debug_loc)

.debug_macinfo
 *(.debug_macinfo)

.debug_weaknames
 *(.debug_weaknames)

.debug_funcnames
 *(.debug_funcnames)

.debug_typenames
 *(.debug_typenames)

.debug_varnames
 *(.debug_varnames)

.debug_pubtypes
 *(.debug_pubtypes)

.debug_ranges
 *(.debug_ranges)

/DISCARD/
 *(.note.GNU-stack)
OUTPUT(target/kernel/kernel.bin elf32-i386)
