
Allocating common symbols
Common symbol       size              file

gp_curProc          0x4               target/kernel/main.o
kernel_reenter      0x1               target/kernel/main.o
sys_proc_stack      0x400             target/kernel/main.o
g_tss               0x68              target/kernel/main.o
gp_bootParam        0x4               target/kernel/main.o
gp_idt              0x6               target/kernel/main.o
bill_proc           0x4               target/kernel/main.o
level0_func         0x4               target/kernel/main.o
g_dispPosition      0x4               target/kernel/main.o
gp_gdt              0x6               target/kernel/main.o
g_kernelMap         0x8               target/kernel/main.o
g_irqHandlers       0x40              target/kernel/main.o
ready_tail          0xc               target/kernel/main.o
g_gdt               0x130             target/kernel/main.o
ready_head          0xc               target/kernel/main.o
p_proc_addr         0x84              target/kernel/main.o
proc_table          0x1ad0            target/kernel/main.o

Discarded input sections

 .note.GNU-stack
                0x00000000        0x0 target/kernel/main.o
 .note.GNU-stack
                0x00000000        0x0 target/kernel/protect.o
 .note.GNU-stack
                0x00000000        0x0 target/kernel/init_c.o
 .note.GNU-stack
                0x00000000        0x0 target/kernel/exception.o
 .note.GNU-stack
                0x00000000        0x0 target/kernel/panic.o
 .note.GNU-stack
                0x00000000        0x0 target/kernel/i8259.o
 .note.GNU-stack
                0x00000000        0x0 target/kernel/clock.o
 .note.GNU-stack
                0x00000000        0x0 target/lib/ansi/memcmp.o
 .note.GNU-stack
                0x00000000        0x0 target/lib/ansi/cstring.o
 .note.GNU-stack
                0x00000000        0x0 target/lib/stdio/printf.o

Memory Configuration

Name             Origin             Length             Attributes
*default*        0x00000000         0xffffffff

Linker script and memory map

Address of section .text set to 0x1000
LOAD target/kernel/kernel.o
LOAD target/kernel/main.o
LOAD target/kernel/kernel_i386lib.o
LOAD target/kernel/protect.o
LOAD target/kernel/init_c.o
LOAD target/kernel/exception.o
LOAD target/kernel/panic.o
LOAD target/kernel/i8259.o
LOAD target/kernel/clock.o
LOAD target/lib/ansi/string.o
LOAD target/lib/ansi/memcmp.o
LOAD target/lib/ansi/cstring.o
LOAD target/lib/stdio/printf.o
                0x08048000                PROVIDE (__executable_start, 0x8048000)
                0x08048094                . = (0x8048000 + SIZEOF_HEADERS)

.interp
 *(.interp)

.hash
 *(.hash)

.gnu.hash
 *(.gnu.hash)

.dynsym
 *(.dynsym)

.dynstr
 *(.dynstr)

.gnu.version
 *(.gnu.version)

.gnu.version_d
 *(.gnu.version_d)

.gnu.version_r
 *(.gnu.version_r)

.rel.dyn        0x08048094        0x0
 *(.rel.init)
 *(.rel.text .rel.text.* .rel.gnu.linkonce.t.*)
 .rel.text      0x00000000        0x0 target/kernel/kernel.o
 *(.rel.fini)
 *(.rel.rodata .rel.rodata.* .rel.gnu.linkonce.r.*)
 *(.rel.data.rel.ro* .rel.gnu.linkonce.d.rel.ro.*)
 *(.rel.data .rel.data.* .rel.gnu.linkonce.d.*)
 *(.rel.tdata .rel.tdata.* .rel.gnu.linkonce.td.*)
 *(.rel.tbss .rel.tbss.* .rel.gnu.linkonce.tb.*)
 *(.rel.ctors)
 *(.rel.dtors)
 *(.rel.got)
 *(.rel.bss .rel.bss.* .rel.gnu.linkonce.b.*)

.rela.dyn
 *(.rela.init)
 *(.rela.text .rela.text.* .rela.gnu.linkonce.t.*)
 *(.rela.fini)
 *(.rela.rodata .rela.rodata.* .rela.gnu.linkonce.r.*)
 *(.rela.data .rela.data.* .rela.gnu.linkonce.d.*)
 *(.rela.tdata .rela.tdata.* .rela.gnu.linkonce.td.*)
 *(.rela.tbss .rela.tbss.* .rela.gnu.linkonce.tb.*)
 *(.rela.ctors)
 *(.rela.dtors)
 *(.rela.got)
 *(.rela.bss .rela.bss.* .rela.gnu.linkonce.b.*)

.rel.plt
 *(.rel.plt)

.rela.plt
 *(.rela.plt)

.init
 *(.init)

.plt
 *(.plt)

.text           0x00001000     0x15eb
 *(.text .stub .text.* .gnu.linkonce.t.*)
 .text          0x00001000       0x3f target/kernel/kernel.o
                0x00001000                _start
 *fill*         0x0000103f        0x1 90909090
 .text          0x00001040      0x27c target/kernel/main.o
                0x00001040                aos_main
                0x0000129c                idle_task
 *fill*         0x000012bc        0x4 90909090
 .text          0x000012c0      0x6dc target/kernel/kernel_i386lib.o
                0x0000145b                cpu_halt
                0x00001730                hwint08
                0x000013a5                invalid_opcode
                0x0000132d                divide_error
                0x000013dc                coop_proc_seg_oob
                0x000012c0                phys_copy
                0x00001990                level0
                0x00001830                hwint12
                0x0000141d                general_protection
                0x00001983                level0_sys_call
                0x0000137d                over_flow
                0x00001500                enable_irq
                0x00001490                out_word
                0x00001870                hwint13
                0x00001770                hwint09
                0x000018f0                hwint15
                0x00001530                hwint00
                0x000015f0                hwint03
                0x000013ff                segment_not_present
                0x0000143b                math_fault
                0x000014b0                interrupt_unlock
                0x000017b0                hwint10
                0x00001369                break_point
                0x00001570                hwint01
                0x00001470                out_byte
                0x00001341                debug_exception
                0x000015b0                hwint02
                0x000013cd                double_fault
                0x000012f0                low_print
                0x00001670                hwint05
                0x00001355                non_maskable_int
                0x000018b0                hwint14
                0x00001460                in_byte
                0x0000142c                page_fault
                0x00001391                out_of_bounds
                0x0000197f                halt
                0x000016b0                hwint06
                0x00001480                in_word
                0x00001630                hwint04
                0x000013f0                invalid_tss
                0x00001957                restart
                0x000016f0                hwint07
                0x0000140e                stack_exception
                0x000014a0                interrupt_lock
                0x000017f0                hwint11
                0x000013b9                dev_not_available
                0x000014c0                disable_irq
 .text          0x0000199c      0x270 target/kernel/protect.o
                0x00001b99                init_segment_desc
                0x0000199c                init_protect
 .text          0x00001c0c       0x39 target/kernel/init_c.o
                0x00001c0c                init_c
 *fill*         0x00001c45        0x3 90909090
 .text          0x00001c48       0x6e target/kernel/exception.o
                0x00001c48                exception_handler
 *fill*         0x00001cb6        0x2 90909090
 .text          0x00001cb8       0xbc target/kernel/panic.o
                0x00001cb8                panic
                0x00001d37                bad_compare
                0x00001cfa                bad_assertion
 .text          0x00001d74      0x14c target/kernel/i8259.o
                0x00001d74                init_8259A
                0x00001e71                put_irq_handler
 .text          0x00001ec0       0xf6 target/kernel/clock.o
                0x00001ec0                clock_task
 *fill*         0x00001fb6        0x2 90909090
 .text          0x00001fb8       0x81 target/lib/ansi/memcmp.o
                0x00001fb8                memcmp
 *fill*         0x00002039        0x3 90909090
 .text          0x0000203c      0x12b target/lib/ansi/cstring.o
                0x0000203c                strncmp
                0x000020e2                strcmp
 *fill*         0x00002167        0x1 90909090
 .text          0x00002168      0x483 target/lib/stdio/printf.o
                0x00002168                printf
                0x000021a2                fmt_string
 *(.text.*personality*)
 *(.gnu.warning)

.fini
 *(.fini)
                0x000025eb                PROVIDE (__etext, .)
                0x000025eb                PROVIDE (_etext, .)
                0x000025eb                PROVIDE (etext, .)

.rodata         0x000025ec      0x4bc
 *(.rodata .rodata.* .gnu.linkonce.r.*)
 .rodata        0x000025ec       0x1a target/kernel/main.o
 .rodata        0x00002606       0x35 target/kernel/protect.o
 .rodata        0x0000263b       0x14 target/kernel/init_c.o
 *fill*         0x0000264f        0x1 00
 .rodata        0x00002650      0x1f8 target/kernel/exception.o
 .rodata        0x00002848       0xb7 target/kernel/panic.o
 *fill*         0x000028ff        0x1 00
 .rodata        0x00002900       0x3d target/kernel/i8259.o
 .rodata        0x0000293d       0x19 target/kernel/clock.o
 *fill*         0x00002956        0x2 00
 .rodata        0x00002958      0x150 target/lib/stdio/printf.o

.lib            0x00002aa8       0x7e
 .lib           0x00002aa8       0x7e target/lib/ansi/string.o
                0x00002af8                strcpy
                0x00002aa8                memcpy
                0x00002ad4                memset
                0x00002b10                strlen

.rodata1
 *(.rodata1)

.eh_frame_hdr
 *(.eh_frame_hdr)

.eh_frame
 *(.eh_frame)

.gcc_except_table
 *(.gcc_except_table .gcc_except_table.*)
                0x00002b26                . = (ALIGN (0x1000) - ((0x1000 - .) & 0xfff))
                0x00003b26                . = (0x1000 DATA_SEGMENT_ALIGN 0x1000)

.eh_frame
 *(.eh_frame)

.gcc_except_table
 *(.gcc_except_table .gcc_except_table.*)

.tdata
 *(.tdata .tdata.* .gnu.linkonce.td.*)

.tbss
 *(.tbss .tbss.* .gnu.linkonce.tb.*)
 *(.tcommon)

.preinit_array  0x00003b26        0x0
                0x00003b26                PROVIDE (__preinit_array_start, .)
 *(.preinit_array)
                0x00003b26                PROVIDE (__preinit_array_end, .)

.init_array     0x00003b26        0x0
                0x00003b26                PROVIDE (__init_array_start, .)
 *(SORT(.init_array.*))
 *(.init_array)
                0x00003b26                PROVIDE (__init_array_end, .)

.fini_array     0x00003b26        0x0
                0x00003b26                PROVIDE (__fini_array_start, .)
 *(.fini_array)
 *(SORT(.fini_array.*))
                0x00003b26                PROVIDE (__fini_array_end, .)

.ctors
 *crtbegin.o(.ctors)
 *crtbegin?.o(.ctors)
 *(EXCLUDE_FILE(*crtend?.o *crtend.o) .ctors)
 *(SORT(.ctors.*))
 *(.ctors)

.dtors
 *crtbegin.o(.dtors)
 *crtbegin?.o(.dtors)
 *(EXCLUDE_FILE(*crtend?.o *crtend.o) .dtors)
 *(SORT(.dtors.*))
 *(.dtors)

.jcr
 *(.jcr)

.data.rel.ro
 *(.data.rel.ro.local* .gnu.linkonce.d.rel.ro.local.*)
 *(.data.rel.ro* .gnu.linkonce.d.rel.ro.*)

.dynamic
 *(.dynamic)

.got
 *(.got)
                0x00003b26                . = (. DATA_SEGMENT_RELRO_END 0xc)

.got.plt
 *(.got.plt)

.data           0x00003b40      0x226
 *(.data .data.* .gnu.linkonce.d.*)
 .data          0x00003b40        0x1 target/kernel/kernel.o
 *fill*         0x00003b41        0x3 00
 .data          0x00003b44       0x18 target/kernel/main.o
                0x00003b44                sys_proc_table
 *fill*         0x00003b5c        0x4 00
 .data          0x00003b60      0x18c target/kernel/protect.o
                0x00003b60                s_initGateInfos
 .data          0x00003cec        0x0 target/kernel/init_c.o
 *fill*         0x00003cec       0x14 00
 .data          0x00003d00       0x44 target/kernel/exception.o
 .data          0x00003d44        0x0 target/kernel/panic.o
 .data          0x00003d44        0x0 target/kernel/i8259.o
 .data          0x00003d44        0x0 target/kernel/clock.o
 .data          0x00003d44        0x0 target/lib/ansi/memcmp.o
 .data          0x00003d44        0x0 target/lib/ansi/cstring.o
 .data          0x00003d44       0x22 target/lib/stdio/printf.o
 *(.gnu.linkonce.d.*personality*)

.data1
 *(.data1)
                0x00003d66                _edata = .
                0x00003d66                PROVIDE (edata, .)
                0x00003d66                __bss_start = .

.bss            0x00003d80     0x2f30
 *(.dynbss)
 *(.bss .bss.* .gnu.linkonce.b.*)
 .bss           0x00003d80      0x800 target/kernel/kernel.o
                0x00004580                STACK_TOP
 .bss           0x00004580        0x0 target/kernel/main.o
 .bss           0x00004580      0x4a8 target/kernel/protect.o
 .bss           0x00004a28        0x0 target/kernel/init_c.o
 .bss           0x00004a28        0x0 target/kernel/exception.o
 .bss           0x00004a28        0x0 target/kernel/panic.o
 .bss           0x00004a28        0x0 target/kernel/i8259.o
 .bss           0x00004a28        0x4 target/kernel/clock.o
 .bss           0x00004a2c        0x0 target/lib/ansi/memcmp.o
 .bss           0x00004a2c        0x0 target/lib/ansi/cstring.o
 *fill*         0x00004a2c       0x14 00
 .bss           0x00004a40       0xa0 target/lib/stdio/printf.o
 *(COMMON)
 COMMON         0x00004ae0     0x21d0 target/kernel/main.o
                0x00004ae0                gp_curProc
                0x00004ae4                kernel_reenter
                0x00004b00                sys_proc_stack
                0x00004f00                g_tss
                0x00004f68                gp_bootParam
                0x00004f6c                gp_idt
                0x00004f74                bill_proc
                0x00004f78                level0_func
                0x00004f7c                g_dispPosition
                0x00004f80                gp_gdt
                0x00004f88                g_kernelMap
                0x00004fa0                g_irqHandlers
                0x00004fe0                ready_tail
                0x00005000                g_gdt
                0x00005130                ready_head
                0x00005140                p_proc_addr
                0x000051e0                proc_table
                0x00006cb0                . = ALIGN ((. != 0x0)?0x4:0x1)
                0x00006cb0                . = ALIGN (0x4)
                0x00006cb0                . = ALIGN (0x4)
                0x00006cb0                _end = .
                0x00006cb0                PROVIDE (end, .)
                0x00006cb0                . = DATA_SEGMENT_END (.)

.stab
 *(.stab)

.stabstr
 *(.stabstr)

.stab.excl
 *(.stab.excl)

.stab.exclstr
 *(.stab.exclstr)

.stab.index
 *(.stab.index)

.stab.indexstr
 *(.stab.indexstr)

.comment        0x00000000      0x229
 *(.comment)
 .comment       0x00000000       0x1f target/kernel/kernel.o
 .comment       0x0000001f       0x2e target/kernel/main.o
 .comment       0x0000004d       0x1f target/kernel/kernel_i386lib.o
 .comment       0x0000006c       0x2e target/kernel/protect.o
 .comment       0x0000009a       0x2e target/kernel/init_c.o
 .comment       0x000000c8       0x2e target/kernel/exception.o
 .comment       0x000000f6       0x2e target/kernel/panic.o
 .comment       0x00000124       0x2e target/kernel/i8259.o
 .comment       0x00000152       0x2e target/kernel/clock.o
 .comment       0x00000180       0x1f target/lib/ansi/string.o
 .comment       0x0000019f       0x2e target/lib/ansi/memcmp.o
 .comment       0x000001cd       0x2e target/lib/ansi/cstring.o
 .comment       0x000001fb       0x2e target/lib/stdio/printf.o

.debug
 *(.debug)

.line
 *(.line)

.debug_srcinfo
 *(.debug_srcinfo)

.debug_sfnames
 *(.debug_sfnames)

.debug_aranges
 *(.debug_aranges)

.debug_pubnames
 *(.debug_pubnames)

.debug_info
 *(.debug_info .gnu.linkonce.wi.*)

.debug_abbrev
 *(.debug_abbrev)

.debug_line
 *(.debug_line)

.debug_frame
 *(.debug_frame)

.debug_str
 *(.debug_str)

.debug_loc
 *(.debug_loc)

.debug_macinfo
 *(.debug_macinfo)

.debug_weaknames
 *(.debug_weaknames)

.debug_funcnames
 *(.debug_funcnames)

.debug_typenames
 *(.debug_typenames)

.debug_varnames
 *(.debug_varnames)

.debug_pubtypes
 *(.debug_pubtypes)

.debug_ranges
 *(.debug_ranges)

/DISCARD/
 *(.note.GNU-stack)
OUTPUT(target/kernel/kernel.bin elf32-i386)
