
Allocating common symbols
Common symbol       size              file

gp_curProc          0x4               target/kernel/main.o
kernel_reenter      0x1               target/kernel/main.o
sys_proc_stack      0x400             target/kernel/main.o
g_tss               0x68              target/kernel/main.o
gp_bootParam        0x4               target/kernel/main.o
gp_idt              0x6               target/kernel/main.o
bill_proc           0x4               target/kernel/main.o
level0_func         0x4               target/kernel/main.o
g_dispPosition      0x4               target/kernel/main.o
gp_gdt              0x6               target/kernel/main.o
g_kernelMap         0x8               target/kernel/main.o
g_irqHandlers       0x40              target/kernel/main.o
ready_tail          0xc               target/kernel/main.o
g_gdt               0x130             target/kernel/main.o
ready_head          0xc               target/kernel/main.o
p_proc_addr         0x84              target/kernel/main.o
proc_table          0x1ad0            target/kernel/main.o

Discarded input sections

 .note.GNU-stack
                0x00000000        0x0 target/kernel/main.o
 .note.GNU-stack
                0x00000000        0x0 target/kernel/protect.o
 .note.GNU-stack
                0x00000000        0x0 target/kernel/init_c.o
 .note.GNU-stack
                0x00000000        0x0 target/kernel/exception.o
 .note.GNU-stack
                0x00000000        0x0 target/kernel/panic.o
 .note.GNU-stack
                0x00000000        0x0 target/kernel/i8259.o
 .note.GNU-stack
                0x00000000        0x0 target/kernel/clock.o
 .note.GNU-stack
                0x00000000        0x0 target/lib/ansi/memcmp.o
 .note.GNU-stack
                0x00000000        0x0 target/lib/ansi/cstring.o
 .note.GNU-stack
                0x00000000        0x0 target/lib/stdio/printf.o

Memory Configuration

Name             Origin             Length             Attributes
*default*        0x00000000         0xffffffff

Linker script and memory map

Address of section .text set to 0x1000
LOAD target/kernel/kernel.o
LOAD target/kernel/main.o
LOAD target/kernel/kernel_i386lib.o
LOAD target/kernel/protect.o
LOAD target/kernel/init_c.o
LOAD target/kernel/exception.o
LOAD target/kernel/panic.o
LOAD target/kernel/i8259.o
LOAD target/kernel/clock.o
LOAD target/lib/ansi/string.o
LOAD target/lib/ansi/memcmp.o
LOAD target/lib/ansi/cstring.o
LOAD target/lib/stdio/printf.o
                0x08048000                PROVIDE (__executable_start, 0x8048000)
                0x08048094                . = (0x8048000 + SIZEOF_HEADERS)

.interp
 *(.interp)

.hash
 *(.hash)

.gnu.hash
 *(.gnu.hash)

.dynsym
 *(.dynsym)

.dynstr
 *(.dynstr)

.gnu.version
 *(.gnu.version)

.gnu.version_d
 *(.gnu.version_d)

.gnu.version_r
 *(.gnu.version_r)

.rel.dyn        0x08048094        0x0
 *(.rel.init)
 *(.rel.text .rel.text.* .rel.gnu.linkonce.t.*)
 .rel.text      0x00000000        0x0 target/kernel/kernel.o
 *(.rel.fini)
 *(.rel.rodata .rel.rodata.* .rel.gnu.linkonce.r.*)
 *(.rel.data.rel.ro* .rel.gnu.linkonce.d.rel.ro.*)
 *(.rel.data .rel.data.* .rel.gnu.linkonce.d.*)
 *(.rel.tdata .rel.tdata.* .rel.gnu.linkonce.td.*)
 *(.rel.tbss .rel.tbss.* .rel.gnu.linkonce.tb.*)
 *(.rel.ctors)
 *(.rel.dtors)
 *(.rel.got)
 *(.rel.bss .rel.bss.* .rel.gnu.linkonce.b.*)

.rela.dyn
 *(.rela.init)
 *(.rela.text .rela.text.* .rela.gnu.linkonce.t.*)
 *(.rela.fini)
 *(.rela.rodata .rela.rodata.* .rela.gnu.linkonce.r.*)
 *(.rela.data .rela.data.* .rela.gnu.linkonce.d.*)
 *(.rela.tdata .rela.tdata.* .rela.gnu.linkonce.td.*)
 *(.rela.tbss .rela.tbss.* .rela.gnu.linkonce.tb.*)
 *(.rela.ctors)
 *(.rela.dtors)
 *(.rela.got)
 *(.rela.bss .rela.bss.* .rela.gnu.linkonce.b.*)

.rel.plt
 *(.rel.plt)

.rela.plt
 *(.rela.plt)

.init
 *(.init)

.plt
 *(.plt)

.text           0x00001000     0x160b
 *(.text .stub .text.* .gnu.linkonce.t.*)
 .text          0x00001000       0x3f target/kernel/kernel.o
                0x00001000                _start
 *fill*         0x0000103f        0x1 90909090
 .text          0x00001040      0x292 target/kernel/main.o
                0x00001040                aos_main
                0x000012b2                idle_task
 *fill*         0x000012d2        0xe 90909090
 .text          0x000012e0      0x6dc target/kernel/kernel_i386lib.o
                0x0000147b                cpu_halt
                0x00001750                hwint08
                0x000013c5                invalid_opcode
                0x0000134d                divide_error
                0x000013fc                coop_proc_seg_oob
                0x000012e0                phys_copy
                0x000019b0                level0
                0x00001850                hwint12
                0x0000143d                general_protection
                0x000019a3                level0_sys_call
                0x0000139d                over_flow
                0x00001520                enable_irq
                0x000014b0                out_word
                0x00001890                hwint13
                0x00001790                hwint09
                0x00001910                hwint15
                0x00001550                hwint00
                0x00001610                hwint03
                0x0000141f                segment_not_present
                0x0000145b                math_fault
                0x000014d0                interrupt_unlock
                0x000017d0                hwint10
                0x00001389                break_point
                0x00001590                hwint01
                0x00001490                out_byte
                0x00001361                debug_exception
                0x000015d0                hwint02
                0x000013ed                double_fault
                0x00001310                low_print
                0x00001690                hwint05
                0x00001375                non_maskable_int
                0x000018d0                hwint14
                0x00001480                in_byte
                0x0000144c                page_fault
                0x000013b1                out_of_bounds
                0x0000199f                halt
                0x000016d0                hwint06
                0x000014a0                in_word
                0x00001650                hwint04
                0x00001410                invalid_tss
                0x00001977                restart
                0x00001710                hwint07
                0x0000142e                stack_exception
                0x000014c0                interrupt_lock
                0x00001810                hwint11
                0x000013d9                dev_not_available
                0x000014e0                disable_irq
 .text          0x000019bc      0x270 target/kernel/protect.o
                0x00001bb9                init_segment_desc
                0x000019bc                init_protect
 .text          0x00001c2c       0x39 target/kernel/init_c.o
                0x00001c2c                init_c
 *fill*         0x00001c65        0x3 90909090
 .text          0x00001c68       0x6e target/kernel/exception.o
                0x00001c68                exception_handler
 *fill*         0x00001cd6        0x2 90909090
 .text          0x00001cd8       0xbc target/kernel/panic.o
                0x00001cd8                panic
                0x00001d57                bad_compare
                0x00001d1a                bad_assertion
 .text          0x00001d94      0x14c target/kernel/i8259.o
                0x00001d94                init_8259A
                0x00001e91                put_irq_handler
 .text          0x00001ee0       0xf6 target/kernel/clock.o
                0x00001ee0                clock_task
 *fill*         0x00001fd6        0x2 90909090
 .text          0x00001fd8       0x81 target/lib/ansi/memcmp.o
                0x00001fd8                memcmp
 *fill*         0x00002059        0x3 90909090
 .text          0x0000205c      0x12b target/lib/ansi/cstring.o
                0x0000205c                strncmp
                0x00002102                strcmp
 *fill*         0x00002187        0x1 90909090
 .text          0x00002188      0x483 target/lib/stdio/printf.o
                0x00002188                printf
                0x000021c2                fmt_string
 *(.text.*personality*)
 *(.gnu.warning)

.fini
 *(.fini)
                0x0000260b                PROVIDE (__etext, .)
                0x0000260b                PROVIDE (_etext, .)
                0x0000260b                PROVIDE (etext, .)

.rodata         0x0000260c      0x4bc
 *(.rodata .rodata.* .gnu.linkonce.r.*)
 .rodata        0x0000260c       0x1a target/kernel/main.o
 .rodata        0x00002626       0x35 target/kernel/protect.o
 .rodata        0x0000265b       0x14 target/kernel/init_c.o
 *fill*         0x0000266f        0x1 00
 .rodata        0x00002670      0x1f8 target/kernel/exception.o
 .rodata        0x00002868       0xb7 target/kernel/panic.o
 *fill*         0x0000291f        0x1 00
 .rodata        0x00002920       0x3d target/kernel/i8259.o
 .rodata        0x0000295d       0x19 target/kernel/clock.o
 *fill*         0x00002976        0x2 00
 .rodata        0x00002978      0x150 target/lib/stdio/printf.o

.lib            0x00002ac8       0x7e
 .lib           0x00002ac8       0x7e target/lib/ansi/string.o
                0x00002b18                strcpy
                0x00002ac8                memcpy
                0x00002af4                memset
                0x00002b30                strlen

.rodata1
 *(.rodata1)

.eh_frame_hdr
 *(.eh_frame_hdr)

.eh_frame
 *(.eh_frame)

.gcc_except_table
 *(.gcc_except_table .gcc_except_table.*)
                0x00002b46                . = (ALIGN (0x1000) - ((0x1000 - .) & 0xfff))
                0x00003b46                . = (0x1000 DATA_SEGMENT_ALIGN 0x1000)

.eh_frame
 *(.eh_frame)

.gcc_except_table
 *(.gcc_except_table .gcc_except_table.*)

.tdata
 *(.tdata .tdata.* .gnu.linkonce.td.*)

.tbss
 *(.tbss .tbss.* .gnu.linkonce.tb.*)
 *(.tcommon)

.preinit_array  0x00003b46        0x0
                0x00003b46                PROVIDE (__preinit_array_start, .)
 *(.preinit_array)
                0x00003b46                PROVIDE (__preinit_array_end, .)

.init_array     0x00003b46        0x0
                0x00003b46                PROVIDE (__init_array_start, .)
 *(SORT(.init_array.*))
 *(.init_array)
                0x00003b46                PROVIDE (__init_array_end, .)

.fini_array     0x00003b46        0x0
                0x00003b46                PROVIDE (__fini_array_start, .)
 *(.fini_array)
 *(SORT(.fini_array.*))
                0x00003b46                PROVIDE (__fini_array_end, .)

.ctors
 *crtbegin.o(.ctors)
 *crtbegin?.o(.ctors)
 *(EXCLUDE_FILE(*crtend?.o *crtend.o) .ctors)
 *(SORT(.ctors.*))
 *(.ctors)

.dtors
 *crtbegin.o(.dtors)
 *crtbegin?.o(.dtors)
 *(EXCLUDE_FILE(*crtend?.o *crtend.o) .dtors)
 *(SORT(.dtors.*))
 *(.dtors)

.jcr
 *(.jcr)

.data.rel.ro
 *(.data.rel.ro.local* .gnu.linkonce.d.rel.ro.local.*)
 *(.data.rel.ro* .gnu.linkonce.d.rel.ro.*)

.dynamic
 *(.dynamic)

.got
 *(.got)
                0x00003b46                . = (. DATA_SEGMENT_RELRO_END 0xc)

.got.plt
 *(.got.plt)

.data           0x00003b60      0x226
 *(.data .data.* .gnu.linkonce.d.*)
 .data          0x00003b60        0x1 target/kernel/kernel.o
 *fill*         0x00003b61        0x3 00
 .data          0x00003b64       0x18 target/kernel/main.o
                0x00003b64                sys_proc_table
 *fill*         0x00003b7c        0x4 00
 .data          0x00003b80      0x18c target/kernel/protect.o
                0x00003b80                s_initGateInfos
 .data          0x00003d0c        0x0 target/kernel/init_c.o
 *fill*         0x00003d0c       0x14 00
 .data          0x00003d20       0x44 target/kernel/exception.o
 .data          0x00003d64        0x0 target/kernel/panic.o
 .data          0x00003d64        0x0 target/kernel/i8259.o
 .data          0x00003d64        0x0 target/kernel/clock.o
 .data          0x00003d64        0x0 target/lib/ansi/memcmp.o
 .data          0x00003d64        0x0 target/lib/ansi/cstring.o
 .data          0x00003d64       0x22 target/lib/stdio/printf.o
 *(.gnu.linkonce.d.*personality*)

.data1
 *(.data1)
                0x00003d86                _edata = .
                0x00003d86                PROVIDE (edata, .)
                0x00003d86                __bss_start = .

.bss            0x00003da0     0x2f30
 *(.dynbss)
 *(.bss .bss.* .gnu.linkonce.b.*)
 .bss           0x00003da0      0x800 target/kernel/kernel.o
                0x000045a0                STACK_TOP
 .bss           0x000045a0        0x0 target/kernel/main.o
 .bss           0x000045a0      0x4a8 target/kernel/protect.o
 .bss           0x00004a48        0x0 target/kernel/init_c.o
 .bss           0x00004a48        0x0 target/kernel/exception.o
 .bss           0x00004a48        0x0 target/kernel/panic.o
 .bss           0x00004a48        0x0 target/kernel/i8259.o
 .bss           0x00004a48        0x4 target/kernel/clock.o
 .bss           0x00004a4c        0x0 target/lib/ansi/memcmp.o
 .bss           0x00004a4c        0x0 target/lib/ansi/cstring.o
 *fill*         0x00004a4c       0x14 00
 .bss           0x00004a60       0xa0 target/lib/stdio/printf.o
 *(COMMON)
 COMMON         0x00004b00     0x21d0 target/kernel/main.o
                0x00004b00                gp_curProc
                0x00004b04                kernel_reenter
                0x00004b20                sys_proc_stack
                0x00004f20                g_tss
                0x00004f88                gp_bootParam
                0x00004f8c                gp_idt
                0x00004f94                bill_proc
                0x00004f98                level0_func
                0x00004f9c                g_dispPosition
                0x00004fa0                gp_gdt
                0x00004fa8                g_kernelMap
                0x00004fc0                g_irqHandlers
                0x00005000                ready_tail
                0x00005020                g_gdt
                0x00005150                ready_head
                0x00005160                p_proc_addr
                0x00005200                proc_table
                0x00006cd0                . = ALIGN ((. != 0x0)?0x4:0x1)
                0x00006cd0                . = ALIGN (0x4)
                0x00006cd0                . = ALIGN (0x4)
                0x00006cd0                _end = .
                0x00006cd0                PROVIDE (end, .)
                0x00006cd0                . = DATA_SEGMENT_END (.)

.stab
 *(.stab)

.stabstr
 *(.stabstr)

.stab.excl
 *(.stab.excl)

.stab.exclstr
 *(.stab.exclstr)

.stab.index
 *(.stab.index)

.stab.indexstr
 *(.stab.indexstr)

.comment        0x00000000      0x229
 *(.comment)
 .comment       0x00000000       0x1f target/kernel/kernel.o
 .comment       0x0000001f       0x2e target/kernel/main.o
 .comment       0x0000004d       0x1f target/kernel/kernel_i386lib.o
 .comment       0x0000006c       0x2e target/kernel/protect.o
 .comment       0x0000009a       0x2e target/kernel/init_c.o
 .comment       0x000000c8       0x2e target/kernel/exception.o
 .comment       0x000000f6       0x2e target/kernel/panic.o
 .comment       0x00000124       0x2e target/kernel/i8259.o
 .comment       0x00000152       0x2e target/kernel/clock.o
 .comment       0x00000180       0x1f target/lib/ansi/string.o
 .comment       0x0000019f       0x2e target/lib/ansi/memcmp.o
 .comment       0x000001cd       0x2e target/lib/ansi/cstring.o
 .comment       0x000001fb       0x2e target/lib/stdio/printf.o

.debug
 *(.debug)

.line
 *(.line)

.debug_srcinfo
 *(.debug_srcinfo)

.debug_sfnames
 *(.debug_sfnames)

.debug_aranges
 *(.debug_aranges)

.debug_pubnames
 *(.debug_pubnames)

.debug_info
 *(.debug_info .gnu.linkonce.wi.*)

.debug_abbrev
 *(.debug_abbrev)

.debug_line
 *(.debug_line)

.debug_frame
 *(.debug_frame)

.debug_str
 *(.debug_str)

.debug_loc
 *(.debug_loc)

.debug_macinfo
 *(.debug_macinfo)

.debug_weaknames
 *(.debug_weaknames)

.debug_funcnames
 *(.debug_funcnames)

.debug_typenames
 *(.debug_typenames)

.debug_varnames
 *(.debug_varnames)

.debug_pubtypes
 *(.debug_pubtypes)

.debug_ranges
 *(.debug_ranges)

/DISCARD/
 *(.note.GNU-stack)
OUTPUT(target/kernel/kernel.bin elf32-i386)
