
Allocating common symbols
Common symbol       size              file

level0Fn            0x4               target/kernel/main.o
gp_readyHeads       0xc               target/kernel/main.o
gp_curProc          0x4               target/kernel/main.o
gp_heldHead         0x4               target/kernel/main.o
sysProcStack        0x18c00           target/kernel/main.o
proc_in_use         0x4               target/kernel/main.o
g_procs             0x1fb0            target/kernel/main.o
g_tss               0x68              target/kernel/main.o
gp_bootParam        0x4               target/kernel/main.o
mm_who              0x4               target/kernel/main.o
gp_idt              0x6               target/kernel/main.o
mmsg_in             0x24              target/kernel/main.o
gp_billProc         0x4               target/kernel/main.o
mmProcs             0x900             target/kernel/mm.o
nrCurConsole        0x4               target/kernel/main.o
g_dispPosition      0x4               target/kernel/main.o
kernelReenter       0x1               target/kernel/main.o
gp_procs            0x9c              target/kernel/main.o
gp_gdt              0x6               target/kernel/main.o
g_kernelMap         0x8               target/kernel/main.o
g_irqHandlers       0x40              target/kernel/main.o
nodes               0xbfff4           target/kernel/mm.o
g_gdt               0x160             target/kernel/main.o
consoles            0x30              target/kernel/main.o
curr_mp             0x4               target/kernel/main.o
gp_readyTails       0xc               target/kernel/main.o
ttys                0xc30             target/kernel/main.o
gp_heldTail         0x4               target/kernel/main.o

Discarded input sections

 .note.GNU-stack
                0x00000000        0x0 target/kernel/main.o
 .note.GNU-stack
                0x00000000        0x0 target/kernel/protect.o
 .note.GNU-stack
                0x00000000        0x0 target/kernel/init_c.o
 .note.GNU-stack
                0x00000000        0x0 target/kernel/exception.o
 .note.GNU-stack
                0x00000000        0x0 target/kernel/panic.o
 .note.GNU-stack
                0x00000000        0x0 target/kernel/i8259.o
 .note.GNU-stack
                0x00000000        0x0 target/kernel/clock.o
 .note.GNU-stack
                0x00000000        0x0 target/kernel/process.o
 .note.GNU-stack
                0x00000000        0x0 target/kernel/ipc.o
 .note.GNU-stack
                0x00000000        0x0 target/kernel/dump.o
 .note.GNU-stack
                0x00000000        0x0 target/kernel/keyboard.o
 .note.GNU-stack
                0x00000000        0x0 target/kernel/tty.o
 .note.GNU-stack
                0x00000000        0x0 target/kernel/console.o
 .note.GNU-stack
                0x00000000        0x0 target/kernel/idle.o
 .note.GNU-stack
                0x00000000        0x0 target/kernel/alloc.o
 .note.GNU-stack
                0x00000000        0x0 target/kernel/mm.o
 .note.GNU-stack
                0x00000000        0x0 target/kernel/fork.o
 .note.GNU-stack
                0x00000000        0x0 target/kernel/mem_map.o
 .note.GNU-stack
                0x00000000        0x0 target/kernel/exit.o
 .note.GNU-stack
                0x00000000        0x0 target/kernel/wait.o
 .note.GNU-stack
                0x00000000        0x0 target/kernel/at_wini.o
 .note.GNU-stack
                0x00000000        0x0 target/kernel/fs.o
 .note.GNU-stack
                0x00000000        0x0 target/lib/ansi/memcmp.o
 .note.GNU-stack
                0x00000000        0x0 target/lib/ansi/cstring.o
 .note.GNU-stack
                0x00000000        0x0 target/lib/stdio/kprintf.o

Memory Configuration

Name             Origin             Length             Attributes
*default*        0x00000000         0xffffffff

Linker script and memory map

Address of section .text set to 0x100000
LOAD target/kernel/kernel.o
LOAD target/kernel/main.o
LOAD target/kernel/kernel_i386lib.o
LOAD target/kernel/protect.o
LOAD target/kernel/init_c.o
LOAD target/kernel/exception.o
LOAD target/kernel/panic.o
LOAD target/kernel/i8259.o
LOAD target/kernel/clock.o
LOAD target/kernel/process.o
LOAD target/kernel/ipc.o
LOAD target/kernel/dump.o
LOAD target/kernel/keyboard.o
LOAD target/kernel/tty.o
LOAD target/kernel/console.o
LOAD target/kernel/idle.o
LOAD target/kernel/alloc.o
LOAD target/kernel/mm.o
LOAD target/kernel/fork.o
LOAD target/kernel/mem_map.o
LOAD target/kernel/exit.o
LOAD target/kernel/wait.o
LOAD target/kernel/at_wini.o
LOAD target/kernel/fs.o
LOAD target/lib/ansi/string.o
LOAD target/lib/ansi/memcmp.o
LOAD target/lib/ansi/cstring.o
LOAD target/lib/stdio/kprintf.o
LOAD target/lib/i386/ipc/ipc.o
                0x08048000                PROVIDE (__executable_start, 0x8048000)
                0x08048094                . = (0x8048000 + SIZEOF_HEADERS)

.interp
 *(.interp)

.hash
 *(.hash)

.gnu.hash
 *(.gnu.hash)

.dynsym
 *(.dynsym)

.dynstr
 *(.dynstr)

.gnu.version
 *(.gnu.version)

.gnu.version_d
 *(.gnu.version_d)

.gnu.version_r
 *(.gnu.version_r)

.rel.dyn        0x08048094        0x0
 *(.rel.init)
 *(.rel.text .rel.text.* .rel.gnu.linkonce.t.*)
 .rel.text      0x00000000        0x0 target/kernel/kernel.o
 *(.rel.fini)
 *(.rel.rodata .rel.rodata.* .rel.gnu.linkonce.r.*)
 *(.rel.data.rel.ro* .rel.gnu.linkonce.d.rel.ro.*)
 *(.rel.data .rel.data.* .rel.gnu.linkonce.d.*)
 .rel.data      0x00000000        0x0 target/kernel/kernel.o
 *(.rel.tdata .rel.tdata.* .rel.gnu.linkonce.td.*)
 *(.rel.tbss .rel.tbss.* .rel.gnu.linkonce.tb.*)
 *(.rel.ctors)
 *(.rel.dtors)
 *(.rel.got)
 *(.rel.bss .rel.bss.* .rel.gnu.linkonce.b.*)

.rela.dyn
 *(.rela.init)
 *(.rela.text .rela.text.* .rela.gnu.linkonce.t.*)
 *(.rela.fini)
 *(.rela.rodata .rela.rodata.* .rela.gnu.linkonce.r.*)
 *(.rela.data .rela.data.* .rela.gnu.linkonce.d.*)
 *(.rela.tdata .rela.tdata.* .rela.gnu.linkonce.td.*)
 *(.rela.tbss .rela.tbss.* .rela.gnu.linkonce.tb.*)
 *(.rela.ctors)
 *(.rela.dtors)
 *(.rela.got)
 *(.rela.bss .rela.bss.* .rela.gnu.linkonce.b.*)

.rel.plt
 *(.rel.plt)

.rela.plt
 *(.rela.plt)

.init
 *(.init)

.plt
 *(.plt)

.text           0x00100000     0x5a65
 *(.text .stub .text.* .gnu.linkonce.t.*)
 .text          0x00100000       0x3f target/kernel/kernel.o
                0x00100000                _start
 *fill*         0x0010003f        0x1 90909090
 .text          0x00100040      0x25b target/kernel/main.o
                0x00100040                aos_main
 *fill*         0x0010029b        0x5 90909090
 .text          0x001002a0      0x76d target/kernel/kernel_i386lib.o
                0x0010043b                cpu_halt
                0x00100720                hwint08
                0x00100385                invalid_opcode
                0x0010030d                divide_error
                0x001003bc                coop_proc_seg_oob
                0x001002a0                phys_copy
                0x001009c0                level0
                0x0010045e                port_read
                0x00100820                hwint12
                0x001003fd                general_protection
                0x001009ad                level0_sys_call
                0x0010035d                over_flow
                0x001004f0                enable_irq
                0x00100860                hwint13
                0x00100760                hwint09
                0x001008e0                hwint15
                0x00100520                hwint00
                0x001009f6                park_sys_call
                0x001005e0                hwint03
                0x001003df                segment_not_present
                0x0010041b                math_fault
                0x001004a0                interrupt_unlock
                0x00100a01                unpark_sys_call
                0x001007a0                hwint10
                0x00100947                aos_sys_call
                0x00100349                break_point
                0x00100560                hwint01
                0x00100450                out_byte
                0x00100321                debug_exception
                0x001005a0                hwint02
                0x001003ad                double_fault
                0x001002d0                low_print
                0x00100660                hwint05
                0x00100471                port_write
                0x00100335                non_maskable_int
                0x001009d0                msg_copy
                0x001008a0                hwint14
                0x00100440                in_byte
                0x0010040c                page_fault
                0x00100371                out_of_bounds
                0x001009a9                halt
                0x001006a0                hwint06
                0x00100620                hwint04
                0x001003d0                invalid_tss
                0x0010097c                restart
                0x001006e0                hwint07
                0x001003ee                stack_exception
                0x00100490                interrupt_lock
                0x001007e0                hwint11
                0x001009e7                cmos_read
                0x00100399                dev_not_available
                0x001004b0                disable_irq
 *fill*         0x00100a0d        0x3 90909090
 .text          0x00100a10      0x258 target/kernel/protect.o
                0x00100b97                init_segment_desc
                0x00100a10                init_protect
 .text          0x00100c68       0x59 target/kernel/init_c.o
                0x00100c68                init_c
 *fill*         0x00100cc1        0x3 90909090
 .text          0x00100cc4       0x6e target/kernel/exception.o
                0x00100cc4                exception_handler
 *fill*         0x00100d32        0x2 90909090
 .text          0x00100d34       0xc3 target/kernel/panic.o
                0x00100d34                panic
                0x00100dba                bad_compare
                0x00100d7d                bad_assertion
 *fill*         0x00100df7        0x1 90909090
 .text          0x00100df8      0x140 target/kernel/i8259.o
                0x00100df8                init_8259A
                0x00100ee9                put_irq_handler
 .text          0x00100f38      0x65f target/kernel/clock.o
                0x00100f38                clock_task
                0x0010120d                milli_delay
                0x00101571                clock_get_uptime
                0x0010105b                get_rtc_time
 *fill*         0x00101597        0x1 90909090
 .text          0x00101598      0x55c target/kernel/process.o
                0x0010199c                lock_hunter
                0x001017f2                schedule_stop
                0x001019b7                lock_ready
                0x00101936                unhold
                0x00101652                unready
                0x001019f9                lock_schedule
                0x001019d8                lock_unready
                0x00101801                interrupt
                0x00101598                ready
 .text          0x00101af4      0x5d6 target/kernel/ipc.o
                0x00102020                rm_proc_from_waiters
                0x00101c41                aos_send
                0x00101af4                sys_call
                0x00101f34                aos_park
                0x00101dff                aos_receive
                0x00101f78                aos_unpark
 *fill*         0x001020ca        0x2 90909090
 .text          0x001020cc      0x324 target/kernel/dump.o
                0x001020cc                proc_dump
                0x001022f5                map_dump
 .text          0x001023f0      0x692 target/kernel/keyboard.o
                0x001023f0                keyboard_handler
                0x001024e7                keyboard_read
                0x001024dd                kb_in_count
                0x0010247d                init_keyboard
 *fill*         0x00102a82        0x2 90909090
 .text          0x00102a84      0x4f6 target/kernel/tty.o
                0x00102b14                in_process
                0x00102c29                is_cur_console
                0x00102a84                tty_task
 *fill*         0x00102f7a        0x2 90909090
 .text          0x00102f7c      0x411 target/kernel/console.o
                0x001031da                select_console
                0x001030b9                init_screen
                0x00103220                scroll_screen
                0x00102f7c                out_char
 *fill*         0x0010338d        0x3 90909090
 .text          0x00103390       0x14 target/kernel/idle.o
                0x00103390                idle_task
 .text          0x001033a4      0x56e target/kernel/alloc.o
                0x00103494                alloc
                0x001033a4                mem_init
                0x001038eb                mem_dump
                0x0010351d                free
 *fill*         0x00103912        0x2 90909090
 .text          0x00103914      0x11f target/kernel/mm.o
                0x00103a0a                set_reply
                0x00103914                mm_task
 *fill*         0x00103a33        0x1 90909090
 .text          0x00103a34      0x313 target/kernel/fork.o
                0x00103a34                fork
 *fill*         0x00103d47        0x1 90909090
 .text          0x00103d48      0x15d target/kernel/mem_map.o
                0x00103d48                new_mem_map
                0x00103e56                get_mem_map
 *fill*         0x00103ea5        0x3 90909090
 .text          0x00103ea8      0x2ba target/kernel/exit.o
                0x00104107                exit_cleanup
                0x00103ea8                exit
 *fill*         0x00104162        0x2 90909090
 .text          0x00104164      0x101 target/kernel/wait.o
                0x00104180                waitpid
                0x00104164                wait
 *fill*         0x00104265        0x3 90909090
 .text          0x00104268     0x1102 target/kernel/at_wini.o
                0x00104268                at_winchester_task
 *fill*         0x0010536a        0x2 90909090
 .text          0x0010536c       0x9f target/kernel/fs.o
                0x0010536c                fs_task
 *fill*         0x0010540b        0x1 90909090
 .text          0x0010540c       0x81 target/lib/ansi/memcmp.o
                0x0010540c                memcmp
 *fill*         0x0010548d        0x3 90909090
 .text          0x00105490      0x12b target/lib/ansi/cstring.o
                0x00105490                strncmp
                0x00105536                strcmp
 *fill*         0x001055bb        0x1 90909090
 .text          0x001055bc      0x4a9 target/lib/stdio/kprintf.o
                0x001055bc                kprintf
                0x0010561c                fmt_string
 *(.text.*personality*)
 *(.gnu.warning)

.fini
 *(.fini)
                0x00105a65                PROVIDE (__etext, .)
                0x00105a65                PROVIDE (_etext, .)
                0x00105a65                PROVIDE (etext, .)

.rodata         0x00105a68      0xc34
 *(.rodata .rodata.* .gnu.linkonce.r.*)
 .rodata        0x00105a68       0x11 target/kernel/main.o
 .rodata        0x00105a79       0x1b target/kernel/init_c.o
 .rodata        0x00105a94      0x1f8 target/kernel/exception.o
 .rodata        0x00105c8c       0xb7 target/kernel/panic.o
 *fill*         0x00105d43        0x1 00
 .rodata        0x00105d44       0x25 target/kernel/i8259.o
 *fill*         0x00105d69        0x3 00
 .rodata        0x00105d6c       0xf2 target/kernel/clock.o
 .rodata        0x00105e5e       0x22 target/kernel/process.o
 .rodata        0x00105e80       0x43 target/kernel/ipc.o
 *fill*         0x00105ec3        0x1 00
 .rodata        0x00105ec4       0xe4 target/kernel/dump.o
 .rodata        0x00105fa8       0x64 target/kernel/keyboard.o
 .rodata        0x0010600c      0x108 target/kernel/tty.o
 .rodata        0x00106114       0x77 target/kernel/alloc.o
 *fill*         0x0010618b        0x1 00
 .rodata        0x0010618c       0x3c target/kernel/mm.o
 .rodata        0x001061c8       0x40 target/kernel/fork.o
 .rodata        0x00106208       0x21 target/kernel/mem_map.o
 *fill*         0x00106229        0x3 00
 .rodata        0x0010622c       0x7b target/kernel/exit.o
 *fill*         0x001062a7        0x1 00
 .rodata        0x001062a8      0x273 target/kernel/at_wini.o
 .rodata        0x0010651b       0x30 target/kernel/fs.o
 *fill*         0x0010654b        0x1 00
 .rodata        0x0010654c      0x150 target/lib/stdio/kprintf.o

.lib            0x0010669c       0xc0
 .lib           0x0010669c       0x7e target/lib/ansi/string.o
                0x001066ec                strcpy
                0x0010669c                memcpy
                0x001066c8                memset
                0x00106704                strlen
 .lib           0x0010671a       0x42 target/lib/i386/ipc/ipc.o
                0x00106732                send_rec
                0x00106752                park
                0x0010671a                send
                0x00106755                unpark
                0x00106726                receive
                0x0010673e                in_outbox

.rodata1
 *(.rodata1)

.eh_frame_hdr
 *(.eh_frame_hdr)

.eh_frame
 *(.eh_frame)

.gcc_except_table
 *(.gcc_except_table .gcc_except_table.*)
                0x0010675c                . = (ALIGN (0x1000) - ((0x1000 - .) & 0xfff))
                0x0010775c                . = (0x1000 DATA_SEGMENT_ALIGN 0x1000)

.eh_frame
 *(.eh_frame)

.gcc_except_table
 *(.gcc_except_table .gcc_except_table.*)

.tdata
 *(.tdata .tdata.* .gnu.linkonce.td.*)

.tbss
 *(.tbss .tbss.* .gnu.linkonce.tb.*)
 *(.tcommon)

.preinit_array  0x0010775c        0x0
                0x0010775c                PROVIDE (__preinit_array_start, .)
 *(.preinit_array)
                0x0010775c                PROVIDE (__preinit_array_end, .)

.init_array     0x0010775c        0x0
                0x0010775c                PROVIDE (__init_array_start, .)
 *(SORT(.init_array.*))
 *(.init_array)
                0x0010775c                PROVIDE (__init_array_end, .)

.fini_array     0x0010775c        0x0
                0x0010775c                PROVIDE (__fini_array_start, .)
 *(.fini_array)
 *(SORT(.fini_array.*))
                0x0010775c                PROVIDE (__fini_array_end, .)

.ctors
 *crtbegin.o(.ctors)
 *crtbegin?.o(.ctors)
 *(EXCLUDE_FILE(*crtend?.o *crtend.o) .ctors)
 *(SORT(.ctors.*))
 *(.ctors)

.dtors
 *crtbegin.o(.dtors)
 *crtbegin?.o(.dtors)
 *(EXCLUDE_FILE(*crtend?.o *crtend.o) .dtors)
 *(SORT(.dtors.*))
 *(.dtors)

.jcr
 *(.jcr)

.data.rel.ro
 *(.data.rel.ro.local* .gnu.linkonce.d.rel.ro.local.*)
 *(.data.rel.ro* .gnu.linkonce.d.rel.ro.*)

.dynamic
 *(.dynamic)

.got
 *(.got)
                0x0010775c                . = (. DATA_SEGMENT_RELRO_END 0xc)

.got.plt
 *(.got.plt)

.data           0x00107760      0x9a6
 *(.data .data.* .gnu.linkonce.d.*)
 .data          0x00107760        0x1 target/kernel/kernel.o
 *fill*         0x00107761       0x1f 00
 .data          0x00107780       0xa8 target/kernel/main.o
                0x00107780                sysProcs
 *fill*         0x00107828       0x18 00
 .data          0x00107840      0x1b0 target/kernel/protect.o
                0x00107840                s_initGateInfos
 .data          0x001079f0        0x0 target/kernel/init_c.o
 *fill*         0x001079f0       0x10 00
 .data          0x00107a00       0x44 target/kernel/exception.o
 .data          0x00107a44        0x0 target/kernel/panic.o
 .data          0x00107a44        0x0 target/kernel/i8259.o
 *fill*         0x00107a44       0x1c 00
 .data          0x00107a60       0x50 target/kernel/clock.o
 .data          0x00107ab0        0x0 target/kernel/process.o
 .data          0x00107ab0        0x0 target/kernel/ipc.o
 .data          0x00107ab0        0x8 target/kernel/dump.o
 *fill*         0x00107ab8        0x8 00
 .data          0x00107ac0      0x600 target/kernel/keyboard.o
                0x00107ac0                keyMap
 .data          0x001080c0       0x20 target/kernel/tty.o
 .data          0x001080e0        0x0 target/kernel/console.o
 .data          0x001080e0        0x0 target/kernel/idle.o
 .data          0x001080e0        0x0 target/kernel/alloc.o
 .data          0x001080e0        0x0 target/kernel/mm.o
 .data          0x001080e0        0x4 target/kernel/fork.o
 .data          0x001080e4        0x0 target/kernel/mem_map.o
 .data          0x001080e4        0x0 target/kernel/exit.o
 .data          0x001080e4        0x0 target/kernel/wait.o
 .data          0x001080e4        0x0 target/kernel/at_wini.o
 .data          0x001080e4        0x0 target/kernel/fs.o
 .data          0x001080e4        0x0 target/lib/ansi/memcmp.o
 .data          0x001080e4        0x0 target/lib/ansi/cstring.o
 .data          0x001080e4       0x22 target/lib/stdio/kprintf.o
 *(.gnu.linkonce.d.*personality*)

.data1
 *(.data1)
                0x00108106                _edata = .
                0x00108106                PROVIDE (edata, .)
                0x00108106                __bss_start = .

.bss            0x00108120    0xddc94
 *(.dynbss)
 *(.bss .bss.* .gnu.linkonce.b.*)
 .bss           0x00108120      0x800 target/kernel/kernel.o
                0x00108920                STACK_TOP
 .bss           0x00108920        0x0 target/kernel/main.o
 .bss           0x00108920      0x4a8 target/kernel/protect.o
 .bss           0x00108dc8        0x0 target/kernel/init_c.o
 .bss           0x00108dc8        0x0 target/kernel/exception.o
 .bss           0x00108dc8        0x0 target/kernel/panic.o
 .bss           0x00108dc8        0x0 target/kernel/i8259.o
 *fill*         0x00108dc8       0x18 00
 .bss           0x00108de0       0x50 target/kernel/clock.o
 .bss           0x00108e30        0x1 target/kernel/process.o
 *fill*         0x00108e31        0xf 00
 .bss           0x00108e40       0xdc target/kernel/ipc.o
 .bss           0x00108f1c        0x0 target/kernel/dump.o
 *fill*         0x00108f1c        0x4 00
 .bss           0x00108f20       0x84 target/kernel/keyboard.o
 *fill*         0x00108fa4       0x1c 00
 .bss           0x00108fc0      0x160 target/kernel/tty.o
 .bss           0x00109120        0x0 target/kernel/console.o
 .bss           0x00109120        0x0 target/kernel/idle.o
 .bss           0x00109120        0x8 target/kernel/alloc.o
 *fill*         0x00109128       0x18 00
 .bss           0x00109140       0x24 target/kernel/mm.o
 .bss           0x00109164        0x0 target/kernel/fork.o
 .bss           0x00109164        0x0 target/kernel/mem_map.o
 .bss           0x00109164        0x0 target/kernel/exit.o
 .bss           0x00109164        0x0 target/kernel/wait.o
 *fill*         0x00109164       0x1c 00
 .bss           0x00109180      0x6ac target/kernel/at_wini.o
 *fill*         0x0010982c       0x14 00
 .bss           0x00109840       0x28 target/kernel/fs.o
 .bss           0x00109868        0x0 target/lib/ansi/memcmp.o
 .bss           0x00109868        0x0 target/lib/ansi/cstring.o
 *fill*         0x00109868       0x18 00
 .bss           0x00109880       0xa0 target/lib/stdio/kprintf.o
 *(COMMON)
 COMMON         0x00109920    0x1bb94 target/kernel/main.o
                0x00109920                level0Fn
                0x00109924                gp_readyHeads
                0x00109930                gp_curProc
                0x00109934                gp_heldHead
                0x00109940                sysProcStack
                0x00122540                proc_in_use
                0x00122560                g_procs
                0x00124520                g_tss
                0x00124588                gp_bootParam
                0x0012458c                mm_who
                0x00124590                gp_idt
                0x001245a0                mmsg_in
                0x001245c4                gp_billProc
                0x001245c8                nrCurConsole
                0x001245cc                g_dispPosition
                0x001245d0                kernelReenter
                0x001245e0                gp_procs
                0x0012467c                gp_gdt
                0x00124684                g_kernelMap
                0x001246a0                g_irqHandlers
                0x001246e0                g_gdt
                0x00124840                consoles
                0x00124870                curr_mp
                0x00124874                gp_readyTails
                0x00124880                ttys
                0x001254b0                gp_heldTail
 *fill*         0x001254b4        0xc 00
 COMMON         0x001254c0    0xc08f4 target/kernel/mm.o
                0x001254c0                mmProcs
                0x00125dc0                nodes
                0x001e5db4                . = ALIGN ((. != 0x0)?0x4:0x1)
                0x001e5db4                . = ALIGN (0x4)
                0x001e5db4                . = ALIGN (0x4)
                0x001e5db4                _end = .
                0x001e5db4                PROVIDE (end, .)
                0x001e5db4                . = DATA_SEGMENT_END (.)

.stab
 *(.stab)

.stabstr
 *(.stabstr)

.stab.excl
 *(.stab.excl)

.stab.exclstr
 *(.stab.exclstr)

.stab.index
 *(.stab.index)

.stab.indexstr
 *(.stab.indexstr)

.comment        0x00000000      0x4fa
 *(.comment)
 .comment       0x00000000       0x1f target/kernel/kernel.o
 .comment       0x0000001f       0x2e target/kernel/main.o
 .comment       0x0000004d       0x1f target/kernel/kernel_i386lib.o
 .comment       0x0000006c       0x2e target/kernel/protect.o
 .comment       0x0000009a       0x2e target/kernel/init_c.o
 .comment       0x000000c8       0x2e target/kernel/exception.o
 .comment       0x000000f6       0x2e target/kernel/panic.o
 .comment       0x00000124       0x2e target/kernel/i8259.o
 .comment       0x00000152       0x2e target/kernel/clock.o
 .comment       0x00000180       0x2e target/kernel/process.o
 .comment       0x000001ae       0x2e target/kernel/ipc.o
 .comment       0x000001dc       0x2e target/kernel/dump.o
 .comment       0x0000020a       0x2e target/kernel/keyboard.o
 .comment       0x00000238       0x2e target/kernel/tty.o
 .comment       0x00000266       0x2e target/kernel/console.o
 .comment       0x00000294       0x2e target/kernel/idle.o
 .comment       0x000002c2       0x2e target/kernel/alloc.o
 .comment       0x000002f0       0x2e target/kernel/mm.o
 .comment       0x0000031e       0x2e target/kernel/fork.o
 .comment       0x0000034c       0x2e target/kernel/mem_map.o
 .comment       0x0000037a       0x2e target/kernel/exit.o
 .comment       0x000003a8       0x2e target/kernel/wait.o
 .comment       0x000003d6       0x2e target/kernel/at_wini.o
 .comment       0x00000404       0x2e target/kernel/fs.o
 .comment       0x00000432       0x1f target/lib/ansi/string.o
 .comment       0x00000451       0x2e target/lib/ansi/memcmp.o
 .comment       0x0000047f       0x2e target/lib/ansi/cstring.o
 .comment       0x000004ad       0x2e target/lib/stdio/kprintf.o
 .comment       0x000004db       0x1f target/lib/i386/ipc/ipc.o

.debug
 *(.debug)

.line
 *(.line)

.debug_srcinfo
 *(.debug_srcinfo)

.debug_sfnames
 *(.debug_sfnames)

.debug_aranges
 *(.debug_aranges)

.debug_pubnames
 *(.debug_pubnames)

.debug_info
 *(.debug_info .gnu.linkonce.wi.*)

.debug_abbrev
 *(.debug_abbrev)

.debug_line
 *(.debug_line)

.debug_frame
 *(.debug_frame)

.debug_str
 *(.debug_str)

.debug_loc
 *(.debug_loc)

.debug_macinfo
 *(.debug_macinfo)

.debug_weaknames
 *(.debug_weaknames)

.debug_funcnames
 *(.debug_funcnames)

.debug_typenames
 *(.debug_typenames)

.debug_varnames
 *(.debug_varnames)

.debug_pubtypes
 *(.debug_pubtypes)

.debug_ranges
 *(.debug_ranges)

/DISCARD/
 *(.note.GNU-stack)
OUTPUT(target/kernel/kernel.bin elf32-i386)
