
Allocating common symbols
Common symbol       size              file

level0Fn            0x4               target/kernel/main.o
gp_readyHeads       0xc               target/kernel/main.o
gp_curProc          0x4               target/kernel/main.o
gp_heldHead         0x4               target/kernel/main.o
sysProcStack        0x8800            target/kernel/main.o
proc_in_use         0x4               target/kernel/main.o
g_procs             0x1ee0            target/kernel/main.o
g_tss               0x68              target/kernel/main.o
gp_bootParam        0x4               target/kernel/main.o
mm_who              0x4               target/kernel/main.o
gp_idt              0x6               target/kernel/main.o
mmsg_in             0x24              target/kernel/main.o
gp_billProc         0x4               target/kernel/main.o
mmProcs             0x900             target/kernel/mm.o
nrCurConsole        0x4               target/kernel/main.o
g_dispPosition      0x4               target/kernel/main.o
kernelReenter       0x1               target/kernel/main.o
gp_procs            0x98              target/kernel/main.o
gp_gdt              0x6               target/kernel/main.o
g_kernelMap         0x8               target/kernel/main.o
g_irqHandlers       0x40              target/kernel/main.o
nodes               0xbfff4           target/kernel/mm.o
g_gdt               0x158             target/kernel/main.o
consoles            0x30              target/kernel/main.o
curr_mp             0x4               target/kernel/main.o
gp_readyTails       0xc               target/kernel/main.o
ttys                0xc30             target/kernel/main.o
gp_heldTail         0x4               target/kernel/main.o

Discarded input sections

 .note.GNU-stack
                0x00000000        0x0 target/kernel/main.o
 .note.GNU-stack
                0x00000000        0x0 target/kernel/protect.o
 .note.GNU-stack
                0x00000000        0x0 target/kernel/init_c.o
 .note.GNU-stack
                0x00000000        0x0 target/kernel/exception.o
 .note.GNU-stack
                0x00000000        0x0 target/kernel/panic.o
 .note.GNU-stack
                0x00000000        0x0 target/kernel/i8259.o
 .note.GNU-stack
                0x00000000        0x0 target/kernel/clock.o
 .note.GNU-stack
                0x00000000        0x0 target/kernel/process.o
 .note.GNU-stack
                0x00000000        0x0 target/kernel/ipc.o
 .note.GNU-stack
                0x00000000        0x0 target/kernel/dump.o
 .note.GNU-stack
                0x00000000        0x0 target/kernel/keyboard.o
 .note.GNU-stack
                0x00000000        0x0 target/kernel/tty.o
 .note.GNU-stack
                0x00000000        0x0 target/kernel/console.o
 .note.GNU-stack
                0x00000000        0x0 target/kernel/idle.o
 .note.GNU-stack
                0x00000000        0x0 target/kernel/alloc.o
 .note.GNU-stack
                0x00000000        0x0 target/kernel/mm.o
 .note.GNU-stack
                0x00000000        0x0 target/kernel/fork.o
 .note.GNU-stack
                0x00000000        0x0 target/kernel/mem_map.o
 .note.GNU-stack
                0x00000000        0x0 target/kernel/exit.o
 .note.GNU-stack
                0x00000000        0x0 target/kernel/wait.o
 .note.GNU-stack
                0x00000000        0x0 target/kernel/at_wini.o
 .note.GNU-stack
                0x00000000        0x0 target/lib/ansi/memcmp.o
 .note.GNU-stack
                0x00000000        0x0 target/lib/ansi/cstring.o
 .note.GNU-stack
                0x00000000        0x0 target/lib/stdio/kprintf.o

Memory Configuration

Name             Origin             Length             Attributes
*default*        0x00000000         0xffffffff

Linker script and memory map

Address of section .text set to 0x100000
LOAD target/kernel/kernel.o
LOAD target/kernel/main.o
LOAD target/kernel/kernel_i386lib.o
LOAD target/kernel/protect.o
LOAD target/kernel/init_c.o
LOAD target/kernel/exception.o
LOAD target/kernel/panic.o
LOAD target/kernel/i8259.o
LOAD target/kernel/clock.o
LOAD target/kernel/process.o
LOAD target/kernel/ipc.o
LOAD target/kernel/dump.o
LOAD target/kernel/keyboard.o
LOAD target/kernel/tty.o
LOAD target/kernel/console.o
LOAD target/kernel/idle.o
LOAD target/kernel/alloc.o
LOAD target/kernel/mm.o
LOAD target/kernel/fork.o
LOAD target/kernel/mem_map.o
LOAD target/kernel/exit.o
LOAD target/kernel/wait.o
LOAD target/kernel/at_wini.o
LOAD target/lib/ansi/string.o
LOAD target/lib/ansi/memcmp.o
LOAD target/lib/ansi/cstring.o
LOAD target/lib/stdio/kprintf.o
LOAD target/lib/i386/ipc/ipc.o
                0x08048000                PROVIDE (__executable_start, 0x8048000)
                0x08048094                . = (0x8048000 + SIZEOF_HEADERS)

.interp
 *(.interp)

.hash
 *(.hash)

.gnu.hash
 *(.gnu.hash)

.dynsym
 *(.dynsym)

.dynstr
 *(.dynstr)

.gnu.version
 *(.gnu.version)

.gnu.version_d
 *(.gnu.version_d)

.gnu.version_r
 *(.gnu.version_r)

.rel.dyn        0x08048094        0x0
 *(.rel.init)
 *(.rel.text .rel.text.* .rel.gnu.linkonce.t.*)
 .rel.text      0x00000000        0x0 target/kernel/kernel.o
 *(.rel.fini)
 *(.rel.rodata .rel.rodata.* .rel.gnu.linkonce.r.*)
 *(.rel.data.rel.ro* .rel.gnu.linkonce.d.rel.ro.*)
 *(.rel.data .rel.data.* .rel.gnu.linkonce.d.*)
 .rel.data      0x00000000        0x0 target/kernel/kernel.o
 *(.rel.tdata .rel.tdata.* .rel.gnu.linkonce.td.*)
 *(.rel.tbss .rel.tbss.* .rel.gnu.linkonce.tb.*)
 *(.rel.ctors)
 *(.rel.dtors)
 *(.rel.got)
 *(.rel.bss .rel.bss.* .rel.gnu.linkonce.b.*)

.rela.dyn
 *(.rela.init)
 *(.rela.text .rela.text.* .rela.gnu.linkonce.t.*)
 *(.rela.fini)
 *(.rela.rodata .rela.rodata.* .rela.gnu.linkonce.r.*)
 *(.rela.data .rela.data.* .rela.gnu.linkonce.d.*)
 *(.rela.tdata .rela.tdata.* .rela.gnu.linkonce.td.*)
 *(.rela.tbss .rela.tbss.* .rela.gnu.linkonce.tb.*)
 *(.rela.ctors)
 *(.rela.dtors)
 *(.rela.got)
 *(.rela.bss .rela.bss.* .rela.gnu.linkonce.b.*)

.rel.plt
 *(.rel.plt)

.rela.plt
 *(.rela.plt)

.init
 *(.init)

.plt
 *(.plt)

.text           0x00100000     0x56dd
 *(.text .stub .text.* .gnu.linkonce.t.*)
 .text          0x00100000       0x3f target/kernel/kernel.o
                0x00100000                _start
 *fill*         0x0010003f        0x1 90909090
 .text          0x00100040      0x25b target/kernel/main.o
                0x00100040                aos_main
 *fill*         0x0010029b        0x5 90909090
 .text          0x001002a0      0x76d target/kernel/kernel_i386lib.o
                0x0010043b                cpu_halt
                0x00100720                hwint08
                0x00100385                invalid_opcode
                0x0010030d                divide_error
                0x001003bc                coop_proc_seg_oob
                0x001002a0                phys_copy
                0x001009c0                level0
                0x0010045e                port_read
                0x00100820                hwint12
                0x001003fd                general_protection
                0x001009ad                level0_sys_call
                0x0010035d                over_flow
                0x001004f0                enable_irq
                0x00100860                hwint13
                0x00100760                hwint09
                0x001008e0                hwint15
                0x00100520                hwint00
                0x001009f6                park_sys_call
                0x001005e0                hwint03
                0x001003df                segment_not_present
                0x0010041b                math_fault
                0x001004a0                interrupt_unlock
                0x00100a01                unpark_sys_call
                0x001007a0                hwint10
                0x00100947                aos_sys_call
                0x00100349                break_point
                0x00100560                hwint01
                0x00100450                out_byte
                0x00100321                debug_exception
                0x001005a0                hwint02
                0x001003ad                double_fault
                0x001002d0                low_print
                0x00100660                hwint05
                0x00100471                port_write
                0x00100335                non_maskable_int
                0x001009d0                msg_copy
                0x001008a0                hwint14
                0x00100440                in_byte
                0x0010040c                page_fault
                0x00100371                out_of_bounds
                0x001009a9                halt
                0x001006a0                hwint06
                0x00100620                hwint04
                0x001003d0                invalid_tss
                0x0010097c                restart
                0x001006e0                hwint07
                0x001003ee                stack_exception
                0x00100490                interrupt_lock
                0x001007e0                hwint11
                0x001009e7                cmos_read
                0x00100399                dev_not_available
                0x001004b0                disable_irq
 *fill*         0x00100a0d        0x3 90909090
 .text          0x00100a10      0x264 target/kernel/protect.o
                0x00100ba3                init_segment_desc
                0x00100a10                init_protect
 .text          0x00100c74       0x59 target/kernel/init_c.o
                0x00100c74                init_c
 *fill*         0x00100ccd        0x3 90909090
 .text          0x00100cd0       0x6e target/kernel/exception.o
                0x00100cd0                exception_handler
 *fill*         0x00100d3e        0x2 90909090
 .text          0x00100d40       0xc3 target/kernel/panic.o
                0x00100d40                panic
                0x00100dc6                bad_compare
                0x00100d89                bad_assertion
 *fill*         0x00100e03        0x1 90909090
 .text          0x00100e04      0x14c target/kernel/i8259.o
                0x00100e04                init_8259A
                0x00100f01                put_irq_handler
 .text          0x00100f50      0x60f target/kernel/clock.o
                0x00100f50                clock_task
                0x00101208                milli_delay
                0x00101056                get_rtc_time
 *fill*         0x0010155f        0x1 90909090
 .text          0x00101560      0x55c target/kernel/process.o
                0x00101964                lock_hunter
                0x001017ba                schedule_stop
                0x0010197f                lock_ready
                0x001018fe                unhold
                0x0010161a                unready
                0x001019c1                lock_schedule
                0x001019a0                lock_unready
                0x001017c9                interrupt
                0x00101560                ready
 .text          0x00101abc      0x56f target/kernel/ipc.o
                0x00101f81                rm_proc_from_waiters
                0x00101c09                aos_send
                0x00101abc                sys_call
                0x00101efc                aos_park
                0x00101dc7                aos_receive
                0x00101f11                aos_unpark
 *fill*         0x0010202b        0x1 90909090
 .text          0x0010202c      0x324 target/kernel/dump.o
                0x0010202c                proc_dump
                0x00102255                map_dump
 .text          0x00102350      0x692 target/kernel/keyboard.o
                0x00102350                keyboard_handler
                0x00102447                keyboard_read
                0x0010243d                kb_in_count
                0x001023dd                init_keyboard
 *fill*         0x001029e2        0x2 90909090
 .text          0x001029e4      0x4f6 target/kernel/tty.o
                0x00102a74                in_process
                0x00102b89                is_cur_console
                0x001029e4                tty_task
 *fill*         0x00102eda        0x2 90909090
 .text          0x00102edc      0x411 target/kernel/console.o
                0x0010313a                select_console
                0x00103019                init_screen
                0x00103180                scroll_screen
                0x00102edc                out_char
 *fill*         0x001032ed        0x3 90909090
 .text          0x001032f0       0x14 target/kernel/idle.o
                0x001032f0                idle_task
 .text          0x00103304      0x56e target/kernel/alloc.o
                0x001033f4                alloc
                0x00103304                mem_init
                0x0010384b                mem_dump
                0x0010347d                free
 *fill*         0x00103872        0x2 90909090
 .text          0x00103874      0x11f target/kernel/mm.o
                0x0010396a                set_reply
                0x00103874                mm_task
 *fill*         0x00103993        0x1 90909090
 .text          0x00103994      0x313 target/kernel/fork.o
                0x00103994                fork
 *fill*         0x00103ca7        0x1 90909090
 .text          0x00103ca8      0x15d target/kernel/mem_map.o
                0x00103ca8                new_mem_map
                0x00103db6                get_mem_map
 *fill*         0x00103e05        0x3 90909090
 .text          0x00103e08      0x2ba target/kernel/exit.o
                0x00104067                exit_cleanup
                0x00103e08                exit
 *fill*         0x001040c2        0x2 90909090
 .text          0x001040c4      0x101 target/kernel/wait.o
                0x001040e0                waitpid
                0x001040c4                wait
 *fill*         0x001041c5        0x3 90909090
 .text          0x001041c8      0xeba target/kernel/at_wini.o
                0x001041c8                at_winchester_task
 *fill*         0x00105082        0x2 90909090
 .text          0x00105084       0x81 target/lib/ansi/memcmp.o
                0x00105084                memcmp
 *fill*         0x00105105        0x3 90909090
 .text          0x00105108      0x12b target/lib/ansi/cstring.o
                0x00105108                strncmp
                0x001051ae                strcmp
 *fill*         0x00105233        0x1 90909090
 .text          0x00105234      0x4a9 target/lib/stdio/kprintf.o
                0x00105234                kprintf
                0x00105294                fmt_string
 *(.text.*personality*)
 *(.gnu.warning)

.fini
 *(.fini)
                0x001056dd                PROVIDE (__etext, .)
                0x001056dd                PROVIDE (_etext, .)
                0x001056dd                PROVIDE (etext, .)

.rodata         0x001056e0      0xbc8
 *(.rodata .rodata.* .gnu.linkonce.r.*)
 .rodata        0x001056e0       0x11 target/kernel/main.o
 .rodata        0x001056f1       0x1b target/kernel/protect.o
 .rodata        0x0010570c       0x1b target/kernel/init_c.o
 *fill*         0x00105727        0x1 00
 .rodata        0x00105728      0x1f8 target/kernel/exception.o
 .rodata        0x00105920       0xb7 target/kernel/panic.o
 *fill*         0x001059d7        0x1 00
 .rodata        0x001059d8       0x3d target/kernel/i8259.o
 *fill*         0x00105a15        0x3 00
 .rodata        0x00105a18       0xf2 target/kernel/clock.o
 .rodata        0x00105b0a       0x22 target/kernel/process.o
 .rodata        0x00105b2c       0x43 target/kernel/ipc.o
 *fill*         0x00105b6f        0x1 00
 .rodata        0x00105b70       0xe4 target/kernel/dump.o
 .rodata        0x00105c54       0x64 target/kernel/keyboard.o
 .rodata        0x00105cb8      0x108 target/kernel/tty.o
 .rodata        0x00105dc0       0x77 target/kernel/alloc.o
 *fill*         0x00105e37        0x1 00
 .rodata        0x00105e38       0x3c target/kernel/mm.o
 .rodata        0x00105e74       0x40 target/kernel/fork.o
 .rodata        0x00105eb4       0x21 target/kernel/mem_map.o
 *fill*         0x00105ed5        0x3 00
 .rodata        0x00105ed8       0x7b target/kernel/exit.o
 *fill*         0x00105f53        0x5 00
 .rodata        0x00105f58      0x1fe target/kernel/at_wini.o
 *fill*         0x00106156        0x2 00
 .rodata        0x00106158      0x150 target/lib/stdio/kprintf.o

.lib            0x001062a8       0xc0
 .lib           0x001062a8       0x7e target/lib/ansi/string.o
                0x001062f8                strcpy
                0x001062a8                memcpy
                0x001062d4                memset
                0x00106310                strlen
 .lib           0x00106326       0x42 target/lib/i386/ipc/ipc.o
                0x0010633e                send_rec
                0x0010635e                park
                0x00106326                send
                0x00106361                unpark
                0x00106332                receive
                0x0010634a                in_outbox

.rodata1
 *(.rodata1)

.eh_frame_hdr
 *(.eh_frame_hdr)

.eh_frame
 *(.eh_frame)

.gcc_except_table
 *(.gcc_except_table .gcc_except_table.*)
                0x00106368                . = (ALIGN (0x1000) - ((0x1000 - .) & 0xfff))
                0x00107368                . = (0x1000 DATA_SEGMENT_ALIGN 0x1000)

.eh_frame
 *(.eh_frame)

.gcc_except_table
 *(.gcc_except_table .gcc_except_table.*)

.tdata
 *(.tdata .tdata.* .gnu.linkonce.td.*)

.tbss
 *(.tbss .tbss.* .gnu.linkonce.tb.*)
 *(.tcommon)

.preinit_array  0x00107368        0x0
                0x00107368                PROVIDE (__preinit_array_start, .)
 *(.preinit_array)
                0x00107368                PROVIDE (__preinit_array_end, .)

.init_array     0x00107368        0x0
                0x00107368                PROVIDE (__init_array_start, .)
 *(SORT(.init_array.*))
 *(.init_array)
                0x00107368                PROVIDE (__init_array_end, .)

.fini_array     0x00107368        0x0
                0x00107368                PROVIDE (__fini_array_start, .)
 *(.fini_array)
 *(SORT(.fini_array.*))
                0x00107368                PROVIDE (__fini_array_end, .)

.ctors
 *crtbegin.o(.ctors)
 *crtbegin?.o(.ctors)
 *(EXCLUDE_FILE(*crtend?.o *crtend.o) .ctors)
 *(SORT(.ctors.*))
 *(.ctors)

.dtors
 *crtbegin.o(.dtors)
 *crtbegin?.o(.dtors)
 *(EXCLUDE_FILE(*crtend?.o *crtend.o) .dtors)
 *(SORT(.dtors.*))
 *(.dtors)

.jcr
 *(.jcr)

.data.rel.ro
 *(.data.rel.ro.local* .gnu.linkonce.d.rel.ro.local.*)
 *(.data.rel.ro* .gnu.linkonce.d.rel.ro.*)

.dynamic
 *(.dynamic)

.got
 *(.got)
                0x00107368                . = (. DATA_SEGMENT_RELRO_END 0xc)

.got.plt
 *(.got.plt)

.data           0x00107380      0x986
 *(.data .data.* .gnu.linkonce.d.*)
 .data          0x00107380        0x1 target/kernel/kernel.o
 *fill*         0x00107381       0x1f 00
 .data          0x001073a0       0x90 target/kernel/main.o
                0x001073a0                sysProcs
 *fill*         0x00107430       0x10 00
 .data          0x00107440      0x1b0 target/kernel/protect.o
                0x00107440                s_initGateInfos
 .data          0x001075f0        0x0 target/kernel/init_c.o
 *fill*         0x001075f0       0x10 00
 .data          0x00107600       0x44 target/kernel/exception.o
 .data          0x00107644        0x0 target/kernel/panic.o
 .data          0x00107644        0x0 target/kernel/i8259.o
 *fill*         0x00107644       0x1c 00
 .data          0x00107660       0x50 target/kernel/clock.o
 .data          0x001076b0        0x0 target/kernel/process.o
 .data          0x001076b0        0x0 target/kernel/ipc.o
 .data          0x001076b0        0x8 target/kernel/dump.o
 *fill*         0x001076b8        0x8 00
 .data          0x001076c0      0x600 target/kernel/keyboard.o
                0x001076c0                keyMap
 .data          0x00107cc0       0x20 target/kernel/tty.o
 .data          0x00107ce0        0x0 target/kernel/console.o
 .data          0x00107ce0        0x0 target/kernel/idle.o
 .data          0x00107ce0        0x0 target/kernel/alloc.o
 .data          0x00107ce0        0x0 target/kernel/mm.o
 .data          0x00107ce0        0x4 target/kernel/fork.o
 .data          0x00107ce4        0x0 target/kernel/mem_map.o
 .data          0x00107ce4        0x0 target/kernel/exit.o
 .data          0x00107ce4        0x0 target/kernel/wait.o
 .data          0x00107ce4        0x0 target/kernel/at_wini.o
 .data          0x00107ce4        0x0 target/lib/ansi/memcmp.o
 .data          0x00107ce4        0x0 target/lib/ansi/cstring.o
 .data          0x00107ce4       0x22 target/lib/stdio/kprintf.o
 *(.gnu.linkonce.d.*personality*)

.data1
 *(.data1)
                0x00107d06                _edata = .
                0x00107d06                PROVIDE (edata, .)
                0x00107d06                __bss_start = .

.bss            0x00107d20    0xcd734
 *(.dynbss)
 *(.bss .bss.* .gnu.linkonce.b.*)
 .bss           0x00107d20      0x800 target/kernel/kernel.o
                0x00108520                STACK_TOP
 .bss           0x00108520        0x0 target/kernel/main.o
 .bss           0x00108520      0x4a8 target/kernel/protect.o
 .bss           0x001089c8        0x0 target/kernel/init_c.o
 .bss           0x001089c8        0x0 target/kernel/exception.o
 .bss           0x001089c8        0x0 target/kernel/panic.o
 .bss           0x001089c8        0x0 target/kernel/i8259.o
 *fill*         0x001089c8       0x18 00
 .bss           0x001089e0       0x50 target/kernel/clock.o
 .bss           0x00108a30        0x1 target/kernel/process.o
 *fill*         0x00108a31        0xf 00
 .bss           0x00108a40       0x98 target/kernel/ipc.o
 .bss           0x00108ad8        0x0 target/kernel/dump.o
 *fill*         0x00108ad8        0x8 00
 .bss           0x00108ae0       0x84 target/kernel/keyboard.o
 *fill*         0x00108b64       0x1c 00
 .bss           0x00108b80      0x160 target/kernel/tty.o
 .bss           0x00108ce0        0x0 target/kernel/console.o
 .bss           0x00108ce0        0x0 target/kernel/idle.o
 .bss           0x00108ce0        0x8 target/kernel/alloc.o
 *fill*         0x00108ce8       0x18 00
 .bss           0x00108d00       0x24 target/kernel/mm.o
 .bss           0x00108d24        0x0 target/kernel/fork.o
 .bss           0x00108d24        0x0 target/kernel/mem_map.o
 .bss           0x00108d24        0x0 target/kernel/exit.o
 .bss           0x00108d24        0x0 target/kernel/wait.o
 *fill*         0x00108d24       0x1c 00
 .bss           0x00108d40      0x6ac target/kernel/at_wini.o
 .bss           0x001093ec        0x0 target/lib/ansi/memcmp.o
 .bss           0x001093ec        0x0 target/lib/ansi/cstring.o
 *fill*         0x001093ec       0x14 00
 .bss           0x00109400       0xa0 target/lib/stdio/kprintf.o
 *(COMMON)
 COMMON         0x001094a0     0xb6b4 target/kernel/main.o
                0x001094a0                level0Fn
                0x001094a4                gp_readyHeads
                0x001094b0                gp_curProc
                0x001094b4                gp_heldHead
                0x001094c0                sysProcStack
                0x00111cc0                proc_in_use
                0x00111ce0                g_procs
                0x00113bc0                g_tss
                0x00113c28                gp_bootParam
                0x00113c2c                mm_who
                0x00113c30                gp_idt
                0x00113c40                mmsg_in
                0x00113c64                gp_billProc
                0x00113c68                nrCurConsole
                0x00113c6c                g_dispPosition
                0x00113c70                kernelReenter
                0x00113c80                gp_procs
                0x00113d18                gp_gdt
                0x00113d20                g_kernelMap
                0x00113d40                g_irqHandlers
                0x00113d80                g_gdt
                0x00113ee0                consoles
                0x00113f10                curr_mp
                0x00113f14                gp_readyTails
                0x00113f20                ttys
                0x00114b50                gp_heldTail
 *fill*         0x00114b54        0xc 00
 COMMON         0x00114b60    0xc08f4 target/kernel/mm.o
                0x00114b60                mmProcs
                0x00115460                nodes
                0x001d5454                . = ALIGN ((. != 0x0)?0x4:0x1)
                0x001d5454                . = ALIGN (0x4)
                0x001d5454                . = ALIGN (0x4)
                0x001d5454                _end = .
                0x001d5454                PROVIDE (end, .)
                0x001d5454                . = DATA_SEGMENT_END (.)

.stab
 *(.stab)

.stabstr
 *(.stabstr)

.stab.excl
 *(.stab.excl)

.stab.exclstr
 *(.stab.exclstr)

.stab.index
 *(.stab.index)

.stab.indexstr
 *(.stab.indexstr)

.comment        0x00000000      0x4cc
 *(.comment)
 .comment       0x00000000       0x1f target/kernel/kernel.o
 .comment       0x0000001f       0x2e target/kernel/main.o
 .comment       0x0000004d       0x1f target/kernel/kernel_i386lib.o
 .comment       0x0000006c       0x2e target/kernel/protect.o
 .comment       0x0000009a       0x2e target/kernel/init_c.o
 .comment       0x000000c8       0x2e target/kernel/exception.o
 .comment       0x000000f6       0x2e target/kernel/panic.o
 .comment       0x00000124       0x2e target/kernel/i8259.o
 .comment       0x00000152       0x2e target/kernel/clock.o
 .comment       0x00000180       0x2e target/kernel/process.o
 .comment       0x000001ae       0x2e target/kernel/ipc.o
 .comment       0x000001dc       0x2e target/kernel/dump.o
 .comment       0x0000020a       0x2e target/kernel/keyboard.o
 .comment       0x00000238       0x2e target/kernel/tty.o
 .comment       0x00000266       0x2e target/kernel/console.o
 .comment       0x00000294       0x2e target/kernel/idle.o
 .comment       0x000002c2       0x2e target/kernel/alloc.o
 .comment       0x000002f0       0x2e target/kernel/mm.o
 .comment       0x0000031e       0x2e target/kernel/fork.o
 .comment       0x0000034c       0x2e target/kernel/mem_map.o
 .comment       0x0000037a       0x2e target/kernel/exit.o
 .comment       0x000003a8       0x2e target/kernel/wait.o
 .comment       0x000003d6       0x2e target/kernel/at_wini.o
 .comment       0x00000404       0x1f target/lib/ansi/string.o
 .comment       0x00000423       0x2e target/lib/ansi/memcmp.o
 .comment       0x00000451       0x2e target/lib/ansi/cstring.o
 .comment       0x0000047f       0x2e target/lib/stdio/kprintf.o
 .comment       0x000004ad       0x1f target/lib/i386/ipc/ipc.o

.debug
 *(.debug)

.line
 *(.line)

.debug_srcinfo
 *(.debug_srcinfo)

.debug_sfnames
 *(.debug_sfnames)

.debug_aranges
 *(.debug_aranges)

.debug_pubnames
 *(.debug_pubnames)

.debug_info
 *(.debug_info .gnu.linkonce.wi.*)

.debug_abbrev
 *(.debug_abbrev)

.debug_line
 *(.debug_line)

.debug_frame
 *(.debug_frame)

.debug_str
 *(.debug_str)

.debug_loc
 *(.debug_loc)

.debug_macinfo
 *(.debug_macinfo)

.debug_weaknames
 *(.debug_weaknames)

.debug_funcnames
 *(.debug_funcnames)

.debug_typenames
 *(.debug_typenames)

.debug_varnames
 *(.debug_varnames)

.debug_pubtypes
 *(.debug_pubtypes)

.debug_ranges
 *(.debug_ranges)

/DISCARD/
 *(.note.GNU-stack)
OUTPUT(target/kernel/kernel.bin elf32-i386)
