
Allocating common symbols
Common symbol       size              file

level0Fn            0x4               target/kernel/main.o
gp_readyHeads       0xc               target/kernel/main.o
gp_curProc          0x4               target/kernel/main.o
gp_heldHead         0x4               target/kernel/main.o
sysProcStack        0x8800            target/kernel/main.o
proc_in_use         0x4               target/kernel/main.o
g_procs             0x1e10            target/kernel/main.o
g_tss               0x68              target/kernel/main.o
gp_bootParam        0x4               target/kernel/main.o
mm_who              0x4               target/kernel/main.o
gp_idt              0x6               target/kernel/main.o
mmsg_in             0x24              target/kernel/main.o
gp_billProc         0x4               target/kernel/main.o
mmProcs             0x900             target/kernel/mm.o
nrCurConsole        0x4               target/kernel/main.o
g_dispPosition      0x4               target/kernel/main.o
kernelReenter       0x1               target/kernel/main.o
gp_procs            0x94              target/kernel/main.o
gp_gdt              0x6               target/kernel/main.o
g_kernelMap         0x8               target/kernel/main.o
g_irqHandlers       0x40              target/kernel/main.o
nodes               0xbfff4           target/kernel/mm.o
g_gdt               0x150             target/kernel/main.o
consoles            0x30              target/kernel/main.o
curr_mp             0x4               target/kernel/main.o
gp_readyTails       0xc               target/kernel/main.o
ttys                0xc30             target/kernel/main.o
gp_heldTail         0x4               target/kernel/main.o

Discarded input sections

 .note.GNU-stack
                0x00000000        0x0 target/kernel/main.o
 .note.GNU-stack
                0x00000000        0x0 target/kernel/protect.o
 .note.GNU-stack
                0x00000000        0x0 target/kernel/init_c.o
 .note.GNU-stack
                0x00000000        0x0 target/kernel/exception.o
 .note.GNU-stack
                0x00000000        0x0 target/kernel/panic.o
 .note.GNU-stack
                0x00000000        0x0 target/kernel/i8259.o
 .note.GNU-stack
                0x00000000        0x0 target/kernel/clock.o
 .note.GNU-stack
                0x00000000        0x0 target/kernel/process.o
 .note.GNU-stack
                0x00000000        0x0 target/kernel/ipc.o
 .note.GNU-stack
                0x00000000        0x0 target/kernel/dump.o
 .note.GNU-stack
                0x00000000        0x0 target/kernel/keyboard.o
 .note.GNU-stack
                0x00000000        0x0 target/kernel/tty.o
 .note.GNU-stack
                0x00000000        0x0 target/kernel/console.o
 .note.GNU-stack
                0x00000000        0x0 target/kernel/idle.o
 .note.GNU-stack
                0x00000000        0x0 target/kernel/alloc.o
 .note.GNU-stack
                0x00000000        0x0 target/kernel/mm.o
 .note.GNU-stack
                0x00000000        0x0 target/kernel/fork.o
 .note.GNU-stack
                0x00000000        0x0 target/kernel/mem_map.o
 .note.GNU-stack
                0x00000000        0x0 target/kernel/exit.o
 .note.GNU-stack
                0x00000000        0x0 target/kernel/wait.o
 .note.GNU-stack
                0x00000000        0x0 target/lib/ansi/memcmp.o
 .note.GNU-stack
                0x00000000        0x0 target/lib/ansi/cstring.o
 .note.GNU-stack
                0x00000000        0x0 target/lib/stdio/kprintf.o

Memory Configuration

Name             Origin             Length             Attributes
*default*        0x00000000         0xffffffff

Linker script and memory map

Address of section .text set to 0x100000
LOAD target/kernel/kernel.o
LOAD target/kernel/main.o
LOAD target/kernel/kernel_i386lib.o
LOAD target/kernel/protect.o
LOAD target/kernel/init_c.o
LOAD target/kernel/exception.o
LOAD target/kernel/panic.o
LOAD target/kernel/i8259.o
LOAD target/kernel/clock.o
LOAD target/kernel/process.o
LOAD target/kernel/ipc.o
LOAD target/kernel/dump.o
LOAD target/kernel/keyboard.o
LOAD target/kernel/tty.o
LOAD target/kernel/console.o
LOAD target/kernel/idle.o
LOAD target/kernel/alloc.o
LOAD target/kernel/mm.o
LOAD target/kernel/fork.o
LOAD target/kernel/mem_map.o
LOAD target/kernel/exit.o
LOAD target/kernel/wait.o
LOAD target/lib/ansi/string.o
LOAD target/lib/ansi/memcmp.o
LOAD target/lib/ansi/cstring.o
LOAD target/lib/stdio/kprintf.o
LOAD target/lib/i386/ipc/ipc.o
                0x08048000                PROVIDE (__executable_start, 0x8048000)
                0x08048094                . = (0x8048000 + SIZEOF_HEADERS)

.interp
 *(.interp)

.hash
 *(.hash)

.gnu.hash
 *(.gnu.hash)

.dynsym
 *(.dynsym)

.dynstr
 *(.dynstr)

.gnu.version
 *(.gnu.version)

.gnu.version_d
 *(.gnu.version_d)

.gnu.version_r
 *(.gnu.version_r)

.rel.dyn        0x08048094        0x0
 *(.rel.init)
 *(.rel.text .rel.text.* .rel.gnu.linkonce.t.*)
 .rel.text      0x00000000        0x0 target/kernel/kernel.o
 *(.rel.fini)
 *(.rel.rodata .rel.rodata.* .rel.gnu.linkonce.r.*)
 *(.rel.data.rel.ro* .rel.gnu.linkonce.d.rel.ro.*)
 *(.rel.data .rel.data.* .rel.gnu.linkonce.d.*)
 .rel.data      0x00000000        0x0 target/kernel/kernel.o
 *(.rel.tdata .rel.tdata.* .rel.gnu.linkonce.td.*)
 *(.rel.tbss .rel.tbss.* .rel.gnu.linkonce.tb.*)
 *(.rel.ctors)
 *(.rel.dtors)
 *(.rel.got)
 *(.rel.bss .rel.bss.* .rel.gnu.linkonce.b.*)

.rela.dyn
 *(.rela.init)
 *(.rela.text .rela.text.* .rela.gnu.linkonce.t.*)
 *(.rela.fini)
 *(.rela.rodata .rela.rodata.* .rela.gnu.linkonce.r.*)
 *(.rela.data .rela.data.* .rela.gnu.linkonce.d.*)
 *(.rela.tdata .rela.tdata.* .rela.gnu.linkonce.td.*)
 *(.rela.tbss .rela.tbss.* .rela.gnu.linkonce.tb.*)
 *(.rela.ctors)
 *(.rela.dtors)
 *(.rela.got)
 *(.rela.bss .rela.bss.* .rela.gnu.linkonce.b.*)

.rel.plt
 *(.rel.plt)

.rela.plt
 *(.rela.plt)

.init
 *(.init)

.plt
 *(.plt)

.text           0x00100000     0x47b5
 *(.text .stub .text.* .gnu.linkonce.t.*)
 .text          0x00100000       0x3f target/kernel/kernel.o
                0x00100000                _start
 *fill*         0x0010003f        0x1 90909090
 .text          0x00100040      0x25b target/kernel/main.o
                0x00100040                aos_main
 *fill*         0x0010029b        0x5 90909090
 .text          0x001002a0      0x75d target/kernel/kernel_i386lib.o
                0x0010043b                cpu_halt
                0x00100710                hwint08
                0x00100385                invalid_opcode
                0x0010030d                divide_error
                0x001003bc                coop_proc_seg_oob
                0x001002a0                phys_copy
                0x001009b0                level0
                0x00100810                hwint12
                0x001003fd                general_protection
                0x0010099d                level0_sys_call
                0x0010035d                over_flow
                0x001004e0                enable_irq
                0x00100470                out_word
                0x00100850                hwint13
                0x00100750                hwint09
                0x001008d0                hwint15
                0x00100510                hwint00
                0x001009e6                park_sys_call
                0x001005d0                hwint03
                0x001003df                segment_not_present
                0x0010041b                math_fault
                0x00100490                interrupt_unlock
                0x001009f1                unpark_sys_call
                0x00100790                hwint10
                0x00100937                aos_sys_call
                0x00100349                break_point
                0x00100550                hwint01
                0x00100450                out_byte
                0x00100321                debug_exception
                0x00100590                hwint02
                0x001003ad                double_fault
                0x001002d0                low_print
                0x00100650                hwint05
                0x00100335                non_maskable_int
                0x001009c0                msg_copy
                0x00100890                hwint14
                0x00100440                in_byte
                0x0010040c                page_fault
                0x00100371                out_of_bounds
                0x00100999                halt
                0x00100690                hwint06
                0x00100460                in_word
                0x00100610                hwint04
                0x001003d0                invalid_tss
                0x0010096c                restart
                0x001006d0                hwint07
                0x001003ee                stack_exception
                0x00100480                interrupt_lock
                0x001007d0                hwint11
                0x001009d7                cmos_read
                0x00100399                dev_not_available
                0x001004a0                disable_irq
 *fill*         0x001009fd        0x3 90909090
 .text          0x00100a00      0x264 target/kernel/protect.o
                0x00100b93                init_segment_desc
                0x00100a00                init_protect
 .text          0x00100c64       0x59 target/kernel/init_c.o
                0x00100c64                init_c
 *fill*         0x00100cbd        0x3 90909090
 .text          0x00100cc0       0x6e target/kernel/exception.o
                0x00100cc0                exception_handler
 *fill*         0x00100d2e        0x2 90909090
 .text          0x00100d30       0xc3 target/kernel/panic.o
                0x00100d30                panic
                0x00100db6                bad_compare
                0x00100d79                bad_assertion
 *fill*         0x00100df3        0x1 90909090
 .text          0x00100df4      0x14c target/kernel/i8259.o
                0x00100df4                init_8259A
                0x00100ef1                put_irq_handler
 .text          0x00100f40      0x605 target/kernel/clock.o
                0x00100f40                clock_task
                0x001011ee                milli_delay
                0x0010103c                get_rtc_time
 *fill*         0x00101545        0x3 90909090
 .text          0x00101548      0x55c target/kernel/process.o
                0x0010194c                lock_hunter
                0x001017a2                schedule_stop
                0x00101967                lock_ready
                0x001018e6                unhold
                0x00101602                unready
                0x001019a9                lock_schedule
                0x00101988                lock_unready
                0x001017b1                interrupt
                0x00101548                ready
 .text          0x00101aa4      0x56f target/kernel/ipc.o
                0x00101f69                rm_proc_from_waiters
                0x00101bf1                aos_send
                0x00101aa4                sys_call
                0x00101ee4                aos_park
                0x00101daf                aos_receive
                0x00101ef9                aos_unpark
 *fill*         0x00102013        0x1 90909090
 .text          0x00102014      0x324 target/kernel/dump.o
                0x00102014                proc_dump
                0x0010223d                map_dump
 .text          0x00102338      0x692 target/kernel/keyboard.o
                0x00102338                keyboard_handler
                0x0010242f                keyboard_read
                0x00102425                kb_in_count
                0x001023c5                init_keyboard
 *fill*         0x001029ca        0x2 90909090
 .text          0x001029cc      0x4f6 target/kernel/tty.o
                0x00102a5c                in_process
                0x00102b71                is_cur_console
                0x001029cc                tty_task
 *fill*         0x00102ec2        0x2 90909090
 .text          0x00102ec4      0x411 target/kernel/console.o
                0x00103122                select_console
                0x00103001                init_screen
                0x00103168                scroll_screen
                0x00102ec4                out_char
 *fill*         0x001032d5        0x3 90909090
 .text          0x001032d8       0x14 target/kernel/idle.o
                0x001032d8                idle_task
 .text          0x001032ec      0x4f5 target/kernel/alloc.o
                0x001033cc                alloc
                0x001032ec                mem_init
                0x00103432                free
 *fill*         0x001037e1        0x3 90909090
 .text          0x001037e4      0x141 target/kernel/mm.o
                0x001038fc                set_reply
                0x001037e4                mm_task
 *fill*         0x00103925        0x3 90909090
 .text          0x00103928      0x313 target/kernel/fork.o
                0x00103928                fork
 *fill*         0x00103c3b        0x1 90909090
 .text          0x00103c3c      0x15d target/kernel/mem_map.o
                0x00103c3c                new_mem_map
                0x00103d4a                get_mem_map
 *fill*         0x00103d99        0x3 90909090
 .text          0x00103d9c      0x2ba target/kernel/exit.o
                0x00103ffb                exit_cleanup
                0x00103d9c                exit
 *fill*         0x00104056        0x2 90909090
 .text          0x00104058      0x101 target/kernel/wait.o
                0x00104074                waitpid
                0x00104058                wait
 *fill*         0x00104159        0x3 90909090
 .text          0x0010415c       0x81 target/lib/ansi/memcmp.o
                0x0010415c                memcmp
 *fill*         0x001041dd        0x3 90909090
 .text          0x001041e0      0x12b target/lib/ansi/cstring.o
                0x001041e0                strncmp
                0x00104286                strcmp
 *fill*         0x0010430b        0x1 90909090
 .text          0x0010430c      0x4a9 target/lib/stdio/kprintf.o
                0x0010430c                kprintf
                0x0010436c                fmt_string
 *(.text.*personality*)
 *(.gnu.warning)

.fini
 *(.fini)
                0x001047b5                PROVIDE (__etext, .)
                0x001047b5                PROVIDE (_etext, .)
                0x001047b5                PROVIDE (etext, .)

.rodata         0x001047b8      0x9ac
 *(.rodata .rodata.* .gnu.linkonce.r.*)
 .rodata        0x001047b8       0x11 target/kernel/main.o
 .rodata        0x001047c9       0x1b target/kernel/protect.o
 .rodata        0x001047e4       0x1b target/kernel/init_c.o
 *fill*         0x001047ff        0x1 00
 .rodata        0x00104800      0x1f8 target/kernel/exception.o
 .rodata        0x001049f8       0xb7 target/kernel/panic.o
 *fill*         0x00104aaf        0x1 00
 .rodata        0x00104ab0       0x3d target/kernel/i8259.o
 *fill*         0x00104aed        0x3 00
 .rodata        0x00104af0       0xf6 target/kernel/clock.o
 .rodata        0x00104be6       0x22 target/kernel/process.o
 .rodata        0x00104c08       0x43 target/kernel/ipc.o
 *fill*         0x00104c4b        0x1 00
 .rodata        0x00104c4c       0xe4 target/kernel/dump.o
 .rodata        0x00104d30       0x64 target/kernel/keyboard.o
 .rodata        0x00104d94      0x108 target/kernel/tty.o
 .rodata        0x00104e9c       0x5a target/kernel/alloc.o
 *fill*         0x00104ef6        0x2 00
 .rodata        0x00104ef8       0x3c target/kernel/mm.o
 .rodata        0x00104f34       0x40 target/kernel/fork.o
 .rodata        0x00104f74       0x21 target/kernel/mem_map.o
 *fill*         0x00104f95        0x3 00
 .rodata        0x00104f98       0x7b target/kernel/exit.o
 *fill*         0x00105013        0x1 00
 .rodata        0x00105014      0x150 target/lib/stdio/kprintf.o

.lib            0x00105164       0xc0
 .lib           0x00105164       0x7e target/lib/ansi/string.o
                0x001051b4                strcpy
                0x00105164                memcpy
                0x00105190                memset
                0x001051cc                strlen
 .lib           0x001051e2       0x42 target/lib/i386/ipc/ipc.o
                0x001051fa                send_rec
                0x0010521a                park
                0x001051e2                send
                0x0010521d                unpark
                0x001051ee                receive
                0x00105206                in_outbox

.rodata1
 *(.rodata1)

.eh_frame_hdr
 *(.eh_frame_hdr)

.eh_frame
 *(.eh_frame)

.gcc_except_table
 *(.gcc_except_table .gcc_except_table.*)
                0x00105224                . = (ALIGN (0x1000) - ((0x1000 - .) & 0xfff))
                0x00106224                . = (0x1000 DATA_SEGMENT_ALIGN 0x1000)

.eh_frame
 *(.eh_frame)

.gcc_except_table
 *(.gcc_except_table .gcc_except_table.*)

.tdata
 *(.tdata .tdata.* .gnu.linkonce.td.*)

.tbss
 *(.tbss .tbss.* .gnu.linkonce.tb.*)
 *(.tcommon)

.preinit_array  0x00106224        0x0
                0x00106224                PROVIDE (__preinit_array_start, .)
 *(.preinit_array)
                0x00106224                PROVIDE (__preinit_array_end, .)

.init_array     0x00106224        0x0
                0x00106224                PROVIDE (__init_array_start, .)
 *(SORT(.init_array.*))
 *(.init_array)
                0x00106224                PROVIDE (__init_array_end, .)

.fini_array     0x00106224        0x0
                0x00106224                PROVIDE (__fini_array_start, .)
 *(.fini_array)
 *(SORT(.fini_array.*))
                0x00106224                PROVIDE (__fini_array_end, .)

.ctors
 *crtbegin.o(.ctors)
 *crtbegin?.o(.ctors)
 *(EXCLUDE_FILE(*crtend?.o *crtend.o) .ctors)
 *(SORT(.ctors.*))
 *(.ctors)

.dtors
 *crtbegin.o(.dtors)
 *crtbegin?.o(.dtors)
 *(EXCLUDE_FILE(*crtend?.o *crtend.o) .dtors)
 *(SORT(.dtors.*))
 *(.dtors)

.jcr
 *(.jcr)

.data.rel.ro
 *(.data.rel.ro.local* .gnu.linkonce.d.rel.ro.local.*)
 *(.data.rel.ro* .gnu.linkonce.d.rel.ro.*)

.dynamic
 *(.dynamic)

.got
 *(.got)
                0x00106224                . = (. DATA_SEGMENT_RELRO_END 0xc)

.got.plt
 *(.got.plt)

.data           0x00106240      0x966
 *(.data .data.* .gnu.linkonce.d.*)
 .data          0x00106240        0x1 target/kernel/kernel.o
 *fill*         0x00106241       0x1f 00
 .data          0x00106260       0x78 target/kernel/main.o
                0x00106260                sysProcs
 *fill*         0x001062d8        0x8 00
 .data          0x001062e0      0x1b0 target/kernel/protect.o
                0x001062e0                s_initGateInfos
 .data          0x00106490        0x0 target/kernel/init_c.o
 *fill*         0x00106490       0x10 00
 .data          0x001064a0       0x44 target/kernel/exception.o
 .data          0x001064e4        0x0 target/kernel/panic.o
 .data          0x001064e4        0x0 target/kernel/i8259.o
 *fill*         0x001064e4       0x1c 00
 .data          0x00106500       0x50 target/kernel/clock.o
 .data          0x00106550        0x0 target/kernel/process.o
 .data          0x00106550        0x0 target/kernel/ipc.o
 .data          0x00106550        0x8 target/kernel/dump.o
 *fill*         0x00106558        0x8 00
 .data          0x00106560      0x600 target/kernel/keyboard.o
                0x00106560                keyMap
 .data          0x00106b60       0x20 target/kernel/tty.o
 .data          0x00106b80        0x0 target/kernel/console.o
 .data          0x00106b80        0x0 target/kernel/idle.o
 .data          0x00106b80        0x0 target/kernel/alloc.o
 .data          0x00106b80        0x0 target/kernel/mm.o
 .data          0x00106b80        0x4 target/kernel/fork.o
 .data          0x00106b84        0x0 target/kernel/mem_map.o
 .data          0x00106b84        0x0 target/kernel/exit.o
 .data          0x00106b84        0x0 target/kernel/wait.o
 .data          0x00106b84        0x0 target/lib/ansi/memcmp.o
 .data          0x00106b84        0x0 target/lib/ansi/cstring.o
 .data          0x00106b84       0x22 target/lib/stdio/kprintf.o
 *(.gnu.linkonce.d.*personality*)

.data1
 *(.data1)
                0x00106ba6                _edata = .
                0x00106ba6                PROVIDE (edata, .)
                0x00106ba6                __bss_start = .

.bss            0x00106bc0    0xccf94
 *(.dynbss)
 *(.bss .bss.* .gnu.linkonce.b.*)
 .bss           0x00106bc0      0x800 target/kernel/kernel.o
                0x001073c0                STACK_TOP
 .bss           0x001073c0        0x0 target/kernel/main.o
 .bss           0x001073c0      0x4a8 target/kernel/protect.o
 .bss           0x00107868        0x0 target/kernel/init_c.o
 .bss           0x00107868        0x0 target/kernel/exception.o
 .bss           0x00107868        0x0 target/kernel/panic.o
 .bss           0x00107868        0x0 target/kernel/i8259.o
 *fill*         0x00107868       0x18 00
 .bss           0x00107880       0x50 target/kernel/clock.o
 .bss           0x001078d0        0x1 target/kernel/process.o
 *fill*         0x001078d1        0xf 00
 .bss           0x001078e0       0x94 target/kernel/ipc.o
 .bss           0x00107974        0x0 target/kernel/dump.o
 *fill*         0x00107974        0xc 00
 .bss           0x00107980       0x84 target/kernel/keyboard.o
 *fill*         0x00107a04       0x1c 00
 .bss           0x00107a20      0x160 target/kernel/tty.o
 .bss           0x00107b80        0x0 target/kernel/console.o
 .bss           0x00107b80        0x0 target/kernel/idle.o
 .bss           0x00107b80        0x0 target/kernel/alloc.o
 .bss           0x00107b80       0x24 target/kernel/mm.o
 .bss           0x00107ba4        0x0 target/kernel/fork.o
 .bss           0x00107ba4        0x0 target/kernel/mem_map.o
 .bss           0x00107ba4        0x0 target/kernel/exit.o
 .bss           0x00107ba4        0x0 target/kernel/wait.o
 .bss           0x00107ba4        0x0 target/lib/ansi/memcmp.o
 .bss           0x00107ba4        0x0 target/lib/ansi/cstring.o
 *fill*         0x00107ba4       0x1c 00
 .bss           0x00107bc0       0xa0 target/lib/stdio/kprintf.o
 *(COMMON)
 COMMON         0x00107c60     0xb5f4 target/kernel/main.o
                0x00107c60                level0Fn
                0x00107c64                gp_readyHeads
                0x00107c70                gp_curProc
                0x00107c74                gp_heldHead
                0x00107c80                sysProcStack
                0x00110480                proc_in_use
                0x001104a0                g_procs
                0x001122c0                g_tss
                0x00112328                gp_bootParam
                0x0011232c                mm_who
                0x00112330                gp_idt
                0x00112340                mmsg_in
                0x00112364                gp_billProc
                0x00112368                nrCurConsole
                0x0011236c                g_dispPosition
                0x00112370                kernelReenter
                0x00112380                gp_procs
                0x00112414                gp_gdt
                0x0011241c                g_kernelMap
                0x00112440                g_irqHandlers
                0x00112480                g_gdt
                0x001125e0                consoles
                0x00112610                curr_mp
                0x00112614                gp_readyTails
                0x00112620                ttys
                0x00113250                gp_heldTail
 *fill*         0x00113254        0xc 00
 COMMON         0x00113260    0xc08f4 target/kernel/mm.o
                0x00113260                mmProcs
                0x00113b60                nodes
                0x001d3b54                . = ALIGN ((. != 0x0)?0x4:0x1)
                0x001d3b54                . = ALIGN (0x4)
                0x001d3b54                . = ALIGN (0x4)
                0x001d3b54                _end = .
                0x001d3b54                PROVIDE (end, .)
                0x001d3b54                . = DATA_SEGMENT_END (.)

.stab
 *(.stab)

.stabstr
 *(.stabstr)

.stab.excl
 *(.stab.excl)

.stab.exclstr
 *(.stab.exclstr)

.stab.index
 *(.stab.index)

.stab.indexstr
 *(.stab.indexstr)

.comment        0x00000000      0x49e
 *(.comment)
 .comment       0x00000000       0x1f target/kernel/kernel.o
 .comment       0x0000001f       0x2e target/kernel/main.o
 .comment       0x0000004d       0x1f target/kernel/kernel_i386lib.o
 .comment       0x0000006c       0x2e target/kernel/protect.o
 .comment       0x0000009a       0x2e target/kernel/init_c.o
 .comment       0x000000c8       0x2e target/kernel/exception.o
 .comment       0x000000f6       0x2e target/kernel/panic.o
 .comment       0x00000124       0x2e target/kernel/i8259.o
 .comment       0x00000152       0x2e target/kernel/clock.o
 .comment       0x00000180       0x2e target/kernel/process.o
 .comment       0x000001ae       0x2e target/kernel/ipc.o
 .comment       0x000001dc       0x2e target/kernel/dump.o
 .comment       0x0000020a       0x2e target/kernel/keyboard.o
 .comment       0x00000238       0x2e target/kernel/tty.o
 .comment       0x00000266       0x2e target/kernel/console.o
 .comment       0x00000294       0x2e target/kernel/idle.o
 .comment       0x000002c2       0x2e target/kernel/alloc.o
 .comment       0x000002f0       0x2e target/kernel/mm.o
 .comment       0x0000031e       0x2e target/kernel/fork.o
 .comment       0x0000034c       0x2e target/kernel/mem_map.o
 .comment       0x0000037a       0x2e target/kernel/exit.o
 .comment       0x000003a8       0x2e target/kernel/wait.o
 .comment       0x000003d6       0x1f target/lib/ansi/string.o
 .comment       0x000003f5       0x2e target/lib/ansi/memcmp.o
 .comment       0x00000423       0x2e target/lib/ansi/cstring.o
 .comment       0x00000451       0x2e target/lib/stdio/kprintf.o
 .comment       0x0000047f       0x1f target/lib/i386/ipc/ipc.o

.debug
 *(.debug)

.line
 *(.line)

.debug_srcinfo
 *(.debug_srcinfo)

.debug_sfnames
 *(.debug_sfnames)

.debug_aranges
 *(.debug_aranges)

.debug_pubnames
 *(.debug_pubnames)

.debug_info
 *(.debug_info .gnu.linkonce.wi.*)

.debug_abbrev
 *(.debug_abbrev)

.debug_line
 *(.debug_line)

.debug_frame
 *(.debug_frame)

.debug_str
 *(.debug_str)

.debug_loc
 *(.debug_loc)

.debug_macinfo
 *(.debug_macinfo)

.debug_weaknames
 *(.debug_weaknames)

.debug_funcnames
 *(.debug_funcnames)

.debug_typenames
 *(.debug_typenames)

.debug_varnames
 *(.debug_varnames)

.debug_pubtypes
 *(.debug_pubtypes)

.debug_ranges
 *(.debug_ranges)

/DISCARD/
 *(.note.GNU-stack)
OUTPUT(target/kernel/kernel.bin elf32-i386)
