
Allocating common symbols
Common symbol       size              file

gp_curProc          0x4               target/kernel/main.o
kernel_reenter      0x1               target/kernel/main.o
sys_proc_stack      0x400             target/kernel/main.o
g_tss               0x68              target/kernel/main.o
gp_bootParam        0x4               target/kernel/main.o
gp_idt              0x6               target/kernel/main.o
bill_proc           0x4               target/kernel/main.o
level0_func         0x4               target/kernel/main.o
g_dispPosition      0x4               target/kernel/main.o
held_tail           0x4               target/kernel/main.o
gp_gdt              0x6               target/kernel/main.o
g_kernelMap         0x8               target/kernel/main.o
g_irqHandlers       0x40              target/kernel/main.o
ready_tail          0xc               target/kernel/main.o
g_gdt               0x140             target/kernel/main.o
ready_head          0xc               target/kernel/main.o
held_head           0x4               target/kernel/main.o
p_proc_addr         0x8c              target/kernel/main.o
proc_table          0x1c70            target/kernel/main.o

Discarded input sections

 .note.GNU-stack
                0x00000000        0x0 target/kernel/main.o
 .note.GNU-stack
                0x00000000        0x0 target/kernel/protect.o
 .note.GNU-stack
                0x00000000        0x0 target/kernel/init_c.o
 .note.GNU-stack
                0x00000000        0x0 target/kernel/exception.o
 .note.GNU-stack
                0x00000000        0x0 target/kernel/panic.o
 .note.GNU-stack
                0x00000000        0x0 target/kernel/i8259.o
 .note.GNU-stack
                0x00000000        0x0 target/kernel/clock.o
 .note.GNU-stack
                0x00000000        0x0 target/kernel/process.o
 .note.GNU-stack
                0x00000000        0x0 target/kernel/ipc_msg.o
 .note.GNU-stack
                0x00000000        0x0 target/kernel/dump.o
 .note.GNU-stack
                0x00000000        0x0 target/lib/ansi/memcmp.o
 .note.GNU-stack
                0x00000000        0x0 target/lib/ansi/cstring.o
 .note.GNU-stack
                0x00000000        0x0 target/lib/stdio/printf.o

Memory Configuration

Name             Origin             Length             Attributes
*default*        0x00000000         0xffffffff

Linker script and memory map

Address of section .text set to 0x1000
LOAD target/kernel/kernel.o
LOAD target/kernel/main.o
LOAD target/kernel/kernel_i386lib.o
LOAD target/kernel/protect.o
LOAD target/kernel/init_c.o
LOAD target/kernel/exception.o
LOAD target/kernel/panic.o
LOAD target/kernel/i8259.o
LOAD target/kernel/clock.o
LOAD target/kernel/process.o
LOAD target/kernel/ipc_msg.o
LOAD target/kernel/dump.o
LOAD target/lib/ansi/string.o
LOAD target/lib/ansi/memcmp.o
LOAD target/lib/ansi/cstring.o
LOAD target/lib/stdio/printf.o
LOAD target/lib/i386/ipc/ipc_msg.o
                0x08048000                PROVIDE (__executable_start, 0x8048000)
                0x08048094                . = (0x8048000 + SIZEOF_HEADERS)

.interp
 *(.interp)

.hash
 *(.hash)

.gnu.hash
 *(.gnu.hash)

.dynsym
 *(.dynsym)

.dynstr
 *(.dynstr)

.gnu.version
 *(.gnu.version)

.gnu.version_d
 *(.gnu.version_d)

.gnu.version_r
 *(.gnu.version_r)

.rel.dyn        0x08048094        0x0
 *(.rel.init)
 *(.rel.text .rel.text.* .rel.gnu.linkonce.t.*)
 .rel.text      0x00000000        0x0 target/kernel/kernel.o
 *(.rel.fini)
 *(.rel.rodata .rel.rodata.* .rel.gnu.linkonce.r.*)
 *(.rel.data.rel.ro* .rel.gnu.linkonce.d.rel.ro.*)
 *(.rel.data .rel.data.* .rel.gnu.linkonce.d.*)
 .rel.data      0x00000000        0x0 target/kernel/kernel.o
 *(.rel.tdata .rel.tdata.* .rel.gnu.linkonce.td.*)
 *(.rel.tbss .rel.tbss.* .rel.gnu.linkonce.tb.*)
 *(.rel.ctors)
 *(.rel.dtors)
 *(.rel.got)
 *(.rel.bss .rel.bss.* .rel.gnu.linkonce.b.*)

.rela.dyn
 *(.rela.init)
 *(.rela.text .rela.text.* .rela.gnu.linkonce.t.*)
 *(.rela.fini)
 *(.rela.rodata .rela.rodata.* .rela.gnu.linkonce.r.*)
 *(.rela.data .rela.data.* .rela.gnu.linkonce.d.*)
 *(.rela.tdata .rela.tdata.* .rela.gnu.linkonce.td.*)
 *(.rela.tbss .rela.tbss.* .rela.gnu.linkonce.tb.*)
 *(.rela.ctors)
 *(.rela.dtors)
 *(.rela.got)
 *(.rela.bss .rela.bss.* .rela.gnu.linkonce.b.*)

.rel.plt
 *(.rel.plt)

.rela.plt
 *(.rela.plt)

.init
 *(.init)

.plt
 *(.plt)

.text           0x00001000     0x2897
 *(.text .stub .text.* .gnu.linkonce.t.*)
 .text          0x00001000       0x3f target/kernel/kernel.o
                0x00001000                _start
 *fill*         0x0000103f        0x1 90909090
 .text          0x00001040      0x2af target/kernel/main.o
                0x00001040                aos_main
                0x000012cf                idle_task
 *fill*         0x000012ef        0x1 90909090
 .text          0x000012f0      0x746 target/kernel/kernel_i386lib.o
                0x0000148b                cpu_halt
                0x00001760                hwint08
                0x000013d5                invalid_opcode
                0x0000135d                divide_error
                0x0000140c                coop_proc_seg_oob
                0x000012f0                phys_copy
                0x00001a00                level0
                0x00001860                hwint12
                0x0000144d                general_protection
                0x000019ed                level0_sys_call
                0x000013ad                over_flow
                0x00001530                enable_irq
                0x000014c0                out_word
                0x000018a0                hwint13
                0x000017a0                hwint09
                0x00001920                hwint15
                0x00001560                hwint00
                0x00001620                hwint03
                0x0000142f                segment_not_present
                0x0000146b                math_fault
                0x000014e0                interrupt_unlock
                0x000017e0                hwint10
                0x00001987                aos_sys_call
                0x00001399                break_point
                0x000015a0                hwint01
                0x000014a0                out_byte
                0x00001371                debug_exception
                0x000015e0                hwint02
                0x000013fd                double_fault
                0x00001320                low_print
                0x000016a0                hwint05
                0x00001385                non_maskable_int
                0x00001a10                msg_copy
                0x000018e0                hwint14
                0x00001490                in_byte
                0x0000145c                page_fault
                0x000013c1                out_of_bounds
                0x000019e9                halt
                0x000016e0                hwint06
                0x000014b0                in_word
                0x00001660                hwint04
                0x00001420                invalid_tss
                0x000019bc                restart
                0x00001720                hwint07
                0x0000143e                stack_exception
                0x000014d0                interrupt_lock
                0x00001820                hwint11
                0x00001a27                cmos_read
                0x000013e9                dev_not_available
                0x000014f0                disable_irq
 *fill*         0x00001a36        0x2 90909090
 .text          0x00001a38      0x270 target/kernel/protect.o
                0x00001c35                init_segment_desc
                0x00001a38                init_protect
 .text          0x00001ca8       0x39 target/kernel/init_c.o
                0x00001ca8                init_c
 *fill*         0x00001ce1        0x3 90909090
 .text          0x00001ce4       0x6e target/kernel/exception.o
                0x00001ce4                exception_handler
 *fill*         0x00001d52        0x2 90909090
 .text          0x00001d54       0xc3 target/kernel/panic.o
                0x00001d54                panic
                0x00001dda                bad_compare
                0x00001d9d                bad_assertion
 *fill*         0x00001e17        0x1 90909090
 .text          0x00001e18      0x14c target/kernel/i8259.o
                0x00001e18                init_8259A
                0x00001f15                put_irq_handler
 .text          0x00001f64      0x611 target/kernel/clock.o
                0x00001f64                clock_task
                0x00002526                milli_delay
                0x0000228a                get_rtc_time
 *fill*         0x00002575        0x3 90909090
 .text          0x00002578      0x55c target/kernel/process.o
                0x00002a5c                lock_hunter
                0x000028b2                schedule_stop
                0x00002a77                lock_ready
                0x000029f6                unhold
                0x000026c2                unready
                0x00002ab9                lock_schedule
                0x00002a98                lock_unready
                0x000028c1                interrupt
                0x00002608                ready
 .text          0x00002ad4      0x469 target/kernel/ipc_msg.o
                0x00002e08                flyanx_receive
                0x00002c21                flyanx_send
                0x00002ad4                sys_call
 *fill*         0x00002f3d        0x3 90909090
 .text          0x00002f40      0x324 target/kernel/dump.o
                0x00002f40                proc_dump
                0x000031a0                map_dump
 .text          0x00003264       0x81 target/lib/ansi/memcmp.o
                0x00003264                memcmp
 *fill*         0x000032e5        0x3 90909090
 .text          0x000032e8      0x12b target/lib/ansi/cstring.o
                0x000032e8                strncmp
                0x0000338e                strcmp
 *fill*         0x00003413        0x1 90909090
 .text          0x00003414      0x483 target/lib/stdio/printf.o
                0x00003414                printf
                0x0000344e                fmt_string
 *(.text.*personality*)
 *(.gnu.warning)

.fini
 *(.fini)
                0x00003897                PROVIDE (__etext, .)
                0x00003897                PROVIDE (_etext, .)
                0x00003897                PROVIDE (etext, .)

.rodata         0x00003898      0x6a0
 *(.rodata .rodata.* .gnu.linkonce.r.*)
 .rodata        0x00003898       0x1a target/kernel/main.o
 .rodata        0x000038b2       0x35 target/kernel/protect.o
 .rodata        0x000038e7       0x14 target/kernel/init_c.o
 *fill*         0x000038fb        0x1 00
 .rodata        0x000038fc      0x1f8 target/kernel/exception.o
 .rodata        0x00003af4       0xb7 target/kernel/panic.o
 *fill*         0x00003bab        0x1 00
 .rodata        0x00003bac       0x3d target/kernel/i8259.o
 *fill*         0x00003be9        0x3 00
 .rodata        0x00003bec       0xf6 target/kernel/clock.o
 .rodata        0x00003ce2       0x22 target/kernel/process.o
 .rodata        0x00003d04       0xe4 target/kernel/dump.o
 .rodata        0x00003de8      0x150 target/lib/stdio/printf.o

.lib            0x00003f38       0xb6
 .lib           0x00003f38       0x7e target/lib/ansi/string.o
                0x00003f88                strcpy
                0x00003f38                memcpy
                0x00003f64                memset
                0x00003fa0                strlen
 .lib           0x00003fb6       0x38 target/lib/i386/ipc/ipc_msg.o
                0x00003fce                send_rec
                0x00003fb6                send
                0x00003fc2                receive
                0x00003fda                in_outbox

.rodata1
 *(.rodata1)

.eh_frame_hdr
 *(.eh_frame_hdr)

.eh_frame
 *(.eh_frame)

.gcc_except_table
 *(.gcc_except_table .gcc_except_table.*)
                0x00003fee                . = (ALIGN (0x1000) - ((0x1000 - .) & 0xfff))
                0x00004000                . = (0x1000 DATA_SEGMENT_ALIGN 0x1000)

.eh_frame
 *(.eh_frame)

.gcc_except_table
 *(.gcc_except_table .gcc_except_table.*)

.tdata
 *(.tdata .tdata.* .gnu.linkonce.td.*)

.tbss
 *(.tbss .tbss.* .gnu.linkonce.tb.*)
 *(.tcommon)

.preinit_array  0x00004000        0x0
                0x00004000                PROVIDE (__preinit_array_start, .)
 *(.preinit_array)
                0x00004000                PROVIDE (__preinit_array_end, .)

.init_array     0x00004000        0x0
                0x00004000                PROVIDE (__init_array_start, .)
 *(SORT(.init_array.*))
 *(.init_array)
                0x00004000                PROVIDE (__init_array_end, .)

.fini_array     0x00004000        0x0
                0x00004000                PROVIDE (__fini_array_start, .)
 *(.fini_array)
 *(SORT(.fini_array.*))
                0x00004000                PROVIDE (__fini_array_end, .)

.ctors
 *crtbegin.o(.ctors)
 *crtbegin?.o(.ctors)
 *(EXCLUDE_FILE(*crtend?.o *crtend.o) .ctors)
 *(SORT(.ctors.*))
 *(.ctors)

.dtors
 *crtbegin.o(.dtors)
 *crtbegin?.o(.dtors)
 *(EXCLUDE_FILE(*crtend?.o *crtend.o) .dtors)
 *(SORT(.dtors.*))
 *(.dtors)

.jcr
 *(.jcr)

.data.rel.ro
 *(.data.rel.ro.local* .gnu.linkonce.d.rel.ro.local.*)
 *(.data.rel.ro* .gnu.linkonce.d.rel.ro.*)

.dynamic
 *(.dynamic)

.got
 *(.got)
                0x00004000                . = (. DATA_SEGMENT_RELRO_END 0xc)

.got.plt
 *(.got.plt)

.data           0x00004000      0x2fa
 *(.data .data.* .gnu.linkonce.d.*)
 .data          0x00004000        0x1 target/kernel/kernel.o
 *fill*         0x00004001       0x1f 00
 .data          0x00004020       0x48 target/kernel/main.o
                0x00004020                sys_proc_table
 *fill*         0x00004068       0x18 00
 .data          0x00004080      0x198 target/kernel/protect.o
                0x00004080                s_initGateInfos
 .data          0x00004218        0x0 target/kernel/init_c.o
 *fill*         0x00004218        0x8 00
 .data          0x00004220       0x44 target/kernel/exception.o
 .data          0x00004264        0x0 target/kernel/panic.o
 .data          0x00004264        0x0 target/kernel/i8259.o
 *fill*         0x00004264       0x1c 00
 .data          0x00004280       0x50 target/kernel/clock.o
 .data          0x000042d0        0x0 target/kernel/process.o
 .data          0x000042d0        0x0 target/kernel/ipc_msg.o
 .data          0x000042d0        0x8 target/kernel/dump.o
 .data          0x000042d8        0x0 target/lib/ansi/memcmp.o
 .data          0x000042d8        0x0 target/lib/ansi/cstring.o
 .data          0x000042d8       0x22 target/lib/stdio/printf.o
 *(.gnu.linkonce.d.*personality*)

.data1
 *(.data1)
                0x000042fa                _edata = .
                0x000042fa                PROVIDE (edata, .)
                0x000042fa                __bss_start = .

.bss            0x00004300     0x31f0
 *(.dynbss)
 *(.bss .bss.* .gnu.linkonce.b.*)
 .bss           0x00004300      0x800 target/kernel/kernel.o
                0x00004b00                STACK_TOP
 .bss           0x00004b00        0x0 target/kernel/main.o
 .bss           0x00004b00      0x4a8 target/kernel/protect.o
 .bss           0x00004fa8        0x0 target/kernel/init_c.o
 .bss           0x00004fa8        0x0 target/kernel/exception.o
 .bss           0x00004fa8        0x0 target/kernel/panic.o
 .bss           0x00004fa8        0x0 target/kernel/i8259.o
 *fill*         0x00004fa8       0x18 00
 .bss           0x00004fc0       0x50 target/kernel/clock.o
 .bss           0x00005010        0x1 target/kernel/process.o
 *fill*         0x00005011        0xf 00
 .bss           0x00005020       0x8c target/kernel/ipc_msg.o
 .bss           0x000050ac        0x0 target/kernel/dump.o
 .bss           0x000050ac        0x0 target/lib/ansi/memcmp.o
 .bss           0x000050ac        0x0 target/lib/ansi/cstring.o
 *fill*         0x000050ac       0x14 00
 .bss           0x000050c0       0xa0 target/lib/stdio/printf.o
 *(COMMON)
 COMMON         0x00005160     0x2390 target/kernel/main.o
                0x00005160                gp_curProc
                0x00005164                kernel_reenter
                0x00005180                sys_proc_stack
                0x00005580                g_tss
                0x000055e8                gp_bootParam
                0x000055ec                gp_idt
                0x000055f4                bill_proc
                0x000055f8                level0_func
                0x000055fc                g_dispPosition
                0x00005600                held_tail
                0x00005604                gp_gdt
                0x0000560c                g_kernelMap
                0x00005620                g_irqHandlers
                0x00005660                ready_tail
                0x00005680                g_gdt
                0x000057c0                ready_head
                0x000057cc                held_head
                0x000057e0                p_proc_addr
                0x00005880                proc_table
                0x000074f0                . = ALIGN ((. != 0x0)?0x4:0x1)
                0x000074f0                . = ALIGN (0x4)
                0x000074f0                . = ALIGN (0x4)
                0x000074f0                _end = .
                0x000074f0                PROVIDE (end, .)
                0x000074f0                . = DATA_SEGMENT_END (.)

.stab
 *(.stab)

.stabstr
 *(.stabstr)

.stab.excl
 *(.stab.excl)

.stab.exclstr
 *(.stab.exclstr)

.stab.index
 *(.stab.index)

.stab.indexstr
 *(.stab.indexstr)

.comment        0x00000000      0x2d2
 *(.comment)
 .comment       0x00000000       0x1f target/kernel/kernel.o
 .comment       0x0000001f       0x2e target/kernel/main.o
 .comment       0x0000004d       0x1f target/kernel/kernel_i386lib.o
 .comment       0x0000006c       0x2e target/kernel/protect.o
 .comment       0x0000009a       0x2e target/kernel/init_c.o
 .comment       0x000000c8       0x2e target/kernel/exception.o
 .comment       0x000000f6       0x2e target/kernel/panic.o
 .comment       0x00000124       0x2e target/kernel/i8259.o
 .comment       0x00000152       0x2e target/kernel/clock.o
 .comment       0x00000180       0x2e target/kernel/process.o
 .comment       0x000001ae       0x2e target/kernel/ipc_msg.o
 .comment       0x000001dc       0x2e target/kernel/dump.o
 .comment       0x0000020a       0x1f target/lib/ansi/string.o
 .comment       0x00000229       0x2e target/lib/ansi/memcmp.o
 .comment       0x00000257       0x2e target/lib/ansi/cstring.o
 .comment       0x00000285       0x2e target/lib/stdio/printf.o
 .comment       0x000002b3       0x1f target/lib/i386/ipc/ipc_msg.o

.debug
 *(.debug)

.line
 *(.line)

.debug_srcinfo
 *(.debug_srcinfo)

.debug_sfnames
 *(.debug_sfnames)

.debug_aranges
 *(.debug_aranges)

.debug_pubnames
 *(.debug_pubnames)

.debug_info
 *(.debug_info .gnu.linkonce.wi.*)

.debug_abbrev
 *(.debug_abbrev)

.debug_line
 *(.debug_line)

.debug_frame
 *(.debug_frame)

.debug_str
 *(.debug_str)

.debug_loc
 *(.debug_loc)

.debug_macinfo
 *(.debug_macinfo)

.debug_weaknames
 *(.debug_weaknames)

.debug_funcnames
 *(.debug_funcnames)

.debug_typenames
 *(.debug_typenames)

.debug_varnames
 *(.debug_varnames)

.debug_pubtypes
 *(.debug_pubtypes)

.debug_ranges
 *(.debug_ranges)

/DISCARD/
 *(.note.GNU-stack)
OUTPUT(target/kernel/kernel.bin elf32-i386)
