
Allocating common symbols
Common symbol       size              file

level0Fn            0x4               target/kernel/main.o
gp_readyHeads       0xc               target/kernel/main.o
gp_curProc          0x4               target/kernel/main.o
gp_heldHead         0x4               target/kernel/main.o
sysProcStack        0x8400            target/kernel/main.o
g_procs             0x1d40            target/kernel/main.o
g_tss               0x68              target/kernel/main.o
gp_bootParam        0x4               target/kernel/main.o
gp_idt              0x6               target/kernel/main.o
gp_billProc         0x4               target/kernel/main.o
nrCurConsole        0x4               target/kernel/main.o
g_dispPosition      0x4               target/kernel/main.o
kernelReenter       0x1               target/kernel/main.o
gp_procs            0x90              target/kernel/main.o
gp_gdt              0x6               target/kernel/main.o
g_kernelMap         0x8               target/kernel/main.o
g_irqHandlers       0x40              target/kernel/main.o
g_gdt               0x148             target/kernel/main.o
consoles            0x30              target/kernel/main.o
gp_readyTails       0xc               target/kernel/main.o
ttys                0xc30             target/kernel/main.o
gp_heldTail         0x4               target/kernel/main.o

Discarded input sections

 .note.GNU-stack
                0x00000000        0x0 target/kernel/main.o
 .note.GNU-stack
                0x00000000        0x0 target/kernel/protect.o
 .note.GNU-stack
                0x00000000        0x0 target/kernel/init_c.o
 .note.GNU-stack
                0x00000000        0x0 target/kernel/exception.o
 .note.GNU-stack
                0x00000000        0x0 target/kernel/panic.o
 .note.GNU-stack
                0x00000000        0x0 target/kernel/i8259.o
 .note.GNU-stack
                0x00000000        0x0 target/kernel/clock.o
 .note.GNU-stack
                0x00000000        0x0 target/kernel/process.o
 .note.GNU-stack
                0x00000000        0x0 target/kernel/ipc.o
 .note.GNU-stack
                0x00000000        0x0 target/kernel/dump.o
 .note.GNU-stack
                0x00000000        0x0 target/kernel/keyboard.o
 .note.GNU-stack
                0x00000000        0x0 target/kernel/tty.o
 .note.GNU-stack
                0x00000000        0x0 target/kernel/console.o
 .note.GNU-stack
                0x00000000        0x0 target/kernel/idle.o
 .note.GNU-stack
                0x00000000        0x0 target/lib/ansi/memcmp.o
 .note.GNU-stack
                0x00000000        0x0 target/lib/ansi/cstring.o
 .note.GNU-stack
                0x00000000        0x0 target/lib/stdio/printf.o

Memory Configuration

Name             Origin             Length             Attributes
*default*        0x00000000         0xffffffff

Linker script and memory map

Address of section .text set to 0x1000
LOAD target/kernel/kernel.o
LOAD target/kernel/main.o
LOAD target/kernel/kernel_i386lib.o
LOAD target/kernel/protect.o
LOAD target/kernel/init_c.o
LOAD target/kernel/exception.o
LOAD target/kernel/panic.o
LOAD target/kernel/i8259.o
LOAD target/kernel/clock.o
LOAD target/kernel/process.o
LOAD target/kernel/ipc.o
LOAD target/kernel/dump.o
LOAD target/kernel/keyboard.o
LOAD target/kernel/tty.o
LOAD target/kernel/console.o
LOAD target/kernel/idle.o
LOAD target/lib/ansi/string.o
LOAD target/lib/ansi/memcmp.o
LOAD target/lib/ansi/cstring.o
LOAD target/lib/stdio/printf.o
LOAD target/lib/i386/ipc/ipc.o
                0x08048000                PROVIDE (__executable_start, 0x8048000)
                0x08048094                . = (0x8048000 + SIZEOF_HEADERS)

.interp
 *(.interp)

.hash
 *(.hash)

.gnu.hash
 *(.gnu.hash)

.dynsym
 *(.dynsym)

.dynstr
 *(.dynstr)

.gnu.version
 *(.gnu.version)

.gnu.version_d
 *(.gnu.version_d)

.gnu.version_r
 *(.gnu.version_r)

.rel.dyn        0x08048094        0x0
 *(.rel.init)
 *(.rel.text .rel.text.* .rel.gnu.linkonce.t.*)
 .rel.text      0x00000000        0x0 target/kernel/kernel.o
 *(.rel.fini)
 *(.rel.rodata .rel.rodata.* .rel.gnu.linkonce.r.*)
 *(.rel.data.rel.ro* .rel.gnu.linkonce.d.rel.ro.*)
 *(.rel.data .rel.data.* .rel.gnu.linkonce.d.*)
 .rel.data      0x00000000        0x0 target/kernel/kernel.o
 *(.rel.tdata .rel.tdata.* .rel.gnu.linkonce.td.*)
 *(.rel.tbss .rel.tbss.* .rel.gnu.linkonce.tb.*)
 *(.rel.ctors)
 *(.rel.dtors)
 *(.rel.got)
 *(.rel.bss .rel.bss.* .rel.gnu.linkonce.b.*)

.rela.dyn
 *(.rela.init)
 *(.rela.text .rela.text.* .rela.gnu.linkonce.t.*)
 *(.rela.fini)
 *(.rela.rodata .rela.rodata.* .rela.gnu.linkonce.r.*)
 *(.rela.data .rela.data.* .rela.gnu.linkonce.d.*)
 *(.rela.tdata .rela.tdata.* .rela.gnu.linkonce.td.*)
 *(.rela.tbss .rela.tbss.* .rela.gnu.linkonce.tb.*)
 *(.rela.ctors)
 *(.rela.dtors)
 *(.rela.got)
 *(.rela.bss .rela.bss.* .rela.gnu.linkonce.b.*)

.rel.plt
 *(.rel.plt)

.rela.plt
 *(.rela.plt)

.init
 *(.init)

.plt
 *(.plt)

.text           0x00001000     0x36c7
 *(.text .stub .text.* .gnu.linkonce.t.*)
 .text          0x00001000       0x3f target/kernel/kernel.o
                0x00001000                _start
 *fill*         0x0000103f        0x1 90909090
 .text          0x00001040      0x285 target/kernel/main.o
                0x00001040                aos_main
 *fill*         0x000012c5        0xb 90909090
 .text          0x000012d0      0x746 target/kernel/kernel_i386lib.o
                0x0000146b                cpu_halt
                0x00001740                hwint08
                0x000013b5                invalid_opcode
                0x0000133d                divide_error
                0x000013ec                coop_proc_seg_oob
                0x000012d0                phys_copy
                0x000019e0                level0
                0x00001840                hwint12
                0x0000142d                general_protection
                0x000019cd                level0_sys_call
                0x0000138d                over_flow
                0x00001510                enable_irq
                0x000014a0                out_word
                0x00001880                hwint13
                0x00001780                hwint09
                0x00001900                hwint15
                0x00001540                hwint00
                0x00001600                hwint03
                0x0000140f                segment_not_present
                0x0000144b                math_fault
                0x000014c0                interrupt_unlock
                0x000017c0                hwint10
                0x00001967                aos_sys_call
                0x00001379                break_point
                0x00001580                hwint01
                0x00001480                out_byte
                0x00001351                debug_exception
                0x000015c0                hwint02
                0x000013dd                double_fault
                0x00001300                low_print
                0x00001680                hwint05
                0x00001365                non_maskable_int
                0x000019f0                msg_copy
                0x000018c0                hwint14
                0x00001470                in_byte
                0x0000143c                page_fault
                0x000013a1                out_of_bounds
                0x000019c9                halt
                0x000016c0                hwint06
                0x00001490                in_word
                0x00001640                hwint04
                0x00001400                invalid_tss
                0x0000199c                restart
                0x00001700                hwint07
                0x0000141e                stack_exception
                0x000014b0                interrupt_lock
                0x00001800                hwint11
                0x00001a07                cmos_read
                0x000013c9                dev_not_available
                0x000014d0                disable_irq
 *fill*         0x00001a16        0x2 90909090
 .text          0x00001a18      0x270 target/kernel/protect.o
                0x00001c15                init_segment_desc
                0x00001a18                init_protect
 .text          0x00001c88       0x39 target/kernel/init_c.o
                0x00001c88                init_c
 *fill*         0x00001cc1        0x3 90909090
 .text          0x00001cc4       0x6e target/kernel/exception.o
                0x00001cc4                exception_handler
 *fill*         0x00001d32        0x2 90909090
 .text          0x00001d34       0xc3 target/kernel/panic.o
                0x00001d34                panic
                0x00001dba                bad_compare
                0x00001d7d                bad_assertion
 *fill*         0x00001df7        0x1 90909090
 .text          0x00001df8      0x14c target/kernel/i8259.o
                0x00001df8                init_8259A
                0x00001ef5                put_irq_handler
 .text          0x00001f44      0x611 target/kernel/clock.o
                0x00001f44                clock_task
                0x000021fe                milli_delay
                0x0000204c                get_rtc_time
 *fill*         0x00002555        0x3 90909090
 .text          0x00002558      0x582 target/kernel/process.o
                0x0000295c                lock_hunter
                0x000027b2                schedule_stop
                0x00002977                lock_ready
                0x000028f6                unhold
                0x00002612                unready
                0x000029b9                lock_schedule
                0x00002998                lock_unready
                0x000027c1                interrupt
                0x00002558                ready
 *fill*         0x00002ada        0x2 90909090
 .text          0x00002adc      0x4a0 target/kernel/ipc.o
                0x00002c29                aos_send
                0x00002adc                sys_call
                0x00002e47                aos_receive
 .text          0x00002f7c      0x324 target/kernel/dump.o
                0x00002f7c                proc_dump
                0x000031a5                map_dump
 .text          0x000032a0      0x693 target/kernel/keyboard.o
                0x000032a0                keyboard_handler
                0x00003398                keyboard_read
                0x0000338e                kb_in_count
                0x0000332e                init_keyboard
 *fill*         0x00003933        0x1 90909090
 .text          0x00003934      0x32a target/kernel/tty.o
                0x000039d3                in_process
                0x00003ae8                is_cur_console
                0x00003934                tty_task
 *fill*         0x00003c5e        0x2 90909090
 .text          0x00003c60      0x411 target/kernel/console.o
                0x00003ebe                select_console
                0x00003d9d                init_screen
                0x00003f04                scroll_screen
                0x00003c60                out_char
 *fill*         0x00004071        0x3 90909090
 .text          0x00004074       0x20 target/kernel/idle.o
                0x00004074                idle_task
 .text          0x00004094       0x81 target/lib/ansi/memcmp.o
                0x00004094                memcmp
 *fill*         0x00004115        0x3 90909090
 .text          0x00004118      0x12b target/lib/ansi/cstring.o
                0x00004118                strncmp
                0x000041be                strcmp
 *fill*         0x00004243        0x1 90909090
 .text          0x00004244      0x483 target/lib/stdio/printf.o
                0x00004244                printf
                0x0000427e                fmt_string
 *(.text.*personality*)
 *(.gnu.warning)

.fini
 *(.fini)
                0x000046c7                PROVIDE (__etext, .)
                0x000046c7                PROVIDE (_etext, .)
                0x000046c7                PROVIDE (etext, .)

.rodata         0x000046c8      0x7bc
 *(.rodata .rodata.* .gnu.linkonce.r.*)
 .rodata        0x000046c8       0x11 target/kernel/main.o
 .rodata        0x000046d9       0x35 target/kernel/protect.o
 .rodata        0x0000470e       0x14 target/kernel/init_c.o
 *fill*         0x00004722        0x2 00
 .rodata        0x00004724      0x1f8 target/kernel/exception.o
 .rodata        0x0000491c       0xb7 target/kernel/panic.o
 *fill*         0x000049d3        0x1 00
 .rodata        0x000049d4       0x3d target/kernel/i8259.o
 *fill*         0x00004a11        0x3 00
 .rodata        0x00004a14       0xf6 target/kernel/clock.o
 .rodata        0x00004b0a       0x30 target/kernel/process.o
 .rodata        0x00004b3a       0x12 target/kernel/ipc.o
 .rodata        0x00004b4c       0xe4 target/kernel/dump.o
 .rodata        0x00004c30       0x64 target/kernel/keyboard.o
 .rodata        0x00004c94       0x90 target/kernel/tty.o
 .rodata        0x00004d24       0x10 target/kernel/idle.o
 .rodata        0x00004d34      0x150 target/lib/stdio/printf.o

.lib            0x00004e84       0xb6
 .lib           0x00004e84       0x7e target/lib/ansi/string.o
                0x00004ed4                strcpy
                0x00004e84                memcpy
                0x00004eb0                memset
                0x00004eec                strlen
 .lib           0x00004f02       0x38 target/lib/i386/ipc/ipc.o
                0x00004f1a                send_rec
                0x00004f02                send
                0x00004f0e                receive
                0x00004f26                in_outbox

.rodata1
 *(.rodata1)

.eh_frame_hdr
 *(.eh_frame_hdr)

.eh_frame
 *(.eh_frame)

.gcc_except_table
 *(.gcc_except_table .gcc_except_table.*)
                0x00004f3a                . = (ALIGN (0x1000) - ((0x1000 - .) & 0xfff))
                0x00005000                . = (0x1000 DATA_SEGMENT_ALIGN 0x1000)

.eh_frame
 *(.eh_frame)

.gcc_except_table
 *(.gcc_except_table .gcc_except_table.*)

.tdata
 *(.tdata .tdata.* .gnu.linkonce.td.*)

.tbss
 *(.tbss .tbss.* .gnu.linkonce.tb.*)
 *(.tcommon)

.preinit_array  0x00005000        0x0
                0x00005000                PROVIDE (__preinit_array_start, .)
 *(.preinit_array)
                0x00005000                PROVIDE (__preinit_array_end, .)

.init_array     0x00005000        0x0
                0x00005000                PROVIDE (__init_array_start, .)
 *(SORT(.init_array.*))
 *(.init_array)
                0x00005000                PROVIDE (__init_array_end, .)

.fini_array     0x00005000        0x0
                0x00005000                PROVIDE (__fini_array_start, .)
 *(.fini_array)
 *(SORT(.fini_array.*))
                0x00005000                PROVIDE (__fini_array_end, .)

.ctors
 *crtbegin.o(.ctors)
 *crtbegin?.o(.ctors)
 *(EXCLUDE_FILE(*crtend?.o *crtend.o) .ctors)
 *(SORT(.ctors.*))
 *(.ctors)

.dtors
 *crtbegin.o(.dtors)
 *crtbegin?.o(.dtors)
 *(EXCLUDE_FILE(*crtend?.o *crtend.o) .dtors)
 *(SORT(.dtors.*))
 *(.dtors)

.jcr
 *(.jcr)

.data.rel.ro
 *(.data.rel.ro.local* .gnu.linkonce.d.rel.ro.local.*)
 *(.data.rel.ro* .gnu.linkonce.d.rel.ro.*)

.dynamic
 *(.dynamic)

.got
 *(.got)
                0x00005000                . = (. DATA_SEGMENT_RELRO_END 0xc)

.got.plt
 *(.got.plt)

.data           0x00005000      0x902
 *(.data .data.* .gnu.linkonce.d.*)
 .data          0x00005000        0x1 target/kernel/kernel.o
 *fill*         0x00005001       0x1f 00
 .data          0x00005020       0x60 target/kernel/main.o
                0x00005020                sysProcs
 .data          0x00005080      0x198 target/kernel/protect.o
                0x00005080                s_initGateInfos
 .data          0x00005218        0x0 target/kernel/init_c.o
 *fill*         0x00005218        0x8 00
 .data          0x00005220       0x44 target/kernel/exception.o
 .data          0x00005264        0x0 target/kernel/panic.o
 .data          0x00005264        0x0 target/kernel/i8259.o
 *fill*         0x00005264       0x1c 00
 .data          0x00005280       0x50 target/kernel/clock.o
 .data          0x000052d0        0x0 target/kernel/process.o
 .data          0x000052d0        0x0 target/kernel/ipc.o
 .data          0x000052d0        0x8 target/kernel/dump.o
 *fill*         0x000052d8        0x8 00
 .data          0x000052e0      0x600 target/kernel/keyboard.o
                0x000052e0                keyMap
 .data          0x000058e0        0x0 target/kernel/tty.o
 .data          0x000058e0        0x0 target/kernel/console.o
 .data          0x000058e0        0x0 target/kernel/idle.o
 .data          0x000058e0        0x0 target/lib/ansi/memcmp.o
 .data          0x000058e0        0x0 target/lib/ansi/cstring.o
 .data          0x000058e0       0x22 target/lib/stdio/printf.o
 *(.gnu.linkonce.d.*personality*)

.data1
 *(.data1)
                0x00005902                _edata = .
                0x00005902                PROVIDE (edata, .)
                0x00005902                __bss_start = .

.bss            0x00005920     0xbff4
 *(.dynbss)
 *(.bss .bss.* .gnu.linkonce.b.*)
 .bss           0x00005920      0x800 target/kernel/kernel.o
                0x00006120                STACK_TOP
 .bss           0x00006120        0x0 target/kernel/main.o
 .bss           0x00006120      0x4a8 target/kernel/protect.o
 .bss           0x000065c8        0x0 target/kernel/init_c.o
 .bss           0x000065c8        0x0 target/kernel/exception.o
 .bss           0x000065c8        0x0 target/kernel/panic.o
 .bss           0x000065c8        0x0 target/kernel/i8259.o
 *fill*         0x000065c8       0x18 00
 .bss           0x000065e0       0x50 target/kernel/clock.o
 .bss           0x00006630        0x1 target/kernel/process.o
 *fill*         0x00006631        0xf 00
 .bss           0x00006640       0x90 target/kernel/ipc.o
 .bss           0x000066d0        0x0 target/kernel/dump.o
 *fill*         0x000066d0       0x10 00
 .bss           0x000066e0       0x84 target/kernel/keyboard.o
 *fill*         0x00006764       0x1c 00
 .bss           0x00006780       0x24 target/kernel/tty.o
 .bss           0x000067a4        0x0 target/kernel/console.o
 .bss           0x000067a4        0x0 target/kernel/idle.o
 .bss           0x000067a4        0x0 target/lib/ansi/memcmp.o
 .bss           0x000067a4        0x0 target/lib/ansi/cstring.o
 *fill*         0x000067a4       0x1c 00
 .bss           0x000067c0       0xa0 target/lib/stdio/printf.o
 *(COMMON)
 COMMON         0x00006860     0xb0b4 target/kernel/main.o
                0x00006860                level0Fn
                0x00006864                gp_readyHeads
                0x00006870                gp_curProc
                0x00006874                gp_heldHead
                0x00006880                sysProcStack
                0x0000ec80                g_procs
                0x000109c0                g_tss
                0x00010a28                gp_bootParam
                0x00010a2c                gp_idt
                0x00010a34                gp_billProc
                0x00010a38                nrCurConsole
                0x00010a3c                g_dispPosition
                0x00010a40                kernelReenter
                0x00010a60                gp_procs
                0x00010af0                gp_gdt
                0x00010af8                g_kernelMap
                0x00010b00                g_irqHandlers
                0x00010b40                g_gdt
                0x00010ca0                consoles
                0x00010cd0                gp_readyTails
                0x00010ce0                ttys
                0x00011910                gp_heldTail
                0x00011914                . = ALIGN ((. != 0x0)?0x4:0x1)
                0x00011914                . = ALIGN (0x4)
                0x00011914                . = ALIGN (0x4)
                0x00011914                _end = .
                0x00011914                PROVIDE (end, .)
                0x00011914                . = DATA_SEGMENT_END (.)

.stab
 *(.stab)

.stabstr
 *(.stabstr)

.stab.excl
 *(.stab.excl)

.stab.exclstr
 *(.stab.exclstr)

.stab.index
 *(.stab.index)

.stab.indexstr
 *(.stab.indexstr)

.comment        0x00000000      0x38a
 *(.comment)
 .comment       0x00000000       0x1f target/kernel/kernel.o
 .comment       0x0000001f       0x2e target/kernel/main.o
 .comment       0x0000004d       0x1f target/kernel/kernel_i386lib.o
 .comment       0x0000006c       0x2e target/kernel/protect.o
 .comment       0x0000009a       0x2e target/kernel/init_c.o
 .comment       0x000000c8       0x2e target/kernel/exception.o
 .comment       0x000000f6       0x2e target/kernel/panic.o
 .comment       0x00000124       0x2e target/kernel/i8259.o
 .comment       0x00000152       0x2e target/kernel/clock.o
 .comment       0x00000180       0x2e target/kernel/process.o
 .comment       0x000001ae       0x2e target/kernel/ipc.o
 .comment       0x000001dc       0x2e target/kernel/dump.o
 .comment       0x0000020a       0x2e target/kernel/keyboard.o
 .comment       0x00000238       0x2e target/kernel/tty.o
 .comment       0x00000266       0x2e target/kernel/console.o
 .comment       0x00000294       0x2e target/kernel/idle.o
 .comment       0x000002c2       0x1f target/lib/ansi/string.o
 .comment       0x000002e1       0x2e target/lib/ansi/memcmp.o
 .comment       0x0000030f       0x2e target/lib/ansi/cstring.o
 .comment       0x0000033d       0x2e target/lib/stdio/printf.o
 .comment       0x0000036b       0x1f target/lib/i386/ipc/ipc.o

.debug
 *(.debug)

.line
 *(.line)

.debug_srcinfo
 *(.debug_srcinfo)

.debug_sfnames
 *(.debug_sfnames)

.debug_aranges
 *(.debug_aranges)

.debug_pubnames
 *(.debug_pubnames)

.debug_info
 *(.debug_info .gnu.linkonce.wi.*)

.debug_abbrev
 *(.debug_abbrev)

.debug_line
 *(.debug_line)

.debug_frame
 *(.debug_frame)

.debug_str
 *(.debug_str)

.debug_loc
 *(.debug_loc)

.debug_macinfo
 *(.debug_macinfo)

.debug_weaknames
 *(.debug_weaknames)

.debug_funcnames
 *(.debug_funcnames)

.debug_typenames
 *(.debug_typenames)

.debug_varnames
 *(.debug_varnames)

.debug_pubtypes
 *(.debug_pubtypes)

.debug_ranges
 *(.debug_ranges)

/DISCARD/
 *(.note.GNU-stack)
OUTPUT(target/kernel/kernel.bin elf32-i386)
