
Allocating common symbols
Common symbol       size              file

gp_curProc          0x4               target/kernel/main.o
kernel_reenter      0x1               target/kernel/main.o
g_tss               0x68              target/kernel/main.o
gp_bootParam        0x4               target/kernel/main.o
gp_idt              0x6               target/kernel/main.o
g_dispPosition      0x4               target/kernel/main.o
gp_gdt              0x6               target/kernel/main.o
g_kernelMap         0x8               target/kernel/main.o
g_irqHandlers       0x40              target/kernel/main.o
g_gdt               0x8               target/kernel/main.o

Discarded input sections

 .note.GNU-stack
                0x00000000        0x0 target/kernel/main.o
 .note.GNU-stack
                0x00000000        0x0 target/kernel/protect.o
 .note.GNU-stack
                0x00000000        0x0 target/kernel/init_c.o
 .note.GNU-stack
                0x00000000        0x0 target/kernel/exception.o
 .note.GNU-stack
                0x00000000        0x0 target/kernel/panic.o
 .note.GNU-stack
                0x00000000        0x0 target/kernel/i8259.o
 .note.GNU-stack
                0x00000000        0x0 target/kernel/clock.o
 .note.GNU-stack
                0x00000000        0x0 target/lib/ansi/memcmp.o
 .note.GNU-stack
                0x00000000        0x0 target/lib/ansi/cstring.o
 .note.GNU-stack
                0x00000000        0x0 target/lib/stdio/printf.o

Memory Configuration

Name             Origin             Length             Attributes
*default*        0x00000000         0xffffffff

Linker script and memory map

Address of section .text set to 0x1000
LOAD target/kernel/kernel.o
LOAD target/kernel/main.o
LOAD target/kernel/kernel_i386lib.o
LOAD target/kernel/protect.o
LOAD target/kernel/init_c.o
LOAD target/kernel/exception.o
LOAD target/kernel/panic.o
LOAD target/kernel/i8259.o
LOAD target/kernel/clock.o
LOAD target/lib/ansi/string.o
LOAD target/lib/ansi/memcmp.o
LOAD target/lib/ansi/cstring.o
LOAD target/lib/stdio/printf.o
                0x08048000                PROVIDE (__executable_start, 0x8048000)
                0x08048094                . = (0x8048000 + SIZEOF_HEADERS)

.interp
 *(.interp)

.hash
 *(.hash)

.gnu.hash
 *(.gnu.hash)

.dynsym
 *(.dynsym)

.dynstr
 *(.dynstr)

.gnu.version
 *(.gnu.version)

.gnu.version_d
 *(.gnu.version_d)

.gnu.version_r
 *(.gnu.version_r)

.rel.dyn        0x08048094        0x0
 *(.rel.init)
 *(.rel.text .rel.text.* .rel.gnu.linkonce.t.*)
 .rel.text      0x00000000        0x0 target/kernel/kernel.o
 *(.rel.fini)
 *(.rel.rodata .rel.rodata.* .rel.gnu.linkonce.r.*)
 *(.rel.data.rel.ro* .rel.gnu.linkonce.d.rel.ro.*)
 *(.rel.data .rel.data.* .rel.gnu.linkonce.d.*)
 .rel.data      0x00000000        0x0 target/kernel/kernel.o
 *(.rel.tdata .rel.tdata.* .rel.gnu.linkonce.td.*)
 *(.rel.tbss .rel.tbss.* .rel.gnu.linkonce.tb.*)
 *(.rel.ctors)
 *(.rel.dtors)
 *(.rel.got)
 *(.rel.bss .rel.bss.* .rel.gnu.linkonce.b.*)

.rela.dyn
 *(.rela.init)
 *(.rela.text .rela.text.* .rela.gnu.linkonce.t.*)
 *(.rela.fini)
 *(.rela.rodata .rela.rodata.* .rela.gnu.linkonce.r.*)
 *(.rela.data .rela.data.* .rela.gnu.linkonce.d.*)
 *(.rela.tdata .rela.tdata.* .rela.gnu.linkonce.td.*)
 *(.rela.tbss .rela.tbss.* .rela.gnu.linkonce.tb.*)
 *(.rela.ctors)
 *(.rela.dtors)
 *(.rela.got)
 *(.rela.bss .rela.bss.* .rela.gnu.linkonce.b.*)

.rel.plt
 *(.rel.plt)

.rela.plt
 *(.rela.plt)

.init
 *(.init)

.plt
 *(.plt)

.text           0x00001000     0x1213
 *(.text .stub .text.* .gnu.linkonce.t.*)
 .text          0x00001000       0x3f target/kernel/kernel.o
                0x00001000                _start
 *fill*         0x0000103f        0x1 90909090
 .text          0x00001040       0x19 target/kernel/main.o
                0x00001040                aos_main
 *fill*         0x00001059        0x7 90909090
 .text          0x00001060      0x5c3 target/kernel/kernel_i386lib.o
                0x000011fb                cpu_halt
                0x00001450                hwint08
                0x00001145                invalid_opcode
                0x000010cd                divide_error
                0x0000117c                coop_proc_seg_oob
                0x00001060                phys_copy
                0x00001510                hwint12
                0x000011bd                general_protection
                0x0000111d                over_flow
                0x000012a0                enable_irq
                0x00001230                out_word
                0x00001540                hwint13
                0x00001480                hwint09
                0x000015a0                hwint15
                0x000012d0                hwint00
                0x00001360                hwint03
                0x0000119f                segment_not_present
                0x000011db                math_fault
                0x00001250                interrupt_unlock
                0x000014b0                hwint10
                0x00001109                break_point
                0x00001300                hwint01
                0x00001210                out_byte
                0x000010e1                debug_exception
                0x00001330                hwint02
                0x0000116d                double_fault
                0x00001090                low_print
                0x000013c0                hwint05
                0x000010f5                non_maskable_int
                0x00001570                hwint14
                0x00001200                in_byte
                0x000011cc                page_fault
                0x00001131                out_of_bounds
                0x000013f0                hwint06
                0x00001220                in_word
                0x00001390                hwint04
                0x00001190                invalid_tss
                0x00001420                hwint07
                0x000011ae                stack_exception
                0x00001240                interrupt_lock
                0x000014e0                hwint11
                0x00001159                dev_not_available
                0x00001260                disable_irq
 *fill*         0x00001623        0x1 90909090
 .text          0x00001624      0x1f3 target/kernel/protect.o
                0x000017a4                init_segment_desc
                0x00001624                init_protect
 *fill*         0x00001817        0x1 90909090
 .text          0x00001818       0x62 target/kernel/init_c.o
                0x00001818                init_c
 *fill*         0x0000187a        0x2 90909090
 .text          0x0000187c       0x5f target/kernel/exception.o
                0x0000187c                exception_handler
 *fill*         0x000018db        0x1 90909090
 .text          0x000018dc       0xbc target/kernel/panic.o
                0x000018dc                panic
                0x0000195b                bad_compare
                0x0000191e                bad_assertion
 .text          0x00001998      0x1b7 target/kernel/i8259.o
                0x00001b3b                softIntTest
                0x00001998                init_8259A
                0x00001a95                put_irq_handler
 *fill*         0x00001b4f        0x1 90909090
 .text          0x00001b50       0x8f target/kernel/clock.o
                0x00001b50                clock_task
 *fill*         0x00001bdf        0x1 90909090
 .text          0x00001be0       0x81 target/lib/ansi/memcmp.o
                0x00001be0                memcmp
 *fill*         0x00001c61        0x3 90909090
 .text          0x00001c64      0x12b target/lib/ansi/cstring.o
                0x00001c64                strncmp
                0x00001d0a                strcmp
 *fill*         0x00001d8f        0x1 90909090
 .text          0x00001d90      0x483 target/lib/stdio/printf.o
                0x00001d90                printf
                0x00001dca                fmt_string
 *(.text.*personality*)
 *(.gnu.warning)

.fini
 *(.fini)
                0x00002213                PROVIDE (__etext, .)
                0x00002213                PROVIDE (_etext, .)
                0x00002213                PROVIDE (etext, .)

.rodata         0x00002214      0x54c
 *(.rodata .rodata.* .gnu.linkonce.r.*)
 .rodata        0x00002214        0xa target/kernel/main.o
 .rodata        0x0000221e       0x35 target/kernel/protect.o
 *fill*         0x00002253        0x1 00
 .rodata        0x00002254       0x58 target/kernel/init_c.o
 .rodata        0x000022ac      0x1ff target/kernel/exception.o
 *fill*         0x000024ab        0x1 00
 .rodata        0x000024ac       0xb7 target/kernel/panic.o
 *fill*         0x00002563        0x1 00
 .rodata        0x00002564       0xa7 target/kernel/i8259.o
 .rodata        0x0000260b        0x2 target/kernel/clock.o
 *fill*         0x0000260d        0x3 00
 .rodata        0x00002610      0x150 target/lib/stdio/printf.o

.lib            0x00002760       0x7e
 .lib           0x00002760       0x7e target/lib/ansi/string.o
                0x000027b0                strcpy
                0x00002760                memcpy
                0x0000278c                memset
                0x000027c8                strlen

.rodata1
 *(.rodata1)

.eh_frame_hdr
 *(.eh_frame_hdr)

.eh_frame
 *(.eh_frame)

.gcc_except_table
 *(.gcc_except_table .gcc_except_table.*)
                0x000027de                . = (ALIGN (0x1000) - ((0x1000 - .) & 0xfff))
                0x000037de                . = (0x1000 DATA_SEGMENT_ALIGN 0x1000)

.eh_frame
 *(.eh_frame)

.gcc_except_table
 *(.gcc_except_table .gcc_except_table.*)

.tdata
 *(.tdata .tdata.* .gnu.linkonce.td.*)

.tbss
 *(.tbss .tbss.* .gnu.linkonce.tb.*)
 *(.tcommon)

.preinit_array  0x000037de        0x0
                0x000037de                PROVIDE (__preinit_array_start, .)
 *(.preinit_array)
                0x000037de                PROVIDE (__preinit_array_end, .)

.init_array     0x000037de        0x0
                0x000037de                PROVIDE (__init_array_start, .)
 *(SORT(.init_array.*))
 *(.init_array)
                0x000037de                PROVIDE (__init_array_end, .)

.fini_array     0x000037de        0x0
                0x000037de                PROVIDE (__fini_array_start, .)
 *(.fini_array)
 *(SORT(.fini_array.*))
                0x000037de                PROVIDE (__fini_array_end, .)

.ctors
 *crtbegin.o(.ctors)
 *crtbegin?.o(.ctors)
 *(EXCLUDE_FILE(*crtend?.o *crtend.o) .ctors)
 *(SORT(.ctors.*))
 *(.ctors)

.dtors
 *crtbegin.o(.dtors)
 *crtbegin?.o(.dtors)
 *(EXCLUDE_FILE(*crtend?.o *crtend.o) .dtors)
 *(SORT(.dtors.*))
 *(.dtors)

.jcr
 *(.jcr)

.data.rel.ro
 *(.data.rel.ro.local* .gnu.linkonce.d.rel.ro.local.*)
 *(.data.rel.ro* .gnu.linkonce.d.rel.ro.*)

.dynamic
 *(.dynamic)

.got
 *(.got)
                0x000037de                . = (. DATA_SEGMENT_RELRO_END 0xc)

.got.plt
 *(.got.plt)

.data           0x000037e0      0x22a
 *(.data .data.* .gnu.linkonce.d.*)
 .data          0x000037e0        0x1 target/kernel/kernel.o
 *fill*         0x000037e1        0x3 00
 .data          0x000037e4        0x0 target/kernel/main.o
 *fill*         0x000037e4       0x1c 00
 .data          0x00003800      0x18c target/kernel/protect.o
                0x00003800                s_initGateInfos
 .data          0x0000398c        0x4 target/kernel/init_c.o
 *fill*         0x00003990       0x10 00
 .data          0x000039a0       0x44 target/kernel/exception.o
 .data          0x000039e4        0x0 target/kernel/panic.o
 .data          0x000039e4        0x4 target/kernel/i8259.o
 .data          0x000039e8        0x0 target/kernel/clock.o
 .data          0x000039e8        0x0 target/lib/ansi/memcmp.o
 .data          0x000039e8        0x0 target/lib/ansi/cstring.o
 .data          0x000039e8       0x22 target/lib/stdio/printf.o
 *(.gnu.linkonce.d.*personality*)

.data1
 *(.data1)
                0x00003a0a                _edata = .
                0x00003a0a                PROVIDE (edata, .)
                0x00003a0a                __bss_start = .

.bss            0x00003a20      0xe68
 *(.dynbss)
 *(.bss .bss.* .gnu.linkonce.b.*)
 .bss           0x00003a20      0x800 target/kernel/kernel.o
                0x00004220                STACK_TOP
 .bss           0x00004220        0x0 target/kernel/main.o
 .bss           0x00004220      0x4a8 target/kernel/protect.o
 .bss           0x000046c8        0x0 target/kernel/init_c.o
 .bss           0x000046c8        0x0 target/kernel/exception.o
 .bss           0x000046c8        0x0 target/kernel/panic.o
 .bss           0x000046c8        0x0 target/kernel/i8259.o
 .bss           0x000046c8        0x0 target/kernel/clock.o
 .bss           0x000046c8        0x0 target/lib/ansi/memcmp.o
 .bss           0x000046c8        0x0 target/lib/ansi/cstring.o
 *fill*         0x000046c8       0x18 00
 .bss           0x000046e0       0xa0 target/lib/stdio/printf.o
 *(COMMON)
 COMMON         0x00004780      0x108 target/kernel/main.o
                0x00004780                gp_curProc
                0x00004784                kernel_reenter
                0x000047a0                g_tss
                0x00004808                gp_bootParam
                0x0000480c                gp_idt
                0x00004814                g_dispPosition
                0x00004818                gp_gdt
                0x00004820                g_kernelMap
                0x00004840                g_irqHandlers
                0x00004880                g_gdt
                0x00004888                . = ALIGN ((. != 0x0)?0x4:0x1)
                0x00004888                . = ALIGN (0x4)
                0x00004888                . = ALIGN (0x4)
                0x00004888                _end = .
                0x00004888                PROVIDE (end, .)
                0x00004888                . = DATA_SEGMENT_END (.)

.stab
 *(.stab)

.stabstr
 *(.stabstr)

.stab.excl
 *(.stab.excl)

.stab.exclstr
 *(.stab.exclstr)

.stab.index
 *(.stab.index)

.stab.indexstr
 *(.stab.indexstr)

.comment        0x00000000      0x229
 *(.comment)
 .comment       0x00000000       0x1f target/kernel/kernel.o
 .comment       0x0000001f       0x2e target/kernel/main.o
 .comment       0x0000004d       0x1f target/kernel/kernel_i386lib.o
 .comment       0x0000006c       0x2e target/kernel/protect.o
 .comment       0x0000009a       0x2e target/kernel/init_c.o
 .comment       0x000000c8       0x2e target/kernel/exception.o
 .comment       0x000000f6       0x2e target/kernel/panic.o
 .comment       0x00000124       0x2e target/kernel/i8259.o
 .comment       0x00000152       0x2e target/kernel/clock.o
 .comment       0x00000180       0x1f target/lib/ansi/string.o
 .comment       0x0000019f       0x2e target/lib/ansi/memcmp.o
 .comment       0x000001cd       0x2e target/lib/ansi/cstring.o
 .comment       0x000001fb       0x2e target/lib/stdio/printf.o

.debug
 *(.debug)

.line
 *(.line)

.debug_srcinfo
 *(.debug_srcinfo)

.debug_sfnames
 *(.debug_sfnames)

.debug_aranges
 *(.debug_aranges)

.debug_pubnames
 *(.debug_pubnames)

.debug_info
 *(.debug_info .gnu.linkonce.wi.*)

.debug_abbrev
 *(.debug_abbrev)

.debug_line
 *(.debug_line)

.debug_frame
 *(.debug_frame)

.debug_str
 *(.debug_str)

.debug_loc
 *(.debug_loc)

.debug_macinfo
 *(.debug_macinfo)

.debug_weaknames
 *(.debug_weaknames)

.debug_funcnames
 *(.debug_funcnames)

.debug_typenames
 *(.debug_typenames)

.debug_varnames
 *(.debug_varnames)

.debug_pubtypes
 *(.debug_pubtypes)

.debug_ranges
 *(.debug_ranges)

/DISCARD/
 *(.note.GNU-stack)
OUTPUT(target/kernel/kernel.bin elf32-i386)
